ARM GAS  C:\Users\r\AppData\Local\Temp\ccebSOvM.s 			page 1


   1              		.syntax unified
   2              		.cpu cortex-m3
   3              		.fpu softvfp
   4              		.eabi_attribute 20, 1
   5              		.eabi_attribute 21, 1
   6              		.eabi_attribute 23, 3
   7              		.eabi_attribute 24, 1
   8              		.eabi_attribute 25, 1
   9              		.eabi_attribute 26, 1
  10              		.eabi_attribute 30, 6
  11              		.eabi_attribute 34, 1
  12              		.eabi_attribute 18, 4
  13              		.thumb
  14              		.syntax unified
  15              		.file	"Cm3Start.c"
  16              		.text
  17              	.Ltext0:
  18              		.cfi_sections	.debug_frame
  19              		.section	.noinit,"aw",%progbits
  20              		.align	2
  21              		.type	cySysNoInitDataValid, %object
  22              		.size	cySysNoInitDataValid, 4
  23              	cySysNoInitDataValid:
  24 0000 00000000 		.space	4
  25              		.global	CyRamVectors
  26              		.section	.ramvectors,"aw",%progbits
  27              		.align	8
  28              		.type	CyRamVectors, %object
  29              		.size	CyRamVectors, 192
  30              	CyRamVectors:
  31 0000 00000000 		.space	192
  31      00000000 
  31      00000000 
  31      00000000 
  31      00000000 
  32              		.section	.text.IntDefaultHandler,"ax",%progbits
  33              		.align	2
  34              		.global	IntDefaultHandler
  35              		.thumb
  36              		.thumb_func
  37              		.type	IntDefaultHandler, %function
  38              	IntDefaultHandler:
  39              	.LFB0:
  40              		.file 1 "Generated_Source\\PSoC5\\Cm3Start.c"
   1:Generated_Source\PSoC5/Cm3Start.c **** /***************************************************************************//**
   2:Generated_Source\PSoC5/Cm3Start.c **** * \file Cm3Start.c
   3:Generated_Source\PSoC5/Cm3Start.c **** * \version 5.80
   4:Generated_Source\PSoC5/Cm3Start.c **** *
   5:Generated_Source\PSoC5/Cm3Start.c **** *  \brief
   6:Generated_Source\PSoC5/Cm3Start.c **** *  Startup code for the ARM CM3.
   7:Generated_Source\PSoC5/Cm3Start.c **** *
   8:Generated_Source\PSoC5/Cm3Start.c **** ********************************************************************************
   9:Generated_Source\PSoC5/Cm3Start.c **** * \copyright
  10:Generated_Source\PSoC5/Cm3Start.c **** * Copyright 2008-2018, Cypress Semiconductor Corporation. All rights reserved.
  11:Generated_Source\PSoC5/Cm3Start.c **** * You may use this file only in accordance with the license, terms, conditions,
  12:Generated_Source\PSoC5/Cm3Start.c **** * disclaimers, and limitations in the end user license agreement accompanying
  13:Generated_Source\PSoC5/Cm3Start.c **** * the software package with which this file was provided.
ARM GAS  C:\Users\r\AppData\Local\Temp\ccebSOvM.s 			page 2


  14:Generated_Source\PSoC5/Cm3Start.c **** *******************************************************************************/
  15:Generated_Source\PSoC5/Cm3Start.c **** 
  16:Generated_Source\PSoC5/Cm3Start.c **** #include <limits.h>
  17:Generated_Source\PSoC5/Cm3Start.c **** #include "cydevice_trm.h"
  18:Generated_Source\PSoC5/Cm3Start.c **** #include "cytypes.h"
  19:Generated_Source\PSoC5/Cm3Start.c **** #include "cyfitter_cfg.h"
  20:Generated_Source\PSoC5/Cm3Start.c **** #include "CyLib.h"
  21:Generated_Source\PSoC5/Cm3Start.c **** #include "CyDmac.h"
  22:Generated_Source\PSoC5/Cm3Start.c **** #include "cyfitter.h"
  23:Generated_Source\PSoC5/Cm3Start.c **** 
  24:Generated_Source\PSoC5/Cm3Start.c **** 
  25:Generated_Source\PSoC5/Cm3Start.c **** #define CY_NUM_INTERRUPTS           (32u)
  26:Generated_Source\PSoC5/Cm3Start.c **** #define CY_NUM_VECTORS              (CYINT_IRQ_BASE + CY_NUM_INTERRUPTS)
  27:Generated_Source\PSoC5/Cm3Start.c **** #define CY_NUM_ROM_VECTORS          (4u)
  28:Generated_Source\PSoC5/Cm3Start.c **** #define CY_NVIC_APINT_PTR           ((reg32 *) CYREG_NVIC_APPLN_INTR)
  29:Generated_Source\PSoC5/Cm3Start.c **** #define CY_NVIC_CFG_CTRL_PTR        ((reg32 *) CYREG_NVIC_CFG_CONTROL)
  30:Generated_Source\PSoC5/Cm3Start.c **** #define CY_NVIC_APINT_PRIGROUP_3_5  (0x00000400u)  /* Priority group 3.5 split */
  31:Generated_Source\PSoC5/Cm3Start.c **** #define CY_NVIC_APINT_VECTKEY       (0x05FA0000u)  /* This key is required in order to write the NV
  32:Generated_Source\PSoC5/Cm3Start.c **** #define CY_NVIC_CFG_STACKALIGN      (0x00000200u)  /* This specifies that the exception stack must 
  33:Generated_Source\PSoC5/Cm3Start.c **** 
  34:Generated_Source\PSoC5/Cm3Start.c **** #if defined(__ARMCC_VERSION)
  35:Generated_Source\PSoC5/Cm3Start.c ****     #define INITIAL_STACK_POINTER ((cyisraddress)(uint32)&Image$$ARM_LIB_STACK$$ZI$$Limit)
  36:Generated_Source\PSoC5/Cm3Start.c **** #elif defined (__GNUC__)
  37:Generated_Source\PSoC5/Cm3Start.c ****     #define INITIAL_STACK_POINTER (&__cy_stack)
  38:Generated_Source\PSoC5/Cm3Start.c **** #elif defined (__ICCARM__)
  39:Generated_Source\PSoC5/Cm3Start.c ****     #pragma language=extended
  40:Generated_Source\PSoC5/Cm3Start.c ****     #pragma segment="CSTACK"
  41:Generated_Source\PSoC5/Cm3Start.c ****     #define INITIAL_STACK_POINTER  { .__ptr = __sfe( "CSTACK" ) }
  42:Generated_Source\PSoC5/Cm3Start.c **** 
  43:Generated_Source\PSoC5/Cm3Start.c ****     extern void __iar_program_start( void );
  44:Generated_Source\PSoC5/Cm3Start.c ****     extern void __iar_data_init3 (void);
  45:Generated_Source\PSoC5/Cm3Start.c **** #endif  /* (__ARMCC_VERSION) */
  46:Generated_Source\PSoC5/Cm3Start.c **** 
  47:Generated_Source\PSoC5/Cm3Start.c **** #if defined(__GNUC__)
  48:Generated_Source\PSoC5/Cm3Start.c ****     #include <errno.h>
  49:Generated_Source\PSoC5/Cm3Start.c ****     extern int  end;
  50:Generated_Source\PSoC5/Cm3Start.c **** #endif  /* defined(__GNUC__) */
  51:Generated_Source\PSoC5/Cm3Start.c **** 
  52:Generated_Source\PSoC5/Cm3Start.c **** /* Extern functions */
  53:Generated_Source\PSoC5/Cm3Start.c **** extern void CyBtldr_CheckLaunch(void);
  54:Generated_Source\PSoC5/Cm3Start.c **** 
  55:Generated_Source\PSoC5/Cm3Start.c **** /* Function prototypes */
  56:Generated_Source\PSoC5/Cm3Start.c **** void initialize_psoc(void);
  57:Generated_Source\PSoC5/Cm3Start.c **** CY_ISR(IntDefaultHandler);
  58:Generated_Source\PSoC5/Cm3Start.c **** void Reset(void);
  59:Generated_Source\PSoC5/Cm3Start.c **** 
  60:Generated_Source\PSoC5/Cm3Start.c **** /* Global variables */
  61:Generated_Source\PSoC5/Cm3Start.c **** #if !defined (__ICCARM__)
  62:Generated_Source\PSoC5/Cm3Start.c ****     CY_NOINIT static uint32 cySysNoInitDataValid;
  63:Generated_Source\PSoC5/Cm3Start.c **** #endif  /* !defined (__ICCARM__) */
  64:Generated_Source\PSoC5/Cm3Start.c **** 
  65:Generated_Source\PSoC5/Cm3Start.c **** 
  66:Generated_Source\PSoC5/Cm3Start.c **** /*******************************************************************************
  67:Generated_Source\PSoC5/Cm3Start.c **** * Default Ram Interrupt Vector table storage area. Must be 256-byte aligned.
  68:Generated_Source\PSoC5/Cm3Start.c **** *******************************************************************************/
  69:Generated_Source\PSoC5/Cm3Start.c **** #if defined (__ICCARM__)
  70:Generated_Source\PSoC5/Cm3Start.c ****     #pragma location=".ramvectors"
ARM GAS  C:\Users\r\AppData\Local\Temp\ccebSOvM.s 			page 3


  71:Generated_Source\PSoC5/Cm3Start.c ****     #pragma data_alignment=256
  72:Generated_Source\PSoC5/Cm3Start.c **** #else
  73:Generated_Source\PSoC5/Cm3Start.c ****     CY_SECTION(".ramvectors")
  74:Generated_Source\PSoC5/Cm3Start.c ****     CY_ALIGN(256)
  75:Generated_Source\PSoC5/Cm3Start.c **** #endif  /* defined (__ICCARM__) */
  76:Generated_Source\PSoC5/Cm3Start.c **** cyisraddress CyRamVectors[CY_NUM_VECTORS];
  77:Generated_Source\PSoC5/Cm3Start.c **** 
  78:Generated_Source\PSoC5/Cm3Start.c **** 
  79:Generated_Source\PSoC5/Cm3Start.c **** /*******************************************************************************
  80:Generated_Source\PSoC5/Cm3Start.c **** * Function Name: IntDefaultHandler
  81:Generated_Source\PSoC5/Cm3Start.c **** ****************************************************************************//**
  82:Generated_Source\PSoC5/Cm3Start.c **** *
  83:Generated_Source\PSoC5/Cm3Start.c **** *  This function is called for all interrupts, other than a reset that gets
  84:Generated_Source\PSoC5/Cm3Start.c **** *  called before the system is setup.
  85:Generated_Source\PSoC5/Cm3Start.c **** *
  86:Generated_Source\PSoC5/Cm3Start.c **** * Theory:
  87:Generated_Source\PSoC5/Cm3Start.c **** *  Any value other than zero is acceptable.
  88:Generated_Source\PSoC5/Cm3Start.c **** *
  89:Generated_Source\PSoC5/Cm3Start.c **** *******************************************************************************/
  90:Generated_Source\PSoC5/Cm3Start.c **** CY_ISR(IntDefaultHandler)
  91:Generated_Source\PSoC5/Cm3Start.c **** {
  41              		.loc 1 91 0
  42              		.cfi_startproc
  43              		@ args = 0, pretend = 0, frame = 0
  44              		@ frame_needed = 1, uses_anonymous_args = 0
  45 0000 80B5     		push	{r7, lr}
  46              		.cfi_def_cfa_offset 8
  47              		.cfi_offset 7, -8
  48              		.cfi_offset 14, -4
  49 0002 00AF     		add	r7, sp, #0
  50              		.cfi_def_cfa_register 7
  92:Generated_Source\PSoC5/Cm3Start.c ****     /***************************************************************************
  93:Generated_Source\PSoC5/Cm3Start.c ****     * We must not get here. If we do, a serious problem occurs, so go into
  94:Generated_Source\PSoC5/Cm3Start.c ****     * an infinite loop.
  95:Generated_Source\PSoC5/Cm3Start.c ****     ***************************************************************************/
  96:Generated_Source\PSoC5/Cm3Start.c **** 
  97:Generated_Source\PSoC5/Cm3Start.c ****     #if defined(__GNUC__)
  98:Generated_Source\PSoC5/Cm3Start.c ****         if (errno == ENOMEM)
  51              		.loc 1 98 0
  52 0004 FFF7FEFF 		bl	__errno
  53 0008 0346     		mov	r3, r0
  54 000a 1B68     		ldr	r3, [r3]
  55 000c 0C2B     		cmp	r3, #12
  56 000e 00D1     		bne	.L2
  57              	.L3:
  99:Generated_Source\PSoC5/Cm3Start.c ****         {
 100:Generated_Source\PSoC5/Cm3Start.c ****             #ifdef CY_BOOT_INT_DEFAULT_HANDLER_ENOMEM_EXCEPTION_CALLBACK
 101:Generated_Source\PSoC5/Cm3Start.c ****                 CyBoot_IntDefaultHandler_Enomem_Exception_Callback();
 102:Generated_Source\PSoC5/Cm3Start.c ****             #endif /* CY_BOOT_INT_DEFAULT_HANDLER_ENOMEM_EXCEPTION_CALLBACK */
 103:Generated_Source\PSoC5/Cm3Start.c ****             
 104:Generated_Source\PSoC5/Cm3Start.c ****             while(1)
 105:Generated_Source\PSoC5/Cm3Start.c ****             {
 106:Generated_Source\PSoC5/Cm3Start.c ****                 /* Out Of Heap Space
 107:Generated_Source\PSoC5/Cm3Start.c ****                  * This can be increased in the System tab of the Design Wide Resources.
 108:Generated_Source\PSoC5/Cm3Start.c ****                  */
 109:Generated_Source\PSoC5/Cm3Start.c ****             }
  58              		.loc 1 109 0 discriminator 1
ARM GAS  C:\Users\r\AppData\Local\Temp\ccebSOvM.s 			page 4


  59 0010 FEE7     		b	.L3
  60              	.L2:
 110:Generated_Source\PSoC5/Cm3Start.c ****         }
 111:Generated_Source\PSoC5/Cm3Start.c ****         else
 112:Generated_Source\PSoC5/Cm3Start.c ****     #endif
 113:Generated_Source\PSoC5/Cm3Start.c ****         {
 114:Generated_Source\PSoC5/Cm3Start.c ****             #ifdef CY_BOOT_INT_DEFAULT_HANDLER_EXCEPTION_ENTRY_CALLBACK
 115:Generated_Source\PSoC5/Cm3Start.c ****                 CyBoot_IntDefaultHandler_Exception_EntryCallback();
 116:Generated_Source\PSoC5/Cm3Start.c ****             #endif /* CY_BOOT_INT_DEFAULT_HANDLER_EXCEPTION_ENTRY_CALLBACK */
 117:Generated_Source\PSoC5/Cm3Start.c **** 
 118:Generated_Source\PSoC5/Cm3Start.c ****             while(1)
 119:Generated_Source\PSoC5/Cm3Start.c ****             {
 120:Generated_Source\PSoC5/Cm3Start.c **** 
 121:Generated_Source\PSoC5/Cm3Start.c ****             }
  61              		.loc 1 121 0 discriminator 2
  62 0012 FEE7     		b	.L2
  63              		.cfi_endproc
  64              	.LFE0:
  65              		.size	IntDefaultHandler, .-IntDefaultHandler
  66              		.section	.text._exit,"ax",%progbits
  67              		.align	2
  68              		.weak	_exit
  69              		.thumb
  70              		.thumb_func
  71              		.type	_exit, %function
  72              	_exit:
  73              	.LFB1:
 122:Generated_Source\PSoC5/Cm3Start.c ****         }
 123:Generated_Source\PSoC5/Cm3Start.c **** }
 124:Generated_Source\PSoC5/Cm3Start.c **** 
 125:Generated_Source\PSoC5/Cm3Start.c **** 
 126:Generated_Source\PSoC5/Cm3Start.c **** #if defined(__ARMCC_VERSION)
 127:Generated_Source\PSoC5/Cm3Start.c **** 
 128:Generated_Source\PSoC5/Cm3Start.c **** /* Local function for device reset. */
 129:Generated_Source\PSoC5/Cm3Start.c **** extern void Reset(void);
 130:Generated_Source\PSoC5/Cm3Start.c **** 
 131:Generated_Source\PSoC5/Cm3Start.c **** /* Application entry point. */
 132:Generated_Source\PSoC5/Cm3Start.c **** extern void $Super$$main(void);
 133:Generated_Source\PSoC5/Cm3Start.c **** 
 134:Generated_Source\PSoC5/Cm3Start.c **** /* Linker-generated Stack Base addresses, Two Region and One Region */
 135:Generated_Source\PSoC5/Cm3Start.c **** extern uint32 Image$$ARM_LIB_STACK$$ZI$$Limit;
 136:Generated_Source\PSoC5/Cm3Start.c **** 
 137:Generated_Source\PSoC5/Cm3Start.c **** /* RealView C Library initialization. */
 138:Generated_Source\PSoC5/Cm3Start.c **** extern int __main(void);
 139:Generated_Source\PSoC5/Cm3Start.c **** 
 140:Generated_Source\PSoC5/Cm3Start.c **** 
 141:Generated_Source\PSoC5/Cm3Start.c **** /*******************************************************************************
 142:Generated_Source\PSoC5/Cm3Start.c **** * Function Name: Reset
 143:Generated_Source\PSoC5/Cm3Start.c **** ****************************************************************************//**
 144:Generated_Source\PSoC5/Cm3Start.c **** *
 145:Generated_Source\PSoC5/Cm3Start.c **** *  This function handles the reset interrupt for the RVDS/MDK toolchains.
 146:Generated_Source\PSoC5/Cm3Start.c **** *  This is the first bit of code that is executed at startup.
 147:Generated_Source\PSoC5/Cm3Start.c **** *
 148:Generated_Source\PSoC5/Cm3Start.c **** *******************************************************************************/
 149:Generated_Source\PSoC5/Cm3Start.c **** void Reset(void)
 150:Generated_Source\PSoC5/Cm3Start.c **** {
 151:Generated_Source\PSoC5/Cm3Start.c ****     #if(CYDEV_PROJ_TYPE != CYDEV_PROJ_TYPE_LOADABLE && CYDEV_PROJ_TYPE != CYDEV_PROJ_TYPE_LOADABLEA
ARM GAS  C:\Users\r\AppData\Local\Temp\ccebSOvM.s 			page 5


 152:Generated_Source\PSoC5/Cm3Start.c **** 
 153:Generated_Source\PSoC5/Cm3Start.c ****         /* For PSoC 5LP, debugging is enabled by default */
 154:Generated_Source\PSoC5/Cm3Start.c ****         #if(CYDEV_DEBUGGING_ENABLE == 0)
 155:Generated_Source\PSoC5/Cm3Start.c ****             *(reg32 *)(CYDEV_DEBUG_ENABLE_REGISTER) |= CYDEV_DEBUG_ENABLE_MASK;
 156:Generated_Source\PSoC5/Cm3Start.c ****         #endif /* (CYDEV_DEBUGGING_ENABLE) */
 157:Generated_Source\PSoC5/Cm3Start.c **** 
 158:Generated_Source\PSoC5/Cm3Start.c ****         /* Reset Status Register has Read-to-clear SW access mode.
 159:Generated_Source\PSoC5/Cm3Start.c ****         * Preserve current RESET_SR0 state to make it available for next reading.
 160:Generated_Source\PSoC5/Cm3Start.c ****         */
 161:Generated_Source\PSoC5/Cm3Start.c ****         *(reg32 *)(CYREG_PHUB_CFGMEM23_CFG1) = *(reg32 *)(CYREG_RESET_SR0);
 162:Generated_Source\PSoC5/Cm3Start.c **** 
 163:Generated_Source\PSoC5/Cm3Start.c ****     #endif  /* (CYDEV_PROJ_TYPE != CYDEV_PROJ_TYPE_LOADABLE && CYDEV_PROJ_TYPE != CYDEV_PROJ_TYPE_L
 164:Generated_Source\PSoC5/Cm3Start.c **** 
 165:Generated_Source\PSoC5/Cm3Start.c ****     #if ((CYDEV_BOOTLOADER_ENABLE) && (CYDEV_PROJ_TYPE != CYDEV_PROJ_TYPE_LOADABLEANDBOOTLOADER))
 166:Generated_Source\PSoC5/Cm3Start.c ****         CyBtldr_CheckLaunch();
 167:Generated_Source\PSoC5/Cm3Start.c ****     #endif /* ((CYDEV_BOOTLOADER_ENABLE) && (CYDEV_PROJ_TYPE != CYDEV_PROJ_TYPE_LOADABLEANDBOOTLOAD
 168:Generated_Source\PSoC5/Cm3Start.c **** 
 169:Generated_Source\PSoC5/Cm3Start.c ****     __main();
 170:Generated_Source\PSoC5/Cm3Start.c **** }
 171:Generated_Source\PSoC5/Cm3Start.c **** 
 172:Generated_Source\PSoC5/Cm3Start.c **** 
 173:Generated_Source\PSoC5/Cm3Start.c **** /*******************************************************************************
 174:Generated_Source\PSoC5/Cm3Start.c **** * Function Name: $Sub$$main
 175:Generated_Source\PSoC5/Cm3Start.c **** ****************************************************************************//**
 176:Generated_Source\PSoC5/Cm3Start.c **** *
 177:Generated_Source\PSoC5/Cm3Start.c **** *  This function is called immediately before the users main
 178:Generated_Source\PSoC5/Cm3Start.c **** *
 179:Generated_Source\PSoC5/Cm3Start.c **** *******************************************************************************/
 180:Generated_Source\PSoC5/Cm3Start.c **** void $Sub$$main(void)
 181:Generated_Source\PSoC5/Cm3Start.c **** {
 182:Generated_Source\PSoC5/Cm3Start.c ****     initialize_psoc();
 183:Generated_Source\PSoC5/Cm3Start.c **** 
 184:Generated_Source\PSoC5/Cm3Start.c ****     /* Call original main */
 185:Generated_Source\PSoC5/Cm3Start.c ****     $Super$$main();
 186:Generated_Source\PSoC5/Cm3Start.c **** 
 187:Generated_Source\PSoC5/Cm3Start.c ****     while (1)
 188:Generated_Source\PSoC5/Cm3Start.c ****     {
 189:Generated_Source\PSoC5/Cm3Start.c ****         /* If main returns, it is undefined what we should do. */
 190:Generated_Source\PSoC5/Cm3Start.c ****     }
 191:Generated_Source\PSoC5/Cm3Start.c **** }
 192:Generated_Source\PSoC5/Cm3Start.c **** 
 193:Generated_Source\PSoC5/Cm3Start.c **** #elif defined(__GNUC__)
 194:Generated_Source\PSoC5/Cm3Start.c **** 
 195:Generated_Source\PSoC5/Cm3Start.c **** void Start_c(void);
 196:Generated_Source\PSoC5/Cm3Start.c **** 
 197:Generated_Source\PSoC5/Cm3Start.c **** /* Stack Base address */
 198:Generated_Source\PSoC5/Cm3Start.c **** extern void __cy_stack(void);
 199:Generated_Source\PSoC5/Cm3Start.c **** 
 200:Generated_Source\PSoC5/Cm3Start.c **** /* Application entry point. */
 201:Generated_Source\PSoC5/Cm3Start.c **** extern int main(void);
 202:Generated_Source\PSoC5/Cm3Start.c **** 
 203:Generated_Source\PSoC5/Cm3Start.c **** /* Static objects constructors initializer */
 204:Generated_Source\PSoC5/Cm3Start.c **** extern void __libc_init_array(void);
 205:Generated_Source\PSoC5/Cm3Start.c **** 
 206:Generated_Source\PSoC5/Cm3Start.c **** typedef unsigned char __cy_byte_align8 __attribute ((aligned (8)));
 207:Generated_Source\PSoC5/Cm3Start.c **** 
 208:Generated_Source\PSoC5/Cm3Start.c **** struct __cy_region
ARM GAS  C:\Users\r\AppData\Local\Temp\ccebSOvM.s 			page 6


 209:Generated_Source\PSoC5/Cm3Start.c **** {
 210:Generated_Source\PSoC5/Cm3Start.c ****     __cy_byte_align8 *init; /* Initial contents of this region.  */
 211:Generated_Source\PSoC5/Cm3Start.c ****     __cy_byte_align8 *data; /* Start address of region.  */
 212:Generated_Source\PSoC5/Cm3Start.c ****     size_t init_size;       /* Size of initial data.  */
 213:Generated_Source\PSoC5/Cm3Start.c ****     size_t zero_size;       /* Additional size to be zeroed.  */
 214:Generated_Source\PSoC5/Cm3Start.c **** };
 215:Generated_Source\PSoC5/Cm3Start.c **** 
 216:Generated_Source\PSoC5/Cm3Start.c **** extern const struct __cy_region __cy_regions[];
 217:Generated_Source\PSoC5/Cm3Start.c **** extern const char __cy_region_num __attribute__((weak));
 218:Generated_Source\PSoC5/Cm3Start.c **** #define __cy_region_num ((size_t)&__cy_region_num)
 219:Generated_Source\PSoC5/Cm3Start.c **** 
 220:Generated_Source\PSoC5/Cm3Start.c **** 
 221:Generated_Source\PSoC5/Cm3Start.c **** /*******************************************************************************
 222:Generated_Source\PSoC5/Cm3Start.c **** * System Calls of the Red Hat newlib C Library
 223:Generated_Source\PSoC5/Cm3Start.c **** *******************************************************************************/
 224:Generated_Source\PSoC5/Cm3Start.c **** 
 225:Generated_Source\PSoC5/Cm3Start.c **** 
 226:Generated_Source\PSoC5/Cm3Start.c **** /*******************************************************************************
 227:Generated_Source\PSoC5/Cm3Start.c **** * Function Name: _exit
 228:Generated_Source\PSoC5/Cm3Start.c **** ****************************************************************************//**
 229:Generated_Source\PSoC5/Cm3Start.c **** *
 230:Generated_Source\PSoC5/Cm3Start.c **** *  Exit a program without cleaning up files. If your system doesn't provide
 231:Generated_Source\PSoC5/Cm3Start.c **** *  this, it is best to avoid linking with subroutines that require it (exit,
 232:Generated_Source\PSoC5/Cm3Start.c **** *  system).
 233:Generated_Source\PSoC5/Cm3Start.c **** *
 234:Generated_Source\PSoC5/Cm3Start.c **** *  \param status: Status caused program exit.
 235:Generated_Source\PSoC5/Cm3Start.c **** *
 236:Generated_Source\PSoC5/Cm3Start.c **** *******************************************************************************/
 237:Generated_Source\PSoC5/Cm3Start.c **** __attribute__((weak))
 238:Generated_Source\PSoC5/Cm3Start.c **** void _exit(int status)
 239:Generated_Source\PSoC5/Cm3Start.c **** {
  74              		.loc 1 239 0
  75              		.cfi_startproc
  76              		@ args = 0, pretend = 0, frame = 8
  77              		@ frame_needed = 1, uses_anonymous_args = 0
  78 0000 80B5     		push	{r7, lr}
  79              		.cfi_def_cfa_offset 8
  80              		.cfi_offset 7, -8
  81              		.cfi_offset 14, -4
  82 0002 82B0     		sub	sp, sp, #8
  83              		.cfi_def_cfa_offset 16
  84 0004 00AF     		add	r7, sp, #0
  85              		.cfi_def_cfa_register 7
  86 0006 7860     		str	r0, [r7, #4]
 240:Generated_Source\PSoC5/Cm3Start.c ****     CyHalt((uint8) status);
  87              		.loc 1 240 0
  88 0008 7B68     		ldr	r3, [r7, #4]
  89 000a DBB2     		uxtb	r3, r3
  90 000c 1846     		mov	r0, r3
  91 000e FFF7FEFF 		bl	CyHalt
  92              	.L5:
 241:Generated_Source\PSoC5/Cm3Start.c ****     while(1)
 242:Generated_Source\PSoC5/Cm3Start.c ****     {
 243:Generated_Source\PSoC5/Cm3Start.c **** 
 244:Generated_Source\PSoC5/Cm3Start.c ****     }
  93              		.loc 1 244 0 discriminator 1
  94 0012 FEE7     		b	.L5
ARM GAS  C:\Users\r\AppData\Local\Temp\ccebSOvM.s 			page 7


  95              		.cfi_endproc
  96              	.LFE1:
  97              		.size	_exit, .-_exit
  98              		.section	.text._sbrk,"ax",%progbits
  99              		.align	2
 100              		.weak	_sbrk
 101              		.thumb
 102              		.thumb_func
 103              		.type	_sbrk, %function
 104              	_sbrk:
 105              	.LFB2:
 245:Generated_Source\PSoC5/Cm3Start.c **** }
 246:Generated_Source\PSoC5/Cm3Start.c **** 
 247:Generated_Source\PSoC5/Cm3Start.c **** 
 248:Generated_Source\PSoC5/Cm3Start.c **** /*******************************************************************************
 249:Generated_Source\PSoC5/Cm3Start.c **** * Function Name: _sbrk
 250:Generated_Source\PSoC5/Cm3Start.c **** ****************************************************************************//**
 251:Generated_Source\PSoC5/Cm3Start.c **** *
 252:Generated_Source\PSoC5/Cm3Start.c **** *  Increase program data space. As malloc and related functions depend on this,
 253:Generated_Source\PSoC5/Cm3Start.c **** *  it is useful to have a working implementation. The following suffices for a
 254:Generated_Source\PSoC5/Cm3Start.c **** *  standalone system; it exploits the symbol end automatically defined by the
 255:Generated_Source\PSoC5/Cm3Start.c **** *  GNU linker.
 256:Generated_Source\PSoC5/Cm3Start.c **** *
 257:Generated_Source\PSoC5/Cm3Start.c **** *  \param nbytes: The number of bytes requested (if the parameter value is positive)
 258:Generated_Source\PSoC5/Cm3Start.c **** *  from the heap or returned back to the heap (if the parameter value is
 259:Generated_Source\PSoC5/Cm3Start.c **** *  negative).
 260:Generated_Source\PSoC5/Cm3Start.c **** *
 261:Generated_Source\PSoC5/Cm3Start.c **** *******************************************************************************/
 262:Generated_Source\PSoC5/Cm3Start.c **** __attribute__((weak))
 263:Generated_Source\PSoC5/Cm3Start.c **** void * _sbrk (int nbytes)
 264:Generated_Source\PSoC5/Cm3Start.c **** {
 106              		.loc 1 264 0
 107              		.cfi_startproc
 108              		@ args = 0, pretend = 0, frame = 16
 109              		@ frame_needed = 1, uses_anonymous_args = 0
 110 0000 80B5     		push	{r7, lr}
 111              		.cfi_def_cfa_offset 8
 112              		.cfi_offset 7, -8
 113              		.cfi_offset 14, -4
 114 0002 84B0     		sub	sp, sp, #16
 115              		.cfi_def_cfa_offset 24
 116 0004 00AF     		add	r7, sp, #0
 117              		.cfi_def_cfa_register 7
 118 0006 7860     		str	r0, [r7, #4]
 265:Generated_Source\PSoC5/Cm3Start.c ****     extern int  end;            /* Symbol defined by linker map. Start of free memory (as symbol). 
 266:Generated_Source\PSoC5/Cm3Start.c ****     void *      returnValue;
 267:Generated_Source\PSoC5/Cm3Start.c **** 
 268:Generated_Source\PSoC5/Cm3Start.c ****     /* The statically held previous end of the heap, with its initialization. */
 269:Generated_Source\PSoC5/Cm3Start.c ****     static uint8 *heapPointer = (uint8 *) &end;                 /* Previous end */
 270:Generated_Source\PSoC5/Cm3Start.c **** 
 271:Generated_Source\PSoC5/Cm3Start.c ****     if (((heapPointer + nbytes) - (uint8 *) &end) <= CYDEV_HEAP_SIZE)
 119              		.loc 1 271 0
 120 0008 104B     		ldr	r3, .L10
 121 000a 1A68     		ldr	r2, [r3]
 122 000c 7B68     		ldr	r3, [r7, #4]
 123 000e 1344     		add	r3, r3, r2
 124 0010 1A46     		mov	r2, r3
ARM GAS  C:\Users\r\AppData\Local\Temp\ccebSOvM.s 			page 8


 125 0012 0F4B     		ldr	r3, .L10+4
 126 0014 D31A     		subs	r3, r2, r3
 127 0016 B3F5806F 		cmp	r3, #1024
 128 001a 09DC     		bgt	.L7
 272:Generated_Source\PSoC5/Cm3Start.c ****     {
 273:Generated_Source\PSoC5/Cm3Start.c ****         returnValue  = (void *) heapPointer;
 129              		.loc 1 273 0
 130 001c 0B4B     		ldr	r3, .L10
 131 001e 1B68     		ldr	r3, [r3]
 132 0020 FB60     		str	r3, [r7, #12]
 274:Generated_Source\PSoC5/Cm3Start.c ****         heapPointer += nbytes;
 133              		.loc 1 274 0
 134 0022 0A4B     		ldr	r3, .L10
 135 0024 1A68     		ldr	r2, [r3]
 136 0026 7B68     		ldr	r3, [r7, #4]
 137 0028 1344     		add	r3, r3, r2
 138 002a 084A     		ldr	r2, .L10
 139 002c 1360     		str	r3, [r2]
 140 002e 07E0     		b	.L8
 141              	.L7:
 275:Generated_Source\PSoC5/Cm3Start.c ****     }
 276:Generated_Source\PSoC5/Cm3Start.c ****     else
 277:Generated_Source\PSoC5/Cm3Start.c ****     {
 278:Generated_Source\PSoC5/Cm3Start.c ****         errno = ENOMEM;
 142              		.loc 1 278 0
 143 0030 FFF7FEFF 		bl	__errno
 144 0034 0246     		mov	r2, r0
 145 0036 0C23     		movs	r3, #12
 146 0038 1360     		str	r3, [r2]
 279:Generated_Source\PSoC5/Cm3Start.c ****         returnValue = (void *) -1;
 147              		.loc 1 279 0
 148 003a 4FF0FF33 		mov	r3, #-1
 149 003e FB60     		str	r3, [r7, #12]
 150              	.L8:
 280:Generated_Source\PSoC5/Cm3Start.c ****     }
 281:Generated_Source\PSoC5/Cm3Start.c **** 
 282:Generated_Source\PSoC5/Cm3Start.c ****     return (returnValue);
 151              		.loc 1 282 0
 152 0040 FB68     		ldr	r3, [r7, #12]
 283:Generated_Source\PSoC5/Cm3Start.c **** }
 153              		.loc 1 283 0
 154 0042 1846     		mov	r0, r3
 155 0044 1037     		adds	r7, r7, #16
 156              		.cfi_def_cfa_offset 8
 157 0046 BD46     		mov	sp, r7
 158              		.cfi_def_cfa_register 13
 159              		@ sp needed
 160 0048 80BD     		pop	{r7, pc}
 161              	.L11:
 162 004a 00BF     		.align	2
 163              	.L10:
 164 004c 00000000 		.word	heapPointer.5077
 165 0050 00000000 		.word	end
 166              		.cfi_endproc
 167              	.LFE2:
 168              		.size	_sbrk, .-_sbrk
 169              		.section	.text.Reset,"ax",%progbits
ARM GAS  C:\Users\r\AppData\Local\Temp\ccebSOvM.s 			page 9


 170              		.align	2
 171              		.global	Reset
 172              		.thumb
 173              		.thumb_func
 174              		.type	Reset, %function
 175              	Reset:
 176              	.LFB3:
 284:Generated_Source\PSoC5/Cm3Start.c **** 
 285:Generated_Source\PSoC5/Cm3Start.c **** 
 286:Generated_Source\PSoC5/Cm3Start.c **** /*******************************************************************************
 287:Generated_Source\PSoC5/Cm3Start.c **** * Function Name: Reset
 288:Generated_Source\PSoC5/Cm3Start.c **** ****************************************************************************//**
 289:Generated_Source\PSoC5/Cm3Start.c **** *
 290:Generated_Source\PSoC5/Cm3Start.c **** *  This function handles the reset interrupt for the GCC toolchain. This is the
 291:Generated_Source\PSoC5/Cm3Start.c **** *  first bit of code that is executed at startup.
 292:Generated_Source\PSoC5/Cm3Start.c **** *
 293:Generated_Source\PSoC5/Cm3Start.c **** *******************************************************************************/
 294:Generated_Source\PSoC5/Cm3Start.c **** void Reset(void)
 295:Generated_Source\PSoC5/Cm3Start.c **** {
 177              		.loc 1 295 0
 178              		.cfi_startproc
 179              		@ args = 0, pretend = 0, frame = 0
 180              		@ frame_needed = 1, uses_anonymous_args = 0
 181 0000 80B5     		push	{r7, lr}
 182              		.cfi_def_cfa_offset 8
 183              		.cfi_offset 7, -8
 184              		.cfi_offset 14, -4
 185 0002 00AF     		add	r7, sp, #0
 186              		.cfi_def_cfa_register 7
 296:Generated_Source\PSoC5/Cm3Start.c ****     #if(CYDEV_PROJ_TYPE != CYDEV_PROJ_TYPE_LOADABLE && CYDEV_PROJ_TYPE != CYDEV_PROJ_TYPE_LOADABLEA
 297:Generated_Source\PSoC5/Cm3Start.c **** 
 298:Generated_Source\PSoC5/Cm3Start.c ****         /* For PSoC 5LP, debugging is enabled by default */
 299:Generated_Source\PSoC5/Cm3Start.c ****         #if(CYDEV_DEBUGGING_ENABLE == 0)
 300:Generated_Source\PSoC5/Cm3Start.c ****             *(reg32 *)(CYDEV_DEBUG_ENABLE_REGISTER) |= CYDEV_DEBUG_ENABLE_MASK;
 301:Generated_Source\PSoC5/Cm3Start.c ****         #endif /* (CYDEV_DEBUGGING_ENABLE) */
 302:Generated_Source\PSoC5/Cm3Start.c **** 
 303:Generated_Source\PSoC5/Cm3Start.c ****         /* Reset Status Register has Read-to-clear SW access mode.
 304:Generated_Source\PSoC5/Cm3Start.c ****         * Preserve current RESET_SR0 state to make it available for next reading.
 305:Generated_Source\PSoC5/Cm3Start.c ****         */
 306:Generated_Source\PSoC5/Cm3Start.c ****         *(reg32 *)(CYREG_PHUB_CFGMEM23_CFG1) = *(reg32 *)(CYREG_RESET_SR0);
 307:Generated_Source\PSoC5/Cm3Start.c **** 
 308:Generated_Source\PSoC5/Cm3Start.c ****     #endif  /* (CYDEV_PROJ_TYPE != CYDEV_PROJ_TYPE_LOADABLE && CYDEV_PROJ_TYPE != CYDEV_PROJ_TYPE_L
 309:Generated_Source\PSoC5/Cm3Start.c **** 
 310:Generated_Source\PSoC5/Cm3Start.c ****     #if ((CYDEV_BOOTLOADER_ENABLE) && (CYDEV_PROJ_TYPE != CYDEV_PROJ_TYPE_LOADABLEANDBOOTLOADER))
 311:Generated_Source\PSoC5/Cm3Start.c ****         CyBtldr_CheckLaunch();
 312:Generated_Source\PSoC5/Cm3Start.c ****     #endif /* ((CYDEV_BOOTLOADER_ENABLE) && (CYDEV_PROJ_TYPE != CYDEV_PROJ_TYPE_LOADABLEANDBOOTLOAD
 313:Generated_Source\PSoC5/Cm3Start.c **** 
 314:Generated_Source\PSoC5/Cm3Start.c ****     Start_c();
 187              		.loc 1 314 0
 188 0004 FFF7FEFF 		bl	Start_c
 189              		.cfi_endproc
 190              	.LFE3:
 191              		.size	Reset, .-Reset
 192              		.section	.text.Start_c,"ax",%progbits
 193              		.align	2
 194              		.global	Start_c
 195              		.thumb
ARM GAS  C:\Users\r\AppData\Local\Temp\ccebSOvM.s 			page 10


 196              		.thumb_func
 197              		.type	Start_c, %function
 198              	Start_c:
 199              	.LFB4:
 315:Generated_Source\PSoC5/Cm3Start.c **** }
 316:Generated_Source\PSoC5/Cm3Start.c **** 
 317:Generated_Source\PSoC5/Cm3Start.c **** 
 318:Generated_Source\PSoC5/Cm3Start.c **** /*******************************************************************************
 319:Generated_Source\PSoC5/Cm3Start.c **** * Function Name: Start_c
 320:Generated_Source\PSoC5/Cm3Start.c **** ****************************************************************************//**
 321:Generated_Source\PSoC5/Cm3Start.c **** *
 322:Generated_Source\PSoC5/Cm3Start.c **** *  This function handles initializing the .data and .bss sections in
 323:Generated_Source\PSoC5/Cm3Start.c **** *  preparation for running the standard C code.  Once initialization is complete
 324:Generated_Source\PSoC5/Cm3Start.c **** *  it will call main(). This function will never return.
 325:Generated_Source\PSoC5/Cm3Start.c **** *
 326:Generated_Source\PSoC5/Cm3Start.c **** *******************************************************************************/
 327:Generated_Source\PSoC5/Cm3Start.c **** void Start_c(void)  __attribute__ ((noreturn));
 328:Generated_Source\PSoC5/Cm3Start.c **** void Start_c(void)
 329:Generated_Source\PSoC5/Cm3Start.c **** {
 200              		.loc 1 329 0
 201              		.cfi_startproc
 202              		@ args = 0, pretend = 0, frame = 24
 203              		@ frame_needed = 1, uses_anonymous_args = 0
 204 0000 80B5     		push	{r7, lr}
 205              		.cfi_def_cfa_offset 8
 206              		.cfi_offset 7, -8
 207              		.cfi_offset 14, -4
 208 0002 86B0     		sub	sp, sp, #24
 209              		.cfi_def_cfa_offset 32
 210 0004 00AF     		add	r7, sp, #0
 211              		.cfi_def_cfa_register 7
 330:Generated_Source\PSoC5/Cm3Start.c ****     unsigned regions = __cy_region_num;
 212              		.loc 1 330 0
 213 0006 224B     		ldr	r3, .L21
 214 0008 7B61     		str	r3, [r7, #20]
 331:Generated_Source\PSoC5/Cm3Start.c ****     const struct __cy_region *rptr = __cy_regions;
 215              		.loc 1 331 0
 216 000a 224B     		ldr	r3, .L21+4
 217 000c 3B61     		str	r3, [r7, #16]
 332:Generated_Source\PSoC5/Cm3Start.c **** 
 333:Generated_Source\PSoC5/Cm3Start.c ****     /* Initialize memory */
 334:Generated_Source\PSoC5/Cm3Start.c ****     for (regions = __cy_region_num; regions != 0u; regions--)
 218              		.loc 1 334 0
 219 000e 204B     		ldr	r3, .L21
 220 0010 7B61     		str	r3, [r7, #20]
 221 0012 35E0     		b	.L14
 222              	.L19:
 223              	.LBB2:
 335:Generated_Source\PSoC5/Cm3Start.c ****     {
 336:Generated_Source\PSoC5/Cm3Start.c ****         uint32 *src = (uint32 *)rptr->init;
 224              		.loc 1 336 0
 225 0014 3B69     		ldr	r3, [r7, #16]
 226 0016 1B68     		ldr	r3, [r3]
 227 0018 FB60     		str	r3, [r7, #12]
 337:Generated_Source\PSoC5/Cm3Start.c ****         uint32 *dst = (uint32 *)rptr->data;
 228              		.loc 1 337 0
 229 001a 3B69     		ldr	r3, [r7, #16]
ARM GAS  C:\Users\r\AppData\Local\Temp\ccebSOvM.s 			page 11


 230 001c 5B68     		ldr	r3, [r3, #4]
 231 001e BB60     		str	r3, [r7, #8]
 338:Generated_Source\PSoC5/Cm3Start.c ****         unsigned limit = rptr->init_size;
 232              		.loc 1 338 0
 233 0020 3B69     		ldr	r3, [r7, #16]
 234 0022 9B68     		ldr	r3, [r3, #8]
 235 0024 3B60     		str	r3, [r7]
 339:Generated_Source\PSoC5/Cm3Start.c ****         unsigned count;
 340:Generated_Source\PSoC5/Cm3Start.c **** 
 341:Generated_Source\PSoC5/Cm3Start.c ****         for (count = 0u; count != limit; count += sizeof (uint32))
 236              		.loc 1 341 0
 237 0026 0023     		movs	r3, #0
 238 0028 7B60     		str	r3, [r7, #4]
 239 002a 0CE0     		b	.L15
 240              	.L16:
 342:Generated_Source\PSoC5/Cm3Start.c ****         {
 343:Generated_Source\PSoC5/Cm3Start.c ****             *dst = *src;
 241              		.loc 1 343 0 discriminator 3
 242 002c FB68     		ldr	r3, [r7, #12]
 243 002e 1A68     		ldr	r2, [r3]
 244 0030 BB68     		ldr	r3, [r7, #8]
 245 0032 1A60     		str	r2, [r3]
 344:Generated_Source\PSoC5/Cm3Start.c ****             dst++;
 246              		.loc 1 344 0 discriminator 3
 247 0034 BB68     		ldr	r3, [r7, #8]
 248 0036 0433     		adds	r3, r3, #4
 249 0038 BB60     		str	r3, [r7, #8]
 345:Generated_Source\PSoC5/Cm3Start.c ****             src++;
 250              		.loc 1 345 0 discriminator 3
 251 003a FB68     		ldr	r3, [r7, #12]
 252 003c 0433     		adds	r3, r3, #4
 253 003e FB60     		str	r3, [r7, #12]
 341:Generated_Source\PSoC5/Cm3Start.c ****         {
 254              		.loc 1 341 0 discriminator 3
 255 0040 7B68     		ldr	r3, [r7, #4]
 256 0042 0433     		adds	r3, r3, #4
 257 0044 7B60     		str	r3, [r7, #4]
 258              	.L15:
 341:Generated_Source\PSoC5/Cm3Start.c ****         {
 259              		.loc 1 341 0 is_stmt 0 discriminator 1
 260 0046 7A68     		ldr	r2, [r7, #4]
 261 0048 3B68     		ldr	r3, [r7]
 262 004a 9A42     		cmp	r2, r3
 263 004c EED1     		bne	.L16
 346:Generated_Source\PSoC5/Cm3Start.c ****         }
 347:Generated_Source\PSoC5/Cm3Start.c ****         limit = rptr->zero_size;
 264              		.loc 1 347 0 is_stmt 1
 265 004e 3B69     		ldr	r3, [r7, #16]
 266 0050 DB68     		ldr	r3, [r3, #12]
 267 0052 3B60     		str	r3, [r7]
 348:Generated_Source\PSoC5/Cm3Start.c ****         for (count = 0u; count != limit; count += sizeof (uint32))
 268              		.loc 1 348 0
 269 0054 0023     		movs	r3, #0
 270 0056 7B60     		str	r3, [r7, #4]
 271 0058 08E0     		b	.L17
 272              	.L18:
 349:Generated_Source\PSoC5/Cm3Start.c ****         {
ARM GAS  C:\Users\r\AppData\Local\Temp\ccebSOvM.s 			page 12


 350:Generated_Source\PSoC5/Cm3Start.c ****             *dst = 0u;
 273              		.loc 1 350 0 discriminator 3
 274 005a BB68     		ldr	r3, [r7, #8]
 275 005c 0022     		movs	r2, #0
 276 005e 1A60     		str	r2, [r3]
 351:Generated_Source\PSoC5/Cm3Start.c ****             dst++;
 277              		.loc 1 351 0 discriminator 3
 278 0060 BB68     		ldr	r3, [r7, #8]
 279 0062 0433     		adds	r3, r3, #4
 280 0064 BB60     		str	r3, [r7, #8]
 348:Generated_Source\PSoC5/Cm3Start.c ****         for (count = 0u; count != limit; count += sizeof (uint32))
 281              		.loc 1 348 0 discriminator 3
 282 0066 7B68     		ldr	r3, [r7, #4]
 283 0068 0433     		adds	r3, r3, #4
 284 006a 7B60     		str	r3, [r7, #4]
 285              	.L17:
 348:Generated_Source\PSoC5/Cm3Start.c ****         for (count = 0u; count != limit; count += sizeof (uint32))
 286              		.loc 1 348 0 is_stmt 0 discriminator 1
 287 006c 7A68     		ldr	r2, [r7, #4]
 288 006e 3B68     		ldr	r3, [r7]
 289 0070 9A42     		cmp	r2, r3
 290 0072 F2D1     		bne	.L18
 352:Generated_Source\PSoC5/Cm3Start.c ****         }
 353:Generated_Source\PSoC5/Cm3Start.c **** 
 354:Generated_Source\PSoC5/Cm3Start.c ****         rptr++;
 291              		.loc 1 354 0 is_stmt 1 discriminator 2
 292 0074 3B69     		ldr	r3, [r7, #16]
 293 0076 1033     		adds	r3, r3, #16
 294 0078 3B61     		str	r3, [r7, #16]
 295              	.LBE2:
 334:Generated_Source\PSoC5/Cm3Start.c ****     {
 296              		.loc 1 334 0 discriminator 2
 297 007a 7B69     		ldr	r3, [r7, #20]
 298 007c 013B     		subs	r3, r3, #1
 299 007e 7B61     		str	r3, [r7, #20]
 300              	.L14:
 334:Generated_Source\PSoC5/Cm3Start.c ****     {
 301              		.loc 1 334 0 is_stmt 0 discriminator 1
 302 0080 7B69     		ldr	r3, [r7, #20]
 303 0082 002B     		cmp	r3, #0
 304 0084 C6D1     		bne	.L19
 355:Generated_Source\PSoC5/Cm3Start.c ****     }
 356:Generated_Source\PSoC5/Cm3Start.c **** 
 357:Generated_Source\PSoC5/Cm3Start.c ****     /* Invoke static objects constructors */
 358:Generated_Source\PSoC5/Cm3Start.c ****     __libc_init_array();
 305              		.loc 1 358 0 is_stmt 1
 306 0086 FFF7FEFF 		bl	__libc_init_array
 359:Generated_Source\PSoC5/Cm3Start.c ****     (void) main();
 307              		.loc 1 359 0
 308 008a FFF7FEFF 		bl	main
 309              	.L20:
 360:Generated_Source\PSoC5/Cm3Start.c **** 
 361:Generated_Source\PSoC5/Cm3Start.c ****     while (1)
 362:Generated_Source\PSoC5/Cm3Start.c ****     {
 363:Generated_Source\PSoC5/Cm3Start.c ****         /* If main returns, make sure we don't return. */
 364:Generated_Source\PSoC5/Cm3Start.c ****     }
 310              		.loc 1 364 0 discriminator 1
ARM GAS  C:\Users\r\AppData\Local\Temp\ccebSOvM.s 			page 13


 311 008e FEE7     		b	.L20
 312              	.L22:
 313              		.align	2
 314              	.L21:
 315 0090 00000000 		.word	__cy_region_num
 316 0094 00000000 		.word	__cy_regions
 317              		.cfi_endproc
 318              	.LFE4:
 319              		.size	Start_c, .-Start_c
 320              		.global	RomVectors
 321              		.section	.romvectors,"a",%progbits
 322              		.align	2
 323              		.type	RomVectors, %object
 324              		.size	RomVectors, 16
 325              	RomVectors:
 326 0000 00000000 		.word	__cy_stack
 327 0004 00000000 		.word	Reset
 328 0008 00000000 		.word	IntDefaultHandler
 329 000c 00000000 		.word	IntDefaultHandler
 330              		.section	.text.initialize_psoc,"ax",%progbits
 331              		.align	2
 332              		.global	initialize_psoc
 333              		.thumb
 334              		.thumb_func
 335              		.type	initialize_psoc, %function
 336              	initialize_psoc:
 337              	.LFB5:
 365:Generated_Source\PSoC5/Cm3Start.c **** }
 366:Generated_Source\PSoC5/Cm3Start.c **** 
 367:Generated_Source\PSoC5/Cm3Start.c **** 
 368:Generated_Source\PSoC5/Cm3Start.c **** #elif defined (__ICCARM__)
 369:Generated_Source\PSoC5/Cm3Start.c **** 
 370:Generated_Source\PSoC5/Cm3Start.c **** /*******************************************************************************
 371:Generated_Source\PSoC5/Cm3Start.c **** * Function Name: __low_level_init
 372:Generated_Source\PSoC5/Cm3Start.c **** ****************************************************************************//**
 373:Generated_Source\PSoC5/Cm3Start.c **** *
 374:Generated_Source\PSoC5/Cm3Start.c **** *  This function performs early initializations for the IAR Embedded
 375:Generated_Source\PSoC5/Cm3Start.c **** *  Workbench IDE. It is executed in the context of a reset interrupt handler
 376:Generated_Source\PSoC5/Cm3Start.c **** *  before the data sections are initialized.
 377:Generated_Source\PSoC5/Cm3Start.c **** *
 378:Generated_Source\PSoC5/Cm3Start.c **** * \return
 379:Generated_Source\PSoC5/Cm3Start.c **** *  The value that determines whether or not data sections should be initialized
 380:Generated_Source\PSoC5/Cm3Start.c **** *  by the system startup code:
 381:Generated_Source\PSoC5/Cm3Start.c **** *    0 - skip data sections initialization;
 382:Generated_Source\PSoC5/Cm3Start.c **** *    1 - initialize data sections;
 383:Generated_Source\PSoC5/Cm3Start.c **** *
 384:Generated_Source\PSoC5/Cm3Start.c **** *******************************************************************************/
 385:Generated_Source\PSoC5/Cm3Start.c **** int __low_level_init(void)
 386:Generated_Source\PSoC5/Cm3Start.c **** {
 387:Generated_Source\PSoC5/Cm3Start.c ****     #if (CYDEV_PROJ_TYPE != CYDEV_PROJ_TYPE_LOADABLE && CYDEV_PROJ_TYPE != CYDEV_PROJ_TYPE_LOADABLE
 388:Generated_Source\PSoC5/Cm3Start.c **** 
 389:Generated_Source\PSoC5/Cm3Start.c ****         /* For PSoC 5LP, debugging is enabled by default */
 390:Generated_Source\PSoC5/Cm3Start.c ****         #if(CYDEV_DEBUGGING_ENABLE == 0)
 391:Generated_Source\PSoC5/Cm3Start.c ****             *(reg32 *)(CYDEV_DEBUG_ENABLE_REGISTER) |= CYDEV_DEBUG_ENABLE_MASK;
 392:Generated_Source\PSoC5/Cm3Start.c ****         #endif /* (CYDEV_DEBUGGING_ENABLE) */
 393:Generated_Source\PSoC5/Cm3Start.c **** 
 394:Generated_Source\PSoC5/Cm3Start.c ****         /* Reset Status Register has Read-to-clear SW access mode.
ARM GAS  C:\Users\r\AppData\Local\Temp\ccebSOvM.s 			page 14


 395:Generated_Source\PSoC5/Cm3Start.c ****         * Preserve current RESET_SR0 state to make it available for next reading.
 396:Generated_Source\PSoC5/Cm3Start.c ****         */
 397:Generated_Source\PSoC5/Cm3Start.c ****         *(reg32 *)(CYREG_PHUB_CFGMEM23_CFG1) = *(reg32 *)(CYREG_RESET_SR0);
 398:Generated_Source\PSoC5/Cm3Start.c **** 
 399:Generated_Source\PSoC5/Cm3Start.c ****     #endif  /* (CYDEV_PROJ_TYPE != CYDEV_PROJ_TYPE_LOADABLE && CYDEV_PROJ_TYPE != CYDEV_PROJ_TYPE_L
 400:Generated_Source\PSoC5/Cm3Start.c **** 
 401:Generated_Source\PSoC5/Cm3Start.c ****     #if ((CYDEV_BOOTLOADER_ENABLE) && (CYDEV_PROJ_TYPE != CYDEV_PROJ_TYPE_LOADABLEANDBOOTLOADER))
 402:Generated_Source\PSoC5/Cm3Start.c ****         CyBtldr_CheckLaunch();
 403:Generated_Source\PSoC5/Cm3Start.c ****     #endif /* ((CYDEV_BOOTLOADER_ENABLE) && (CYDEV_PROJ_TYPE != CYDEV_PROJ_TYPE_LOADABLEANDBOOTLOAD
 404:Generated_Source\PSoC5/Cm3Start.c **** 
 405:Generated_Source\PSoC5/Cm3Start.c ****     /* Initialize data sections */
 406:Generated_Source\PSoC5/Cm3Start.c ****     __iar_data_init3();
 407:Generated_Source\PSoC5/Cm3Start.c **** 
 408:Generated_Source\PSoC5/Cm3Start.c ****     initialize_psoc();
 409:Generated_Source\PSoC5/Cm3Start.c **** 
 410:Generated_Source\PSoC5/Cm3Start.c ****     return 0;
 411:Generated_Source\PSoC5/Cm3Start.c **** }
 412:Generated_Source\PSoC5/Cm3Start.c **** 
 413:Generated_Source\PSoC5/Cm3Start.c **** #endif /* __GNUC__ */
 414:Generated_Source\PSoC5/Cm3Start.c **** 
 415:Generated_Source\PSoC5/Cm3Start.c **** 
 416:Generated_Source\PSoC5/Cm3Start.c **** /*******************************************************************************
 417:Generated_Source\PSoC5/Cm3Start.c **** *
 418:Generated_Source\PSoC5/Cm3Start.c **** * Default Rom Interrupt Vector table.
 419:Generated_Source\PSoC5/Cm3Start.c **** *
 420:Generated_Source\PSoC5/Cm3Start.c **** *******************************************************************************/
 421:Generated_Source\PSoC5/Cm3Start.c **** #if defined(__ARMCC_VERSION)
 422:Generated_Source\PSoC5/Cm3Start.c ****     /* Suppress diagnostic message 1296-D: extended constant initialiser used */
 423:Generated_Source\PSoC5/Cm3Start.c ****     #pragma diag_suppress 1296
 424:Generated_Source\PSoC5/Cm3Start.c **** #endif  /* defined(__ARMCC_VERSION) */
 425:Generated_Source\PSoC5/Cm3Start.c **** 
 426:Generated_Source\PSoC5/Cm3Start.c **** #if defined (__ICCARM__)
 427:Generated_Source\PSoC5/Cm3Start.c ****     #pragma location=".romvectors"
 428:Generated_Source\PSoC5/Cm3Start.c ****     const intvec_elem __vector_table[CY_NUM_ROM_VECTORS] =
 429:Generated_Source\PSoC5/Cm3Start.c **** #else
 430:Generated_Source\PSoC5/Cm3Start.c ****     CY_SECTION(".romvectors")
 431:Generated_Source\PSoC5/Cm3Start.c ****     const cyisraddress RomVectors[CY_NUM_ROM_VECTORS] =
 432:Generated_Source\PSoC5/Cm3Start.c **** #endif  /* defined (__ICCARM__) */
 433:Generated_Source\PSoC5/Cm3Start.c **** {
 434:Generated_Source\PSoC5/Cm3Start.c ****     INITIAL_STACK_POINTER,   /* Initial stack pointer  0 */
 435:Generated_Source\PSoC5/Cm3Start.c ****     #if defined (__ICCARM__) /* Reset handler          1 */
 436:Generated_Source\PSoC5/Cm3Start.c ****         __iar_program_start,
 437:Generated_Source\PSoC5/Cm3Start.c ****     #else
 438:Generated_Source\PSoC5/Cm3Start.c ****         (cyisraddress)&Reset,
 439:Generated_Source\PSoC5/Cm3Start.c ****     #endif  /* defined (__ICCARM__) */
 440:Generated_Source\PSoC5/Cm3Start.c ****     &IntDefaultHandler,      /* NMI handler            2 */
 441:Generated_Source\PSoC5/Cm3Start.c ****     &IntDefaultHandler,      /* Hard fault handler     3 */
 442:Generated_Source\PSoC5/Cm3Start.c **** };
 443:Generated_Source\PSoC5/Cm3Start.c **** 
 444:Generated_Source\PSoC5/Cm3Start.c **** #if defined(__ARMCC_VERSION)
 445:Generated_Source\PSoC5/Cm3Start.c ****     #pragma diag_default 1296
 446:Generated_Source\PSoC5/Cm3Start.c **** #endif  /* defined(__ARMCC_VERSION) */
 447:Generated_Source\PSoC5/Cm3Start.c **** 
 448:Generated_Source\PSoC5/Cm3Start.c **** 
 449:Generated_Source\PSoC5/Cm3Start.c **** /*******************************************************************************
 450:Generated_Source\PSoC5/Cm3Start.c **** * Function Name: initialize_psoc
 451:Generated_Source\PSoC5/Cm3Start.c **** ****************************************************************************//**
ARM GAS  C:\Users\r\AppData\Local\Temp\ccebSOvM.s 			page 15


 452:Generated_Source\PSoC5/Cm3Start.c **** *
 453:Generated_Source\PSoC5/Cm3Start.c **** *  This function used to initialize the PSoC chip before calling main.
 454:Generated_Source\PSoC5/Cm3Start.c **** *
 455:Generated_Source\PSoC5/Cm3Start.c **** *******************************************************************************/
 456:Generated_Source\PSoC5/Cm3Start.c **** #if (defined(__GNUC__) && !defined(__ARMCC_VERSION))
 457:Generated_Source\PSoC5/Cm3Start.c **** __attribute__ ((constructor(101)))
 458:Generated_Source\PSoC5/Cm3Start.c **** #endif
 459:Generated_Source\PSoC5/Cm3Start.c **** void initialize_psoc(void)
 460:Generated_Source\PSoC5/Cm3Start.c **** {
 338              		.loc 1 460 0
 339              		.cfi_startproc
 340              		@ args = 0, pretend = 0, frame = 8
 341              		@ frame_needed = 1, uses_anonymous_args = 0
 342 0000 80B5     		push	{r7, lr}
 343              		.cfi_def_cfa_offset 8
 344              		.cfi_offset 7, -8
 345              		.cfi_offset 14, -4
 346 0002 82B0     		sub	sp, sp, #8
 347              		.cfi_def_cfa_offset 16
 348 0004 00AF     		add	r7, sp, #0
 349              		.cfi_def_cfa_register 7
 461:Generated_Source\PSoC5/Cm3Start.c ****     uint32 i;
 462:Generated_Source\PSoC5/Cm3Start.c **** 
 463:Generated_Source\PSoC5/Cm3Start.c ****     /* Set Priority group 5. */
 464:Generated_Source\PSoC5/Cm3Start.c **** 
 465:Generated_Source\PSoC5/Cm3Start.c ****     /* Writes to NVIC_APINT register require the VECTKEY in the upper half */
 466:Generated_Source\PSoC5/Cm3Start.c ****     *CY_NVIC_APINT_PTR = CY_NVIC_APINT_VECTKEY | CY_NVIC_APINT_PRIGROUP_3_5;
 350              		.loc 1 466 0
 351 0006 194B     		ldr	r3, .L28
 352 0008 194A     		ldr	r2, .L28+4
 353 000a 1A60     		str	r2, [r3]
 467:Generated_Source\PSoC5/Cm3Start.c ****     *CY_NVIC_CFG_CTRL_PTR |= CY_NVIC_CFG_STACKALIGN;
 354              		.loc 1 467 0
 355 000c 194A     		ldr	r2, .L28+8
 356 000e 194B     		ldr	r3, .L28+8
 357 0010 1B68     		ldr	r3, [r3]
 358 0012 43F40073 		orr	r3, r3, #512
 359 0016 1360     		str	r3, [r2]
 468:Generated_Source\PSoC5/Cm3Start.c **** 
 469:Generated_Source\PSoC5/Cm3Start.c ****     /* Set Ram interrupt vectors to default functions. */
 470:Generated_Source\PSoC5/Cm3Start.c ****     for (i = 0u; i < CY_NUM_VECTORS; i++)
 360              		.loc 1 470 0
 361 0018 0023     		movs	r3, #0
 362 001a 7B60     		str	r3, [r7, #4]
 363 001c 0FE0     		b	.L24
 364              	.L27:
 471:Generated_Source\PSoC5/Cm3Start.c ****     {
 472:Generated_Source\PSoC5/Cm3Start.c ****         #if defined (__ICCARM__)
 473:Generated_Source\PSoC5/Cm3Start.c ****             CyRamVectors[i] = (i < CY_NUM_ROM_VECTORS) ? __vector_table[i].__fun : &IntDefaultHandl
 474:Generated_Source\PSoC5/Cm3Start.c ****         #else
 475:Generated_Source\PSoC5/Cm3Start.c ****             CyRamVectors[i] = (i < CY_NUM_ROM_VECTORS) ? RomVectors[i] : &IntDefaultHandler;
 365              		.loc 1 475 0
 366 001e 7B68     		ldr	r3, [r7, #4]
 367 0020 032B     		cmp	r3, #3
 368 0022 04D8     		bhi	.L25
 369              		.loc 1 475 0 is_stmt 0 discriminator 1
 370 0024 144A     		ldr	r2, .L28+12
ARM GAS  C:\Users\r\AppData\Local\Temp\ccebSOvM.s 			page 16


 371 0026 7B68     		ldr	r3, [r7, #4]
 372 0028 52F82330 		ldr	r3, [r2, r3, lsl #2]
 373 002c 00E0     		b	.L26
 374              	.L25:
 375              		.loc 1 475 0 discriminator 2
 376 002e 134B     		ldr	r3, .L28+16
 377              	.L26:
 378              		.loc 1 475 0 discriminator 4
 379 0030 1349     		ldr	r1, .L28+20
 380 0032 7A68     		ldr	r2, [r7, #4]
 381 0034 41F82230 		str	r3, [r1, r2, lsl #2]
 470:Generated_Source\PSoC5/Cm3Start.c ****     {
 382              		.loc 1 470 0 is_stmt 1 discriminator 4
 383 0038 7B68     		ldr	r3, [r7, #4]
 384 003a 0133     		adds	r3, r3, #1
 385 003c 7B60     		str	r3, [r7, #4]
 386              	.L24:
 470:Generated_Source\PSoC5/Cm3Start.c ****     {
 387              		.loc 1 470 0 is_stmt 0 discriminator 2
 388 003e 7B68     		ldr	r3, [r7, #4]
 389 0040 2F2B     		cmp	r3, #47
 390 0042 ECD9     		bls	.L27
 476:Generated_Source\PSoC5/Cm3Start.c ****         #endif  /* defined (__ICCARM__) */
 477:Generated_Source\PSoC5/Cm3Start.c ****     }
 478:Generated_Source\PSoC5/Cm3Start.c **** 
 479:Generated_Source\PSoC5/Cm3Start.c ****     /* Was stored in CFGMEM to avoid being cleared while SRAM gets cleared */
 480:Generated_Source\PSoC5/Cm3Start.c ****     CyResetStatus = CY_GET_REG8(CYREG_PHUB_CFGMEM23_CFG1);
 391              		.loc 1 480 0 is_stmt 1
 392 0044 0F4B     		ldr	r3, .L28+24
 393 0046 1B78     		ldrb	r3, [r3]
 394 0048 DAB2     		uxtb	r2, r3
 395 004a 0F4B     		ldr	r3, .L28+28
 396 004c 1A70     		strb	r2, [r3]
 481:Generated_Source\PSoC5/Cm3Start.c **** 
 482:Generated_Source\PSoC5/Cm3Start.c ****     /* Point NVIC at RAM vector table. */
 483:Generated_Source\PSoC5/Cm3Start.c ****     *CYINT_VECT_TABLE = CyRamVectors;
 397              		.loc 1 483 0
 398 004e 0F4B     		ldr	r3, .L28+32
 399 0050 0B4A     		ldr	r2, .L28+20
 400 0052 1A60     		str	r2, [r3]
 484:Generated_Source\PSoC5/Cm3Start.c **** 
 485:Generated_Source\PSoC5/Cm3Start.c ****     /* Initialize the configuration registers. */
 486:Generated_Source\PSoC5/Cm3Start.c ****     cyfitter_cfg();
 401              		.loc 1 486 0
 402 0054 FFF7FEFF 		bl	cyfitter_cfg
 487:Generated_Source\PSoC5/Cm3Start.c **** 
 488:Generated_Source\PSoC5/Cm3Start.c ****     #if(0u != DMA_CHANNELS_USED__MASK0)
 489:Generated_Source\PSoC5/Cm3Start.c **** 
 490:Generated_Source\PSoC5/Cm3Start.c ****         /* Setup DMA - only necessary if design contains DMA component. */
 491:Generated_Source\PSoC5/Cm3Start.c ****         CyDmacConfigure();
 403              		.loc 1 491 0
 404 0058 FFF7FEFF 		bl	CyDmacConfigure
 492:Generated_Source\PSoC5/Cm3Start.c **** 
 493:Generated_Source\PSoC5/Cm3Start.c ****     #endif  /* (0u != DMA_CHANNELS_USED__MASK0) */
 494:Generated_Source\PSoC5/Cm3Start.c **** 
 495:Generated_Source\PSoC5/Cm3Start.c ****     #if !defined (__ICCARM__)
 496:Generated_Source\PSoC5/Cm3Start.c ****         /* Actually, no need to clean this variable, just to make compiler happy. */
ARM GAS  C:\Users\r\AppData\Local\Temp\ccebSOvM.s 			page 17


 497:Generated_Source\PSoC5/Cm3Start.c ****         cySysNoInitDataValid = 0u;
 405              		.loc 1 497 0
 406 005c 0C4B     		ldr	r3, .L28+36
 407 005e 0022     		movs	r2, #0
 408 0060 1A60     		str	r2, [r3]
 498:Generated_Source\PSoC5/Cm3Start.c ****     #endif  /* !defined (__ICCARM__) */
 499:Generated_Source\PSoC5/Cm3Start.c **** }
 409              		.loc 1 499 0
 410 0062 00BF     		nop
 411 0064 0837     		adds	r7, r7, #8
 412              		.cfi_def_cfa_offset 8
 413 0066 BD46     		mov	sp, r7
 414              		.cfi_def_cfa_register 13
 415              		@ sp needed
 416 0068 80BD     		pop	{r7, pc}
 417              	.L29:
 418 006a 00BF     		.align	2
 419              	.L28:
 420 006c 0CED00E0 		.word	-536810228
 421 0070 0004FA05 		.word	100271104
 422 0074 14ED00E0 		.word	-536810220
 423 0078 00000000 		.word	RomVectors
 424 007c 00000000 		.word	IntDefaultHandler
 425 0080 00000000 		.word	CyRamVectors
 426 0084 BC760040 		.word	1073772220
 427 0088 00000000 		.word	CyResetStatus
 428 008c 08ED00E0 		.word	-536810232
 429 0090 00000000 		.word	cySysNoInitDataValid
 430              		.cfi_endproc
 431              	.LFE5:
 432              		.size	initialize_psoc, .-initialize_psoc
 433              		.section	.init_array,"aw",%init_array
 434              		.align	2
 435 0000 00000000 		.word	initialize_psoc(target1)
 436              		.data
 437              		.align	2
 438              		.type	heapPointer.5077, %object
 439              		.size	heapPointer.5077, 4
 440              	heapPointer.5077:
 441 0000 00000000 		.word	end
 442              		.weak	__cy_region_num
 443              		.text
 444              	.Letext0:
 445              		.file 2 "c:\\program files (x86)\\cypress\\psoc creator\\4.2\\psoc creator\\import\\gnu\\arm\\5.4.
 446              		.file 3 "Generated_Source\\PSoC5\\cytypes.h"
 447              		.file 4 "Generated_Source\\PSoC5\\CyLib.h"
 448              		.section	.debug_info,"",%progbits
 449              	.Ldebug_info0:
 450 0000 27030000 		.4byte	0x327
 451 0004 0400     		.2byte	0x4
 452 0006 00000000 		.4byte	.Ldebug_abbrev0
 453 000a 04       		.byte	0x4
 454 000b 01       		.uleb128 0x1
 455 000c 0D000000 		.4byte	.LASF44
 456 0010 0C       		.byte	0xc
 457 0011 77010000 		.4byte	.LASF45
 458 0015 2B020000 		.4byte	.LASF46
ARM GAS  C:\Users\r\AppData\Local\Temp\ccebSOvM.s 			page 18


 459 0019 00000000 		.4byte	.Ldebug_ranges0+0
 460 001d 00000000 		.4byte	0
 461 0021 00000000 		.4byte	.Ldebug_line0
 462 0025 02       		.uleb128 0x2
 463 0026 01       		.byte	0x1
 464 0027 06       		.byte	0x6
 465 0028 94020000 		.4byte	.LASF0
 466 002c 02       		.uleb128 0x2
 467 002d 01       		.byte	0x1
 468 002e 08       		.byte	0x8
 469 002f 19010000 		.4byte	.LASF1
 470 0033 02       		.uleb128 0x2
 471 0034 02       		.byte	0x2
 472 0035 05       		.byte	0x5
 473 0036 75020000 		.4byte	.LASF2
 474 003a 02       		.uleb128 0x2
 475 003b 02       		.byte	0x2
 476 003c 07       		.byte	0x7
 477 003d D0000000 		.4byte	.LASF3
 478 0041 02       		.uleb128 0x2
 479 0042 04       		.byte	0x4
 480 0043 05       		.byte	0x5
 481 0044 7F020000 		.4byte	.LASF4
 482 0048 02       		.uleb128 0x2
 483 0049 04       		.byte	0x4
 484 004a 07       		.byte	0x7
 485 004b 3E010000 		.4byte	.LASF5
 486 004f 02       		.uleb128 0x2
 487 0050 08       		.byte	0x8
 488 0051 05       		.byte	0x5
 489 0052 1D020000 		.4byte	.LASF6
 490 0056 02       		.uleb128 0x2
 491 0057 08       		.byte	0x8
 492 0058 07       		.byte	0x7
 493 0059 CA010000 		.4byte	.LASF7
 494 005d 03       		.uleb128 0x3
 495 005e 04       		.byte	0x4
 496 005f 05       		.byte	0x5
 497 0060 696E7400 		.ascii	"int\000"
 498 0064 02       		.uleb128 0x2
 499 0065 04       		.byte	0x4
 500 0066 07       		.byte	0x7
 501 0067 BD010000 		.4byte	.LASF8
 502 006b 04       		.uleb128 0x4
 503 006c 06000000 		.4byte	.LASF10
 504 0070 02       		.byte	0x2
 505 0071 D8       		.byte	0xd8
 506 0072 64000000 		.4byte	0x64
 507 0076 02       		.uleb128 0x2
 508 0077 08       		.byte	0x8
 509 0078 04       		.byte	0x4
 510 0079 88020000 		.4byte	.LASF9
 511 007d 05       		.uleb128 0x5
 512 007e 65010000 		.4byte	.LASF11
 513 0082 03       		.byte	0x3
 514 0083 E401     		.2byte	0x1e4
 515 0085 2C000000 		.4byte	0x2c
ARM GAS  C:\Users\r\AppData\Local\Temp\ccebSOvM.s 			page 19


 516 0089 05       		.uleb128 0x5
 517 008a B6010000 		.4byte	.LASF12
 518 008e 03       		.byte	0x3
 519 008f E601     		.2byte	0x1e6
 520 0091 48000000 		.4byte	0x48
 521 0095 02       		.uleb128 0x2
 522 0096 04       		.byte	0x4
 523 0097 04       		.byte	0x4
 524 0098 0E010000 		.4byte	.LASF13
 525 009c 02       		.uleb128 0x2
 526 009d 08       		.byte	0x8
 527 009e 04       		.byte	0x4
 528 009f 9F010000 		.4byte	.LASF14
 529 00a3 02       		.uleb128 0x2
 530 00a4 01       		.byte	0x1
 531 00a5 08       		.byte	0x8
 532 00a6 70020000 		.4byte	.LASF15
 533 00aa 05       		.uleb128 0x5
 534 00ab 0F020000 		.4byte	.LASF16
 535 00af 03       		.byte	0x3
 536 00b0 8E02     		.2byte	0x28e
 537 00b2 B6000000 		.4byte	0xb6
 538 00b6 06       		.uleb128 0x6
 539 00b7 7D000000 		.4byte	0x7d
 540 00bb 05       		.uleb128 0x5
 541 00bc 00000000 		.4byte	.LASF17
 542 00c0 03       		.byte	0x3
 543 00c1 9002     		.2byte	0x290
 544 00c3 C7000000 		.4byte	0xc7
 545 00c7 06       		.uleb128 0x6
 546 00c8 89000000 		.4byte	0x89
 547 00cc 05       		.uleb128 0x5
 548 00cd E7010000 		.4byte	.LASF18
 549 00d1 03       		.byte	0x3
 550 00d2 A002     		.2byte	0x2a0
 551 00d4 D8000000 		.4byte	0xd8
 552 00d8 07       		.uleb128 0x7
 553 00d9 04       		.byte	0x4
 554 00da DE000000 		.4byte	0xde
 555 00de 08       		.uleb128 0x8
 556 00df 02       		.uleb128 0x2
 557 00e0 04       		.byte	0x4
 558 00e1 07       		.byte	0x7
 559 00e2 14020000 		.4byte	.LASF19
 560 00e6 09       		.uleb128 0x9
 561 00e7 04       		.byte	0x4
 562 00e8 0A       		.uleb128 0xa
 563 00e9 A3000000 		.4byte	0xa3
 564 00ed 04       		.uleb128 0x4
 565 00ee FE010000 		.4byte	.LASF20
 566 00f2 01       		.byte	0x1
 567 00f3 CE       		.byte	0xce
 568 00f4 2C000000 		.4byte	0x2c
 569 00f8 0B       		.uleb128 0xb
 570 00f9 CE020000 		.4byte	.LASF47
 571 00fd 10       		.byte	0x10
 572 00fe 01       		.byte	0x1
ARM GAS  C:\Users\r\AppData\Local\Temp\ccebSOvM.s 			page 20


 573 00ff D0       		.byte	0xd0
 574 0100 35010000 		.4byte	0x135
 575 0104 0C       		.uleb128 0xc
 576 0105 F3000000 		.4byte	.LASF21
 577 0109 01       		.byte	0x1
 578 010a D2       		.byte	0xd2
 579 010b 35010000 		.4byte	0x135
 580 010f 00       		.byte	0
 581 0110 0C       		.uleb128 0xc
 582 0111 14010000 		.4byte	.LASF22
 583 0115 01       		.byte	0x1
 584 0116 D3       		.byte	0xd3
 585 0117 35010000 		.4byte	0x135
 586 011b 04       		.byte	0x4
 587 011c 0C       		.uleb128 0xc
 588 011d F4010000 		.4byte	.LASF23
 589 0121 01       		.byte	0x1
 590 0122 D4       		.byte	0xd4
 591 0123 6B000000 		.4byte	0x6b
 592 0127 08       		.byte	0x8
 593 0128 0C       		.uleb128 0xc
 594 0129 FF000000 		.4byte	.LASF24
 595 012d 01       		.byte	0x1
 596 012e D5       		.byte	0xd5
 597 012f 6B000000 		.4byte	0x6b
 598 0133 0C       		.byte	0xc
 599 0134 00       		.byte	0
 600 0135 07       		.uleb128 0x7
 601 0136 04       		.byte	0x4
 602 0137 ED000000 		.4byte	0xed
 603 013b 0D       		.uleb128 0xd
 604 013c A0020000 		.4byte	.LASF31
 605 0140 01       		.byte	0x1
 606 0141 5A       		.byte	0x5a
 607 0142 00000000 		.4byte	.LFB0
 608 0146 14000000 		.4byte	.LFE0-.LFB0
 609 014a 01       		.uleb128 0x1
 610 014b 9C       		.byte	0x9c
 611 014c 0E       		.uleb128 0xe
 612 014d 71010000 		.4byte	.LASF25
 613 0151 01       		.byte	0x1
 614 0152 EE       		.byte	0xee
 615 0153 00000000 		.4byte	.LFB1
 616 0157 14000000 		.4byte	.LFE1-.LFB1
 617 015b 01       		.uleb128 0x1
 618 015c 9C       		.byte	0x9c
 619 015d 70010000 		.4byte	0x170
 620 0161 0F       		.uleb128 0xf
 621 0162 F8000000 		.4byte	.LASF27
 622 0166 01       		.byte	0x1
 623 0167 EE       		.byte	0xee
 624 0168 5D000000 		.4byte	0x5d
 625 016c 02       		.uleb128 0x2
 626 016d 91       		.byte	0x91
 627 016e 74       		.sleb128 -12
 628 016f 00       		.byte	0
 629 0170 10       		.uleb128 0x10
ARM GAS  C:\Users\r\AppData\Local\Temp\ccebSOvM.s 			page 21


 630 0171 99010000 		.4byte	.LASF26
 631 0175 01       		.byte	0x1
 632 0176 0701     		.2byte	0x107
 633 0178 E6000000 		.4byte	0xe6
 634 017c 00000000 		.4byte	.LFB2
 635 0180 54000000 		.4byte	.LFE2-.LFB2
 636 0184 01       		.uleb128 0x1
 637 0185 9C       		.byte	0x9c
 638 0186 C7010000 		.4byte	0x1c7
 639 018a 11       		.uleb128 0x11
 640 018b C7020000 		.4byte	.LASF28
 641 018f 01       		.byte	0x1
 642 0190 0701     		.2byte	0x107
 643 0192 5D000000 		.4byte	0x5d
 644 0196 02       		.uleb128 0x2
 645 0197 91       		.byte	0x91
 646 0198 6C       		.sleb128 -20
 647 0199 12       		.uleb128 0x12
 648 019a 656E6400 		.ascii	"end\000"
 649 019e 01       		.byte	0x1
 650 019f 0901     		.2byte	0x109
 651 01a1 5D000000 		.4byte	0x5d
 652 01a5 13       		.uleb128 0x13
 653 01a6 27010000 		.4byte	.LASF29
 654 01aa 01       		.byte	0x1
 655 01ab 0A01     		.2byte	0x10a
 656 01ad E6000000 		.4byte	0xe6
 657 01b1 02       		.uleb128 0x2
 658 01b2 91       		.byte	0x91
 659 01b3 74       		.sleb128 -12
 660 01b4 13       		.uleb128 0x13
 661 01b5 C4000000 		.4byte	.LASF30
 662 01b9 01       		.byte	0x1
 663 01ba 0D01     		.2byte	0x10d
 664 01bc C7010000 		.4byte	0x1c7
 665 01c0 05       		.uleb128 0x5
 666 01c1 03       		.byte	0x3
 667 01c2 00000000 		.4byte	heapPointer.5077
 668 01c6 00       		.byte	0
 669 01c7 07       		.uleb128 0x7
 670 01c8 04       		.byte	0x4
 671 01c9 7D000000 		.4byte	0x7d
 672 01cd 14       		.uleb128 0x14
 673 01ce 6B010000 		.4byte	.LASF32
 674 01d2 01       		.byte	0x1
 675 01d3 2601     		.2byte	0x126
 676 01d5 00000000 		.4byte	.LFB3
 677 01d9 08000000 		.4byte	.LFE3-.LFB3
 678 01dd 01       		.uleb128 0x1
 679 01de 9C       		.byte	0x9c
 680 01df 15       		.uleb128 0x15
 681 01e0 B6000000 		.4byte	.LASF33
 682 01e4 01       		.byte	0x1
 683 01e5 4801     		.2byte	0x148
 684 01e7 00000000 		.4byte	.LFB4
 685 01eb 98000000 		.4byte	.LFE4-.LFB4
 686 01ef 01       		.uleb128 0x1
ARM GAS  C:\Users\r\AppData\Local\Temp\ccebSOvM.s 			page 22


 687 01f0 9C       		.byte	0x9c
 688 01f1 5A020000 		.4byte	0x25a
 689 01f5 13       		.uleb128 0x13
 690 01f6 BF020000 		.4byte	.LASF34
 691 01fa 01       		.byte	0x1
 692 01fb 4A01     		.2byte	0x14a
 693 01fd 64000000 		.4byte	0x64
 694 0201 02       		.uleb128 0x2
 695 0202 91       		.byte	0x91
 696 0203 74       		.sleb128 -12
 697 0204 13       		.uleb128 0x13
 698 0205 09010000 		.4byte	.LASF35
 699 0209 01       		.byte	0x1
 700 020a 4B01     		.2byte	0x14b
 701 020c 5A020000 		.4byte	0x25a
 702 0210 02       		.uleb128 0x2
 703 0211 91       		.byte	0x91
 704 0212 70       		.sleb128 -16
 705 0213 16       		.uleb128 0x16
 706 0214 14000000 		.4byte	.LBB2
 707 0218 66000000 		.4byte	.LBE2-.LBB2
 708 021c 17       		.uleb128 0x17
 709 021d 73726300 		.ascii	"src\000"
 710 0221 01       		.byte	0x1
 711 0222 5001     		.2byte	0x150
 712 0224 65020000 		.4byte	0x265
 713 0228 02       		.uleb128 0x2
 714 0229 91       		.byte	0x91
 715 022a 6C       		.sleb128 -20
 716 022b 17       		.uleb128 0x17
 717 022c 64737400 		.ascii	"dst\000"
 718 0230 01       		.byte	0x1
 719 0231 5101     		.2byte	0x151
 720 0233 65020000 		.4byte	0x265
 721 0237 02       		.uleb128 0x2
 722 0238 91       		.byte	0x91
 723 0239 68       		.sleb128 -24
 724 023a 13       		.uleb128 0x13
 725 023b E1010000 		.4byte	.LASF36
 726 023f 01       		.byte	0x1
 727 0240 5201     		.2byte	0x152
 728 0242 64000000 		.4byte	0x64
 729 0246 02       		.uleb128 0x2
 730 0247 91       		.byte	0x91
 731 0248 60       		.sleb128 -32
 732 0249 13       		.uleb128 0x13
 733 024a BE000000 		.4byte	.LASF37
 734 024e 01       		.byte	0x1
 735 024f 5301     		.2byte	0x153
 736 0251 64000000 		.4byte	0x64
 737 0255 02       		.uleb128 0x2
 738 0256 91       		.byte	0x91
 739 0257 64       		.sleb128 -28
 740 0258 00       		.byte	0
 741 0259 00       		.byte	0
 742 025a 07       		.uleb128 0x7
 743 025b 04       		.byte	0x4
ARM GAS  C:\Users\r\AppData\Local\Temp\ccebSOvM.s 			page 23


 744 025c 60020000 		.4byte	0x260
 745 0260 0A       		.uleb128 0xa
 746 0261 F8000000 		.4byte	0xf8
 747 0265 07       		.uleb128 0x7
 748 0266 04       		.byte	0x4
 749 0267 89000000 		.4byte	0x89
 750 026b 18       		.uleb128 0x18
 751 026c A6010000 		.4byte	.LASF48
 752 0270 01       		.byte	0x1
 753 0271 CB01     		.2byte	0x1cb
 754 0273 00000000 		.4byte	.LFB5
 755 0277 94000000 		.4byte	.LFE5-.LFB5
 756 027b 01       		.uleb128 0x1
 757 027c 9C       		.byte	0x9c
 758 027d 8F020000 		.4byte	0x28f
 759 0281 17       		.uleb128 0x17
 760 0282 6900     		.ascii	"i\000"
 761 0284 01       		.byte	0x1
 762 0285 CD01     		.2byte	0x1cd
 763 0287 89000000 		.4byte	0x89
 764 028b 02       		.uleb128 0x2
 765 028c 91       		.byte	0x91
 766 028d 74       		.sleb128 -12
 767 028e 00       		.byte	0
 768 028f 19       		.uleb128 0x19
 769 0290 50010000 		.4byte	.LASF38
 770 0294 01       		.byte	0x1
 771 0295 3E       		.byte	0x3e
 772 0296 89000000 		.4byte	0x89
 773 029a 05       		.uleb128 0x5
 774 029b 03       		.byte	0x3
 775 029c 00000000 		.4byte	cySysNoInitDataValid
 776 02a0 1A       		.uleb128 0x1a
 777 02a1 A8000000 		.4byte	.LASF39
 778 02a5 04       		.byte	0x4
 779 02a6 2C       		.byte	0x2c
 780 02a7 7D000000 		.4byte	0x7d
 781 02ab 12       		.uleb128 0x12
 782 02ac 656E6400 		.ascii	"end\000"
 783 02b0 01       		.byte	0x1
 784 02b1 0901     		.2byte	0x109
 785 02b3 5D000000 		.4byte	0x5d
 786 02b7 1B       		.uleb128 0x1b
 787 02b8 CC000000 		.4byte	0xcc
 788 02bc C7020000 		.4byte	0x2c7
 789 02c0 1C       		.uleb128 0x1c
 790 02c1 DF000000 		.4byte	0xdf
 791 02c5 2F       		.byte	0x2f
 792 02c6 00       		.byte	0
 793 02c7 1D       		.uleb128 0x1d
 794 02c8 9B000000 		.4byte	.LASF40
 795 02cc 01       		.byte	0x1
 796 02cd 4C       		.byte	0x4c
 797 02ce B7020000 		.4byte	0x2b7
 798 02d2 05       		.uleb128 0x5
 799 02d3 03       		.byte	0x3
 800 02d4 00000000 		.4byte	CyRamVectors
ARM GAS  C:\Users\r\AppData\Local\Temp\ccebSOvM.s 			page 24


 801 02d8 1B       		.uleb128 0x1b
 802 02d9 60020000 		.4byte	0x260
 803 02dd E3020000 		.4byte	0x2e3
 804 02e1 1E       		.uleb128 0x1e
 805 02e2 00       		.byte	0
 806 02e3 1A       		.uleb128 0x1a
 807 02e4 B2020000 		.4byte	.LASF41
 808 02e8 01       		.byte	0x1
 809 02e9 D8       		.byte	0xd8
 810 02ea EE020000 		.4byte	0x2ee
 811 02ee 0A       		.uleb128 0xa
 812 02ef D8020000 		.4byte	0x2d8
 813 02f3 1A       		.uleb128 0x1a
 814 02f4 E3000000 		.4byte	.LASF42
 815 02f8 01       		.byte	0x1
 816 02f9 D9       		.byte	0xd9
 817 02fa E8000000 		.4byte	0xe8
 818 02fe 1B       		.uleb128 0x1b
 819 02ff 0E030000 		.4byte	0x30e
 820 0303 0E030000 		.4byte	0x30e
 821 0307 1C       		.uleb128 0x1c
 822 0308 DF000000 		.4byte	0xdf
 823 030c 03       		.byte	0x3
 824 030d 00       		.byte	0
 825 030e 0A       		.uleb128 0xa
 826 030f CC000000 		.4byte	0xcc
 827 0313 1F       		.uleb128 0x1f
 828 0314 33010000 		.4byte	.LASF43
 829 0318 01       		.byte	0x1
 830 0319 AF01     		.2byte	0x1af
 831 031b 25030000 		.4byte	0x325
 832 031f 05       		.uleb128 0x5
 833 0320 03       		.byte	0x3
 834 0321 00000000 		.4byte	RomVectors
 835 0325 0A       		.uleb128 0xa
 836 0326 FE020000 		.4byte	0x2fe
 837 032a 00       		.byte	0
 838              		.section	.debug_abbrev,"",%progbits
 839              	.Ldebug_abbrev0:
 840 0000 01       		.uleb128 0x1
 841 0001 11       		.uleb128 0x11
 842 0002 01       		.byte	0x1
 843 0003 25       		.uleb128 0x25
 844 0004 0E       		.uleb128 0xe
 845 0005 13       		.uleb128 0x13
 846 0006 0B       		.uleb128 0xb
 847 0007 03       		.uleb128 0x3
 848 0008 0E       		.uleb128 0xe
 849 0009 1B       		.uleb128 0x1b
 850 000a 0E       		.uleb128 0xe
 851 000b 55       		.uleb128 0x55
 852 000c 17       		.uleb128 0x17
 853 000d 11       		.uleb128 0x11
 854 000e 01       		.uleb128 0x1
 855 000f 10       		.uleb128 0x10
 856 0010 17       		.uleb128 0x17
 857 0011 00       		.byte	0
ARM GAS  C:\Users\r\AppData\Local\Temp\ccebSOvM.s 			page 25


 858 0012 00       		.byte	0
 859 0013 02       		.uleb128 0x2
 860 0014 24       		.uleb128 0x24
 861 0015 00       		.byte	0
 862 0016 0B       		.uleb128 0xb
 863 0017 0B       		.uleb128 0xb
 864 0018 3E       		.uleb128 0x3e
 865 0019 0B       		.uleb128 0xb
 866 001a 03       		.uleb128 0x3
 867 001b 0E       		.uleb128 0xe
 868 001c 00       		.byte	0
 869 001d 00       		.byte	0
 870 001e 03       		.uleb128 0x3
 871 001f 24       		.uleb128 0x24
 872 0020 00       		.byte	0
 873 0021 0B       		.uleb128 0xb
 874 0022 0B       		.uleb128 0xb
 875 0023 3E       		.uleb128 0x3e
 876 0024 0B       		.uleb128 0xb
 877 0025 03       		.uleb128 0x3
 878 0026 08       		.uleb128 0x8
 879 0027 00       		.byte	0
 880 0028 00       		.byte	0
 881 0029 04       		.uleb128 0x4
 882 002a 16       		.uleb128 0x16
 883 002b 00       		.byte	0
 884 002c 03       		.uleb128 0x3
 885 002d 0E       		.uleb128 0xe
 886 002e 3A       		.uleb128 0x3a
 887 002f 0B       		.uleb128 0xb
 888 0030 3B       		.uleb128 0x3b
 889 0031 0B       		.uleb128 0xb
 890 0032 49       		.uleb128 0x49
 891 0033 13       		.uleb128 0x13
 892 0034 00       		.byte	0
 893 0035 00       		.byte	0
 894 0036 05       		.uleb128 0x5
 895 0037 16       		.uleb128 0x16
 896 0038 00       		.byte	0
 897 0039 03       		.uleb128 0x3
 898 003a 0E       		.uleb128 0xe
 899 003b 3A       		.uleb128 0x3a
 900 003c 0B       		.uleb128 0xb
 901 003d 3B       		.uleb128 0x3b
 902 003e 05       		.uleb128 0x5
 903 003f 49       		.uleb128 0x49
 904 0040 13       		.uleb128 0x13
 905 0041 00       		.byte	0
 906 0042 00       		.byte	0
 907 0043 06       		.uleb128 0x6
 908 0044 35       		.uleb128 0x35
 909 0045 00       		.byte	0
 910 0046 49       		.uleb128 0x49
 911 0047 13       		.uleb128 0x13
 912 0048 00       		.byte	0
 913 0049 00       		.byte	0
 914 004a 07       		.uleb128 0x7
ARM GAS  C:\Users\r\AppData\Local\Temp\ccebSOvM.s 			page 26


 915 004b 0F       		.uleb128 0xf
 916 004c 00       		.byte	0
 917 004d 0B       		.uleb128 0xb
 918 004e 0B       		.uleb128 0xb
 919 004f 49       		.uleb128 0x49
 920 0050 13       		.uleb128 0x13
 921 0051 00       		.byte	0
 922 0052 00       		.byte	0
 923 0053 08       		.uleb128 0x8
 924 0054 15       		.uleb128 0x15
 925 0055 00       		.byte	0
 926 0056 27       		.uleb128 0x27
 927 0057 19       		.uleb128 0x19
 928 0058 00       		.byte	0
 929 0059 00       		.byte	0
 930 005a 09       		.uleb128 0x9
 931 005b 0F       		.uleb128 0xf
 932 005c 00       		.byte	0
 933 005d 0B       		.uleb128 0xb
 934 005e 0B       		.uleb128 0xb
 935 005f 00       		.byte	0
 936 0060 00       		.byte	0
 937 0061 0A       		.uleb128 0xa
 938 0062 26       		.uleb128 0x26
 939 0063 00       		.byte	0
 940 0064 49       		.uleb128 0x49
 941 0065 13       		.uleb128 0x13
 942 0066 00       		.byte	0
 943 0067 00       		.byte	0
 944 0068 0B       		.uleb128 0xb
 945 0069 13       		.uleb128 0x13
 946 006a 01       		.byte	0x1
 947 006b 03       		.uleb128 0x3
 948 006c 0E       		.uleb128 0xe
 949 006d 0B       		.uleb128 0xb
 950 006e 0B       		.uleb128 0xb
 951 006f 3A       		.uleb128 0x3a
 952 0070 0B       		.uleb128 0xb
 953 0071 3B       		.uleb128 0x3b
 954 0072 0B       		.uleb128 0xb
 955 0073 01       		.uleb128 0x1
 956 0074 13       		.uleb128 0x13
 957 0075 00       		.byte	0
 958 0076 00       		.byte	0
 959 0077 0C       		.uleb128 0xc
 960 0078 0D       		.uleb128 0xd
 961 0079 00       		.byte	0
 962 007a 03       		.uleb128 0x3
 963 007b 0E       		.uleb128 0xe
 964 007c 3A       		.uleb128 0x3a
 965 007d 0B       		.uleb128 0xb
 966 007e 3B       		.uleb128 0x3b
 967 007f 0B       		.uleb128 0xb
 968 0080 49       		.uleb128 0x49
 969 0081 13       		.uleb128 0x13
 970 0082 38       		.uleb128 0x38
 971 0083 0B       		.uleb128 0xb
ARM GAS  C:\Users\r\AppData\Local\Temp\ccebSOvM.s 			page 27


 972 0084 00       		.byte	0
 973 0085 00       		.byte	0
 974 0086 0D       		.uleb128 0xd
 975 0087 2E       		.uleb128 0x2e
 976 0088 00       		.byte	0
 977 0089 3F       		.uleb128 0x3f
 978 008a 19       		.uleb128 0x19
 979 008b 03       		.uleb128 0x3
 980 008c 0E       		.uleb128 0xe
 981 008d 3A       		.uleb128 0x3a
 982 008e 0B       		.uleb128 0xb
 983 008f 3B       		.uleb128 0x3b
 984 0090 0B       		.uleb128 0xb
 985 0091 27       		.uleb128 0x27
 986 0092 19       		.uleb128 0x19
 987 0093 11       		.uleb128 0x11
 988 0094 01       		.uleb128 0x1
 989 0095 12       		.uleb128 0x12
 990 0096 06       		.uleb128 0x6
 991 0097 40       		.uleb128 0x40
 992 0098 18       		.uleb128 0x18
 993 0099 9642     		.uleb128 0x2116
 994 009b 19       		.uleb128 0x19
 995 009c 00       		.byte	0
 996 009d 00       		.byte	0
 997 009e 0E       		.uleb128 0xe
 998 009f 2E       		.uleb128 0x2e
 999 00a0 01       		.byte	0x1
 1000 00a1 3F       		.uleb128 0x3f
 1001 00a2 19       		.uleb128 0x19
 1002 00a3 03       		.uleb128 0x3
 1003 00a4 0E       		.uleb128 0xe
 1004 00a5 3A       		.uleb128 0x3a
 1005 00a6 0B       		.uleb128 0xb
 1006 00a7 3B       		.uleb128 0x3b
 1007 00a8 0B       		.uleb128 0xb
 1008 00a9 27       		.uleb128 0x27
 1009 00aa 19       		.uleb128 0x19
 1010 00ab 8701     		.uleb128 0x87
 1011 00ad 19       		.uleb128 0x19
 1012 00ae 11       		.uleb128 0x11
 1013 00af 01       		.uleb128 0x1
 1014 00b0 12       		.uleb128 0x12
 1015 00b1 06       		.uleb128 0x6
 1016 00b2 40       		.uleb128 0x40
 1017 00b3 18       		.uleb128 0x18
 1018 00b4 9642     		.uleb128 0x2116
 1019 00b6 19       		.uleb128 0x19
 1020 00b7 01       		.uleb128 0x1
 1021 00b8 13       		.uleb128 0x13
 1022 00b9 00       		.byte	0
 1023 00ba 00       		.byte	0
 1024 00bb 0F       		.uleb128 0xf
 1025 00bc 05       		.uleb128 0x5
 1026 00bd 00       		.byte	0
 1027 00be 03       		.uleb128 0x3
 1028 00bf 0E       		.uleb128 0xe
ARM GAS  C:\Users\r\AppData\Local\Temp\ccebSOvM.s 			page 28


 1029 00c0 3A       		.uleb128 0x3a
 1030 00c1 0B       		.uleb128 0xb
 1031 00c2 3B       		.uleb128 0x3b
 1032 00c3 0B       		.uleb128 0xb
 1033 00c4 49       		.uleb128 0x49
 1034 00c5 13       		.uleb128 0x13
 1035 00c6 02       		.uleb128 0x2
 1036 00c7 18       		.uleb128 0x18
 1037 00c8 00       		.byte	0
 1038 00c9 00       		.byte	0
 1039 00ca 10       		.uleb128 0x10
 1040 00cb 2E       		.uleb128 0x2e
 1041 00cc 01       		.byte	0x1
 1042 00cd 3F       		.uleb128 0x3f
 1043 00ce 19       		.uleb128 0x19
 1044 00cf 03       		.uleb128 0x3
 1045 00d0 0E       		.uleb128 0xe
 1046 00d1 3A       		.uleb128 0x3a
 1047 00d2 0B       		.uleb128 0xb
 1048 00d3 3B       		.uleb128 0x3b
 1049 00d4 05       		.uleb128 0x5
 1050 00d5 27       		.uleb128 0x27
 1051 00d6 19       		.uleb128 0x19
 1052 00d7 49       		.uleb128 0x49
 1053 00d8 13       		.uleb128 0x13
 1054 00d9 11       		.uleb128 0x11
 1055 00da 01       		.uleb128 0x1
 1056 00db 12       		.uleb128 0x12
 1057 00dc 06       		.uleb128 0x6
 1058 00dd 40       		.uleb128 0x40
 1059 00de 18       		.uleb128 0x18
 1060 00df 9642     		.uleb128 0x2116
 1061 00e1 19       		.uleb128 0x19
 1062 00e2 01       		.uleb128 0x1
 1063 00e3 13       		.uleb128 0x13
 1064 00e4 00       		.byte	0
 1065 00e5 00       		.byte	0
 1066 00e6 11       		.uleb128 0x11
 1067 00e7 05       		.uleb128 0x5
 1068 00e8 00       		.byte	0
 1069 00e9 03       		.uleb128 0x3
 1070 00ea 0E       		.uleb128 0xe
 1071 00eb 3A       		.uleb128 0x3a
 1072 00ec 0B       		.uleb128 0xb
 1073 00ed 3B       		.uleb128 0x3b
 1074 00ee 05       		.uleb128 0x5
 1075 00ef 49       		.uleb128 0x49
 1076 00f0 13       		.uleb128 0x13
 1077 00f1 02       		.uleb128 0x2
 1078 00f2 18       		.uleb128 0x18
 1079 00f3 00       		.byte	0
 1080 00f4 00       		.byte	0
 1081 00f5 12       		.uleb128 0x12
 1082 00f6 34       		.uleb128 0x34
 1083 00f7 00       		.byte	0
 1084 00f8 03       		.uleb128 0x3
 1085 00f9 08       		.uleb128 0x8
ARM GAS  C:\Users\r\AppData\Local\Temp\ccebSOvM.s 			page 29


 1086 00fa 3A       		.uleb128 0x3a
 1087 00fb 0B       		.uleb128 0xb
 1088 00fc 3B       		.uleb128 0x3b
 1089 00fd 05       		.uleb128 0x5
 1090 00fe 49       		.uleb128 0x49
 1091 00ff 13       		.uleb128 0x13
 1092 0100 3F       		.uleb128 0x3f
 1093 0101 19       		.uleb128 0x19
 1094 0102 3C       		.uleb128 0x3c
 1095 0103 19       		.uleb128 0x19
 1096 0104 00       		.byte	0
 1097 0105 00       		.byte	0
 1098 0106 13       		.uleb128 0x13
 1099 0107 34       		.uleb128 0x34
 1100 0108 00       		.byte	0
 1101 0109 03       		.uleb128 0x3
 1102 010a 0E       		.uleb128 0xe
 1103 010b 3A       		.uleb128 0x3a
 1104 010c 0B       		.uleb128 0xb
 1105 010d 3B       		.uleb128 0x3b
 1106 010e 05       		.uleb128 0x5
 1107 010f 49       		.uleb128 0x49
 1108 0110 13       		.uleb128 0x13
 1109 0111 02       		.uleb128 0x2
 1110 0112 18       		.uleb128 0x18
 1111 0113 00       		.byte	0
 1112 0114 00       		.byte	0
 1113 0115 14       		.uleb128 0x14
 1114 0116 2E       		.uleb128 0x2e
 1115 0117 00       		.byte	0
 1116 0118 3F       		.uleb128 0x3f
 1117 0119 19       		.uleb128 0x19
 1118 011a 03       		.uleb128 0x3
 1119 011b 0E       		.uleb128 0xe
 1120 011c 3A       		.uleb128 0x3a
 1121 011d 0B       		.uleb128 0xb
 1122 011e 3B       		.uleb128 0x3b
 1123 011f 05       		.uleb128 0x5
 1124 0120 27       		.uleb128 0x27
 1125 0121 19       		.uleb128 0x19
 1126 0122 11       		.uleb128 0x11
 1127 0123 01       		.uleb128 0x1
 1128 0124 12       		.uleb128 0x12
 1129 0125 06       		.uleb128 0x6
 1130 0126 40       		.uleb128 0x40
 1131 0127 18       		.uleb128 0x18
 1132 0128 9642     		.uleb128 0x2116
 1133 012a 19       		.uleb128 0x19
 1134 012b 00       		.byte	0
 1135 012c 00       		.byte	0
 1136 012d 15       		.uleb128 0x15
 1137 012e 2E       		.uleb128 0x2e
 1138 012f 01       		.byte	0x1
 1139 0130 3F       		.uleb128 0x3f
 1140 0131 19       		.uleb128 0x19
 1141 0132 03       		.uleb128 0x3
 1142 0133 0E       		.uleb128 0xe
ARM GAS  C:\Users\r\AppData\Local\Temp\ccebSOvM.s 			page 30


 1143 0134 3A       		.uleb128 0x3a
 1144 0135 0B       		.uleb128 0xb
 1145 0136 3B       		.uleb128 0x3b
 1146 0137 05       		.uleb128 0x5
 1147 0138 27       		.uleb128 0x27
 1148 0139 19       		.uleb128 0x19
 1149 013a 8701     		.uleb128 0x87
 1150 013c 19       		.uleb128 0x19
 1151 013d 11       		.uleb128 0x11
 1152 013e 01       		.uleb128 0x1
 1153 013f 12       		.uleb128 0x12
 1154 0140 06       		.uleb128 0x6
 1155 0141 40       		.uleb128 0x40
 1156 0142 18       		.uleb128 0x18
 1157 0143 9642     		.uleb128 0x2116
 1158 0145 19       		.uleb128 0x19
 1159 0146 01       		.uleb128 0x1
 1160 0147 13       		.uleb128 0x13
 1161 0148 00       		.byte	0
 1162 0149 00       		.byte	0
 1163 014a 16       		.uleb128 0x16
 1164 014b 0B       		.uleb128 0xb
 1165 014c 01       		.byte	0x1
 1166 014d 11       		.uleb128 0x11
 1167 014e 01       		.uleb128 0x1
 1168 014f 12       		.uleb128 0x12
 1169 0150 06       		.uleb128 0x6
 1170 0151 00       		.byte	0
 1171 0152 00       		.byte	0
 1172 0153 17       		.uleb128 0x17
 1173 0154 34       		.uleb128 0x34
 1174 0155 00       		.byte	0
 1175 0156 03       		.uleb128 0x3
 1176 0157 08       		.uleb128 0x8
 1177 0158 3A       		.uleb128 0x3a
 1178 0159 0B       		.uleb128 0xb
 1179 015a 3B       		.uleb128 0x3b
 1180 015b 05       		.uleb128 0x5
 1181 015c 49       		.uleb128 0x49
 1182 015d 13       		.uleb128 0x13
 1183 015e 02       		.uleb128 0x2
 1184 015f 18       		.uleb128 0x18
 1185 0160 00       		.byte	0
 1186 0161 00       		.byte	0
 1187 0162 18       		.uleb128 0x18
 1188 0163 2E       		.uleb128 0x2e
 1189 0164 01       		.byte	0x1
 1190 0165 3F       		.uleb128 0x3f
 1191 0166 19       		.uleb128 0x19
 1192 0167 03       		.uleb128 0x3
 1193 0168 0E       		.uleb128 0xe
 1194 0169 3A       		.uleb128 0x3a
 1195 016a 0B       		.uleb128 0xb
 1196 016b 3B       		.uleb128 0x3b
 1197 016c 05       		.uleb128 0x5
 1198 016d 27       		.uleb128 0x27
 1199 016e 19       		.uleb128 0x19
ARM GAS  C:\Users\r\AppData\Local\Temp\ccebSOvM.s 			page 31


 1200 016f 11       		.uleb128 0x11
 1201 0170 01       		.uleb128 0x1
 1202 0171 12       		.uleb128 0x12
 1203 0172 06       		.uleb128 0x6
 1204 0173 40       		.uleb128 0x40
 1205 0174 18       		.uleb128 0x18
 1206 0175 9642     		.uleb128 0x2116
 1207 0177 19       		.uleb128 0x19
 1208 0178 01       		.uleb128 0x1
 1209 0179 13       		.uleb128 0x13
 1210 017a 00       		.byte	0
 1211 017b 00       		.byte	0
 1212 017c 19       		.uleb128 0x19
 1213 017d 34       		.uleb128 0x34
 1214 017e 00       		.byte	0
 1215 017f 03       		.uleb128 0x3
 1216 0180 0E       		.uleb128 0xe
 1217 0181 3A       		.uleb128 0x3a
 1218 0182 0B       		.uleb128 0xb
 1219 0183 3B       		.uleb128 0x3b
 1220 0184 0B       		.uleb128 0xb
 1221 0185 49       		.uleb128 0x49
 1222 0186 13       		.uleb128 0x13
 1223 0187 02       		.uleb128 0x2
 1224 0188 18       		.uleb128 0x18
 1225 0189 00       		.byte	0
 1226 018a 00       		.byte	0
 1227 018b 1A       		.uleb128 0x1a
 1228 018c 34       		.uleb128 0x34
 1229 018d 00       		.byte	0
 1230 018e 03       		.uleb128 0x3
 1231 018f 0E       		.uleb128 0xe
 1232 0190 3A       		.uleb128 0x3a
 1233 0191 0B       		.uleb128 0xb
 1234 0192 3B       		.uleb128 0x3b
 1235 0193 0B       		.uleb128 0xb
 1236 0194 49       		.uleb128 0x49
 1237 0195 13       		.uleb128 0x13
 1238 0196 3F       		.uleb128 0x3f
 1239 0197 19       		.uleb128 0x19
 1240 0198 3C       		.uleb128 0x3c
 1241 0199 19       		.uleb128 0x19
 1242 019a 00       		.byte	0
 1243 019b 00       		.byte	0
 1244 019c 1B       		.uleb128 0x1b
 1245 019d 01       		.uleb128 0x1
 1246 019e 01       		.byte	0x1
 1247 019f 49       		.uleb128 0x49
 1248 01a0 13       		.uleb128 0x13
 1249 01a1 01       		.uleb128 0x1
 1250 01a2 13       		.uleb128 0x13
 1251 01a3 00       		.byte	0
 1252 01a4 00       		.byte	0
 1253 01a5 1C       		.uleb128 0x1c
 1254 01a6 21       		.uleb128 0x21
 1255 01a7 00       		.byte	0
 1256 01a8 49       		.uleb128 0x49
ARM GAS  C:\Users\r\AppData\Local\Temp\ccebSOvM.s 			page 32


 1257 01a9 13       		.uleb128 0x13
 1258 01aa 2F       		.uleb128 0x2f
 1259 01ab 0B       		.uleb128 0xb
 1260 01ac 00       		.byte	0
 1261 01ad 00       		.byte	0
 1262 01ae 1D       		.uleb128 0x1d
 1263 01af 34       		.uleb128 0x34
 1264 01b0 00       		.byte	0
 1265 01b1 03       		.uleb128 0x3
 1266 01b2 0E       		.uleb128 0xe
 1267 01b3 3A       		.uleb128 0x3a
 1268 01b4 0B       		.uleb128 0xb
 1269 01b5 3B       		.uleb128 0x3b
 1270 01b6 0B       		.uleb128 0xb
 1271 01b7 49       		.uleb128 0x49
 1272 01b8 13       		.uleb128 0x13
 1273 01b9 3F       		.uleb128 0x3f
 1274 01ba 19       		.uleb128 0x19
 1275 01bb 02       		.uleb128 0x2
 1276 01bc 18       		.uleb128 0x18
 1277 01bd 00       		.byte	0
 1278 01be 00       		.byte	0
 1279 01bf 1E       		.uleb128 0x1e
 1280 01c0 21       		.uleb128 0x21
 1281 01c1 00       		.byte	0
 1282 01c2 00       		.byte	0
 1283 01c3 00       		.byte	0
 1284 01c4 1F       		.uleb128 0x1f
 1285 01c5 34       		.uleb128 0x34
 1286 01c6 00       		.byte	0
 1287 01c7 03       		.uleb128 0x3
 1288 01c8 0E       		.uleb128 0xe
 1289 01c9 3A       		.uleb128 0x3a
 1290 01ca 0B       		.uleb128 0xb
 1291 01cb 3B       		.uleb128 0x3b
 1292 01cc 05       		.uleb128 0x5
 1293 01cd 49       		.uleb128 0x49
 1294 01ce 13       		.uleb128 0x13
 1295 01cf 3F       		.uleb128 0x3f
 1296 01d0 19       		.uleb128 0x19
 1297 01d1 02       		.uleb128 0x2
 1298 01d2 18       		.uleb128 0x18
 1299 01d3 00       		.byte	0
 1300 01d4 00       		.byte	0
 1301 01d5 00       		.byte	0
 1302              		.section	.debug_aranges,"",%progbits
 1303 0000 44000000 		.4byte	0x44
 1304 0004 0200     		.2byte	0x2
 1305 0006 00000000 		.4byte	.Ldebug_info0
 1306 000a 04       		.byte	0x4
 1307 000b 00       		.byte	0
 1308 000c 0000     		.2byte	0
 1309 000e 0000     		.2byte	0
 1310 0010 00000000 		.4byte	.LFB0
 1311 0014 14000000 		.4byte	.LFE0-.LFB0
 1312 0018 00000000 		.4byte	.LFB1
 1313 001c 14000000 		.4byte	.LFE1-.LFB1
ARM GAS  C:\Users\r\AppData\Local\Temp\ccebSOvM.s 			page 33


 1314 0020 00000000 		.4byte	.LFB2
 1315 0024 54000000 		.4byte	.LFE2-.LFB2
 1316 0028 00000000 		.4byte	.LFB3
 1317 002c 08000000 		.4byte	.LFE3-.LFB3
 1318 0030 00000000 		.4byte	.LFB4
 1319 0034 98000000 		.4byte	.LFE4-.LFB4
 1320 0038 00000000 		.4byte	.LFB5
 1321 003c 94000000 		.4byte	.LFE5-.LFB5
 1322 0040 00000000 		.4byte	0
 1323 0044 00000000 		.4byte	0
 1324              		.section	.debug_ranges,"",%progbits
 1325              	.Ldebug_ranges0:
 1326 0000 00000000 		.4byte	.LFB0
 1327 0004 14000000 		.4byte	.LFE0
 1328 0008 00000000 		.4byte	.LFB1
 1329 000c 14000000 		.4byte	.LFE1
 1330 0010 00000000 		.4byte	.LFB2
 1331 0014 54000000 		.4byte	.LFE2
 1332 0018 00000000 		.4byte	.LFB3
 1333 001c 08000000 		.4byte	.LFE3
 1334 0020 00000000 		.4byte	.LFB4
 1335 0024 98000000 		.4byte	.LFE4
 1336 0028 00000000 		.4byte	.LFB5
 1337 002c 94000000 		.4byte	.LFE5
 1338 0030 00000000 		.4byte	0
 1339 0034 00000000 		.4byte	0
 1340              		.section	.debug_line,"",%progbits
 1341              	.Ldebug_line0:
 1342 0000 D6010000 		.section	.debug_str,"MS",%progbits,1
 1342      0200D200 
 1342      00000201 
 1342      FB0E0D00 
 1342      01010101 
 1343              	.LASF17:
 1344 0000 72656733 		.ascii	"reg32\000"
 1344      3200
 1345              	.LASF10:
 1346 0006 73697A65 		.ascii	"size_t\000"
 1346      5F7400
 1347              	.LASF44:
 1348 000d 474E5520 		.ascii	"GNU C11 5.4.1 20160609 (release) [ARM/embedded-5-br"
 1348      43313120 
 1348      352E342E 
 1348      31203230 
 1348      31363036 
 1349 0040 616E6368 		.ascii	"anch revision 237715] -mcpu=cortex-m3 -mthumb -g -O"
 1349      20726576 
 1349      6973696F 
 1349      6E203233 
 1349      37373135 
 1350 0073 30202D66 		.ascii	"0 -ffunction-sections -ffat-lto-objects\000"
 1350      66756E63 
 1350      74696F6E 
 1350      2D736563 
 1350      74696F6E 
 1351              	.LASF40:
 1352 009b 43795261 		.ascii	"CyRamVectors\000"
ARM GAS  C:\Users\r\AppData\Local\Temp\ccebSOvM.s 			page 34


 1352      6D566563 
 1352      746F7273 
 1352      00
 1353              	.LASF39:
 1354 00a8 43795265 		.ascii	"CyResetStatus\000"
 1354      73657453 
 1354      74617475 
 1354      7300
 1355              	.LASF33:
 1356 00b6 53746172 		.ascii	"Start_c\000"
 1356      745F6300 
 1357              	.LASF37:
 1358 00be 636F756E 		.ascii	"count\000"
 1358      7400
 1359              	.LASF30:
 1360 00c4 68656170 		.ascii	"heapPointer\000"
 1360      506F696E 
 1360      74657200 
 1361              	.LASF3:
 1362 00d0 73686F72 		.ascii	"short unsigned int\000"
 1362      7420756E 
 1362      7369676E 
 1362      65642069 
 1362      6E7400
 1363              	.LASF42:
 1364 00e3 5F5F6379 		.ascii	"__cy_region_num\000"
 1364      5F726567 
 1364      696F6E5F 
 1364      6E756D00 
 1365              	.LASF21:
 1366 00f3 696E6974 		.ascii	"init\000"
 1366      00
 1367              	.LASF27:
 1368 00f8 73746174 		.ascii	"status\000"
 1368      757300
 1369              	.LASF24:
 1370 00ff 7A65726F 		.ascii	"zero_size\000"
 1370      5F73697A 
 1370      6500
 1371              	.LASF35:
 1372 0109 72707472 		.ascii	"rptr\000"
 1372      00
 1373              	.LASF13:
 1374 010e 666C6F61 		.ascii	"float\000"
 1374      7400
 1375              	.LASF22:
 1376 0114 64617461 		.ascii	"data\000"
 1376      00
 1377              	.LASF1:
 1378 0119 756E7369 		.ascii	"unsigned char\000"
 1378      676E6564 
 1378      20636861 
 1378      7200
 1379              	.LASF29:
 1380 0127 72657475 		.ascii	"returnValue\000"
 1380      726E5661 
 1380      6C756500 
ARM GAS  C:\Users\r\AppData\Local\Temp\ccebSOvM.s 			page 35


 1381              	.LASF43:
 1382 0133 526F6D56 		.ascii	"RomVectors\000"
 1382      6563746F 
 1382      727300
 1383              	.LASF5:
 1384 013e 6C6F6E67 		.ascii	"long unsigned int\000"
 1384      20756E73 
 1384      69676E65 
 1384      6420696E 
 1384      7400
 1385              	.LASF38:
 1386 0150 63795379 		.ascii	"cySysNoInitDataValid\000"
 1386      734E6F49 
 1386      6E697444 
 1386      61746156 
 1386      616C6964 
 1387              	.LASF11:
 1388 0165 75696E74 		.ascii	"uint8\000"
 1388      3800
 1389              	.LASF32:
 1390 016b 52657365 		.ascii	"Reset\000"
 1390      7400
 1391              	.LASF25:
 1392 0171 5F657869 		.ascii	"_exit\000"
 1392      7400
 1393              	.LASF45:
 1394 0177 47656E65 		.ascii	"Generated_Source\\PSoC5\\Cm3Start.c\000"
 1394      72617465 
 1394      645F536F 
 1394      75726365 
 1394      5C50536F 
 1395              	.LASF26:
 1396 0199 5F736272 		.ascii	"_sbrk\000"
 1396      6B00
 1397              	.LASF14:
 1398 019f 646F7562 		.ascii	"double\000"
 1398      6C6500
 1399              	.LASF48:
 1400 01a6 696E6974 		.ascii	"initialize_psoc\000"
 1400      69616C69 
 1400      7A655F70 
 1400      736F6300 
 1401              	.LASF12:
 1402 01b6 75696E74 		.ascii	"uint32\000"
 1402      333200
 1403              	.LASF8:
 1404 01bd 756E7369 		.ascii	"unsigned int\000"
 1404      676E6564 
 1404      20696E74 
 1404      00
 1405              	.LASF7:
 1406 01ca 6C6F6E67 		.ascii	"long long unsigned int\000"
 1406      206C6F6E 
 1406      6720756E 
 1406      7369676E 
 1406      65642069 
 1407              	.LASF36:
ARM GAS  C:\Users\r\AppData\Local\Temp\ccebSOvM.s 			page 36


 1408 01e1 6C696D69 		.ascii	"limit\000"
 1408      7400
 1409              	.LASF18:
 1410 01e7 63796973 		.ascii	"cyisraddress\000"
 1410      72616464 
 1410      72657373 
 1410      00
 1411              	.LASF23:
 1412 01f4 696E6974 		.ascii	"init_size\000"
 1412      5F73697A 
 1412      6500
 1413              	.LASF20:
 1414 01fe 5F5F6379 		.ascii	"__cy_byte_align8\000"
 1414      5F627974 
 1414      655F616C 
 1414      69676E38 
 1414      00
 1415              	.LASF16:
 1416 020f 72656738 		.ascii	"reg8\000"
 1416      00
 1417              	.LASF19:
 1418 0214 73697A65 		.ascii	"sizetype\000"
 1418      74797065 
 1418      00
 1419              	.LASF6:
 1420 021d 6C6F6E67 		.ascii	"long long int\000"
 1420      206C6F6E 
 1420      6720696E 
 1420      7400
 1421              	.LASF46:
 1422 022b 433A5C55 		.ascii	"C:\\Users\\r\\Documents\\Data Sheets\\apple\\SCSI2S"
 1422      73657273 
 1422      5C725C44 
 1422      6F63756D 
 1422      656E7473 
 1423 0258 445C5343 		.ascii	"D\\SCSI2SD_Copy_01.cydsn\000"
 1423      53493253 
 1423      445F436F 
 1423      70795F30 
 1423      312E6379 
 1424              	.LASF15:
 1425 0270 63686172 		.ascii	"char\000"
 1425      00
 1426              	.LASF2:
 1427 0275 73686F72 		.ascii	"short int\000"
 1427      7420696E 
 1427      7400
 1428              	.LASF4:
 1429 027f 6C6F6E67 		.ascii	"long int\000"
 1429      20696E74 
 1429      00
 1430              	.LASF9:
 1431 0288 6C6F6E67 		.ascii	"long double\000"
 1431      20646F75 
 1431      626C6500 
 1432              	.LASF0:
 1433 0294 7369676E 		.ascii	"signed char\000"
ARM GAS  C:\Users\r\AppData\Local\Temp\ccebSOvM.s 			page 37


 1433      65642063 
 1433      68617200 
 1434              	.LASF31:
 1435 02a0 496E7444 		.ascii	"IntDefaultHandler\000"
 1435      65666175 
 1435      6C744861 
 1435      6E646C65 
 1435      7200
 1436              	.LASF41:
 1437 02b2 5F5F6379 		.ascii	"__cy_regions\000"
 1437      5F726567 
 1437      696F6E73 
 1437      00
 1438              	.LASF34:
 1439 02bf 72656769 		.ascii	"regions\000"
 1439      6F6E7300 
 1440              	.LASF28:
 1441 02c7 6E627974 		.ascii	"nbytes\000"
 1441      657300
 1442              	.LASF47:
 1443 02ce 5F5F6379 		.ascii	"__cy_region\000"
 1443      5F726567 
 1443      696F6E00 
 1444              		.ident	"GCC: (GNU Tools for ARM Embedded Processors) 5.4.1 20160609 (release) [ARM/embedded-5-bran
