Archive member included to satisfy reference by file (symbol)

.\CortexM3\ARM_GCC_541\Debug\SCSI2SD_Copy_01.a(SD_Data_Clk.o)
                              .\CortexM3\ARM_GCC_541\Debug\sd_cy8c52.o (SD_Data_Clk_SetDividerRegister)
.\CortexM3\ARM_GCC_541\Debug\SCSI2SD_Copy_01.a(SCSI_CTL_PHASE.o)
                              .\CortexM3\ARM_GCC_541\Debug\scsi.o (SCSI_CTL_PHASE_Write)
.\CortexM3\ARM_GCC_541\Debug\SCSI2SD_Copy_01.a(SD_CS.o)
                              .\CortexM3\ARM_GCC_541\Debug\sd_cy8c52.o (SD_CS_Write)
.\CortexM3\ARM_GCC_541\Debug\SCSI2SD_Copy_01.a(SD_SCK.o)
                              .\CortexM3\ARM_GCC_541\Debug\sd_cy8c52.o (SD_SCK_SetDriveMode)
.\CortexM3\ARM_GCC_541\Debug\SCSI2SD_Copy_01.a(SD_MOSI.o)
                              .\CortexM3\ARM_GCC_541\Debug\sd_cy8c52.o (SD_MOSI_SetDriveMode)
.\CortexM3\ARM_GCC_541\Debug\SCSI2SD_Copy_01.a(SCSI_CLK.o)
                              .\CortexM3\ARM_GCC_541\Debug\scsiPhy.o (SCSI_CLK_SetDividerRegister)
.\CortexM3\ARM_GCC_541\Debug\SCSI2SD_Copy_01.a(SCSI_RST_ISR.o)
                              .\CortexM3\ARM_GCC_541\Debug\scsiPhy.o (SCSI_RST_ISR_Disable)
.\CortexM3\ARM_GCC_541\Debug\SCSI2SD_Copy_01.a(LED1.o)
                              .\CortexM3\ARM_GCC_541\Debug\led_cy8c52.o (LED1_Write)
.\CortexM3\ARM_GCC_541\Debug\SCSI2SD_Copy_01.a(SDCard.o)
                              .\CortexM3\ARM_GCC_541\Debug\sd_cy8c52.o (SDCard_ClearFIFO)
.\CortexM3\ARM_GCC_541\Debug\SCSI2SD_Copy_01.a(SD_MISO.o)
                              .\CortexM3\ARM_GCC_541\Debug\sd_cy8c52.o (SD_MISO_SetDriveMode)
.\CortexM3\ARM_GCC_541\Debug\SCSI2SD_Copy_01.a(USBFS.o)
                              .\CortexM3\ARM_GCC_541\Debug\config.o (USBFS_Start)
.\CortexM3\ARM_GCC_541\Debug\SCSI2SD_Copy_01.a(USBFS_drv.o)
                              .\CortexM3\ARM_GCC_541\Debug\SCSI2SD_Copy_01.a(USBFS.o) (USBFS_EP)
.\CortexM3\ARM_GCC_541\Debug\SCSI2SD_Copy_01.a(USBFS_episr.o)
                              .\CortexM3\ARM_GCC_541\Debug\SCSI2SD_Copy_01.a(USBFS.o) (USBFS_EP_1_ISR)
.\CortexM3\ARM_GCC_541\Debug\SCSI2SD_Copy_01.a(USBFS_hid.o)
                              .\CortexM3\ARM_GCC_541\Debug\SCSI2SD_Copy_01.a(USBFS.o) (USBFS_hidProtocol)
.\CortexM3\ARM_GCC_541\Debug\SCSI2SD_Copy_01.a(USBFS_pm.o)
                              .\CortexM3\ARM_GCC_541\Debug\SCSI2SD_Copy_01.a(USBFS.o) (USBFS_DP_ISR)
.\CortexM3\ARM_GCC_541\Debug\SCSI2SD_Copy_01.a(USBFS_std.o)
                              .\CortexM3\ARM_GCC_541\Debug\SCSI2SD_Copy_01.a(USBFS_drv.o) (USBFS_HandleStandardRqst)
.\CortexM3\ARM_GCC_541\Debug\SCSI2SD_Copy_01.a(USBFS_vnd.o)
                              .\CortexM3\ARM_GCC_541\Debug\SCSI2SD_Copy_01.a(USBFS_drv.o) (USBFS_HandleVendorRqst)
.\CortexM3\ARM_GCC_541\Debug\SCSI2SD_Copy_01.a(Bootloadable_1.o)
                              .\CortexM3\ARM_GCC_541\Debug\config.o (Bootloadable_1_Load)
.\CortexM3\ARM_GCC_541\Debug\SCSI2SD_Copy_01.a(SCSI_Out_Bits.o)
                              .\CortexM3\ARM_GCC_541\Debug\scsi.o (SCSI_Out_Bits_Write)
.\CortexM3\ARM_GCC_541\Debug\SCSI2SD_Copy_01.a(SCSI_Out_Ctl.o)
                              .\CortexM3\ARM_GCC_541\Debug\scsi.o (SCSI_Out_Ctl_Write)
.\CortexM3\ARM_GCC_541\Debug\SCSI2SD_Copy_01.a(Debug_Timer.o)
                              .\CortexM3\ARM_GCC_541\Debug\config.o (Debug_Timer_Start)
.\CortexM3\ARM_GCC_541\Debug\SCSI2SD_Copy_01.a(Debug_Timer_Interrupt.o)
                              .\CortexM3\ARM_GCC_541\Debug\config.o (Debug_Timer_Interrupt_StartEx)
.\CortexM3\ARM_GCC_541\Debug\SCSI2SD_Copy_01.a(SCSI_TX_DMA_dma.o)
                              .\CortexM3\ARM_GCC_541\Debug\scsiPhy.o (SCSI_TX_DMA_DmaInitialize)
.\CortexM3\ARM_GCC_541\Debug\SCSI2SD_Copy_01.a(SCSI_TX_DMA_COMPLETE.o)
                              .\CortexM3\ARM_GCC_541\Debug\scsiPhy.o (SCSI_TX_DMA_COMPLETE_StartEx)
.\CortexM3\ARM_GCC_541\Debug\SCSI2SD_Copy_01.a(SD_RX_DMA_dma.o)
                              .\CortexM3\ARM_GCC_541\Debug\sd_cy8c52.o (SD_RX_DMA_DmaInitialize)
.\CortexM3\ARM_GCC_541\Debug\SCSI2SD_Copy_01.a(SD_TX_DMA_dma.o)
                              .\CortexM3\ARM_GCC_541\Debug\sd_cy8c52.o (SD_TX_DMA_DmaInitialize)
.\CortexM3\ARM_GCC_541\Debug\SCSI2SD_Copy_01.a(SD_RX_DMA_COMPLETE.o)
                              .\CortexM3\ARM_GCC_541\Debug\sd_cy8c52.o (SD_RX_DMA_COMPLETE_StartEx)
.\CortexM3\ARM_GCC_541\Debug\SCSI2SD_Copy_01.a(SD_TX_DMA_COMPLETE.o)
                              .\CortexM3\ARM_GCC_541\Debug\sd_cy8c52.o (SD_TX_DMA_COMPLETE_StartEx)
.\CortexM3\ARM_GCC_541\Debug\SCSI2SD_Copy_01.a(SCSI_RX_DMA_dma.o)
                              .\CortexM3\ARM_GCC_541\Debug\scsiPhy.o (SCSI_RX_DMA_DmaInitialize)
.\CortexM3\ARM_GCC_541\Debug\SCSI2SD_Copy_01.a(SCSI_RX_DMA_COMPLETE.o)
                              .\CortexM3\ARM_GCC_541\Debug\scsiPhy.o (SCSI_RX_DMA_COMPLETE_StartEx)
.\CortexM3\ARM_GCC_541\Debug\SCSI2SD_Copy_01.a(SCSI_Parity_Error.o)
[...]
Memory Configuration

Name             Origin             Length             Attributes
rom              0x00000000         0x00040000         xr
ram              0x1fff8000         0x00010000         xrw
*default*        0x00000000         0xffffffff

Linker script and memory map

LOAD c:/program files (x86)/cypress/psoc creator/4.2/psoc creator/import/gnu/arm/5.4.1/bin/../lib/gcc/arm-none-eabi/5.4.1/armv7-m/crti.o
LOAD c:/program files (x86)/cypress/psoc creator/4.2/psoc creator/import/gnu/arm/5.4.1/bin/../lib/gcc/arm-none-eabi/5.4.1/armv7-m/crtbegin.o
LOAD c:/program files (x86)/cypress/psoc creator/4.2/psoc creator/import/gnu/arm/5.4.1/bin/../lib/gcc/arm-none-eabi/5.4.1/../../../../arm-none-eabi/lib/armv7-m/crt0.o
START GROUP
LOAD .\CortexM3\ARM_GCC_541\Debug\diagnostic.o
LOAD .\CortexM3\ARM_GCC_541\Debug\disk.o
LOAD .\CortexM3\ARM_GCC_541\Debug\geometry.o
LOAD .\CortexM3\ARM_GCC_541\Debug\inquiry.o
LOAD .\CortexM3\ARM_GCC_541\Debug\mode.o
LOAD .\CortexM3\ARM_GCC_541\Debug\scsi.o
LOAD .\CortexM3\ARM_GCC_541\Debug\bits.o
LOAD .\CortexM3\ARM_GCC_541\Debug\config.o
LOAD .\CortexM3\ARM_GCC_541\Debug\time.o
LOAD .\CortexM3\ARM_GCC_541\Debug\hidpacket.o
LOAD .\CortexM3\ARM_GCC_541\Debug\cdrom.o
LOAD .\CortexM3\ARM_GCC_541\Debug\trace.o
LOAD .\CortexM3\ARM_GCC_541\Debug\mo.o
LOAD .\CortexM3\ARM_GCC_541\Debug\tape.o
LOAD .\CortexM3\ARM_GCC_541\Debug\scsiPhy.o
LOAD .\CortexM3\ARM_GCC_541\Debug\vendor.o
LOAD .\CortexM3\ARM_GCC_541\Debug\sd_cy8c52.o
LOAD .\CortexM3\ARM_GCC_541\Debug\led_cy8c52.o
LOAD .\CortexM3\ARM_GCC_541\Debug\main_cy8c52sound.o
LOAD .\CortexM3\ARM_GCC_541\Debug\cyfitter_cfg.o
LOAD .\CortexM3\ARM_GCC_541\Debug\cybootloader.o
LOAD .\CortexM3\ARM_GCC_541\Debug\cymetadata.o
LOAD .\CortexM3\ARM_GCC_541\Debug\Cm3Start.o
LOAD .\CortexM3\ARM_GCC_541\Debug\SCSI2SD_Copy_01.a
LOAD C:\Program Files (x86)\Cypress\PSoC Creator\4.2\PSoC Creator\psoc\content\cycomponentlibrary\CyComponentLibrary.cylib\CortexM3\ARM_GCC_541\Debug\CyComponentLibrary.a
END GROUP
START GROUP
LOAD c:/program files (x86)/cypress/psoc creator/4.2/psoc creator/import/gnu/arm/5.4.1/bin/../lib/gcc/arm-none-eabi/5.4.1/armv7-m\libgcc.a
LOAD c:/program files (x86)/cypress/psoc creator/4.2/psoc creator/import/gnu/arm/5.4.1/bin/../lib/gcc/arm-none-eabi/5.4.1/../../../../arm-none-eabi/lib/armv7-m\libg_nano.a
LOAD c:/program files (x86)/cypress/psoc creator/4.2/psoc creator/import/gnu/arm/5.4.1/bin/../lib/gcc/arm-none-eabi/5.4.1/../../../../arm-none-eabi/lib/armv7-m\libc_nano.a
END GROUP
START GROUP
LOAD c:/program files (x86)/cypress/psoc creator/4.2/psoc creator/import/gnu/arm/5.4.1/bin/../lib/gcc/arm-none-eabi/5.4.1/armv7-m\libgcc.a
LOAD c:/program files (x86)/cypress/psoc creator/4.2/psoc creator/import/gnu/arm/5.4.1/bin/../lib/gcc/arm-none-eabi/5.4.1/../../../../arm-none-eabi/lib/armv7-m\libc_nano.a
END GROUP
LOAD c:/program files (x86)/cypress/psoc creator/4.2/psoc creator/import/gnu/arm/5.4.1/bin/../lib/gcc/arm-none-eabi/5.4.1/armv7-m/crtend.o
LOAD c:/program files (x86)/cypress/psoc creator/4.2/psoc creator/import/gnu/arm/5.4.1/bin/../lib/gcc/arm-none-eabi/5.4.1/armv7-m/crtn.o
START GROUP
LOAD c:/program files (x86)/cypress/psoc creator/4.2/psoc creator/import/gnu/arm/5.4.1/bin/../lib/gcc/arm-none-eabi/5.4.1/armv7-m\libgcc.a
LOAD c:/program files (x86)/cypress/psoc creator/4.2/psoc creator/import/gnu/arm/5.4.1/bin/../lib/gcc/arm-none-eabi/5.4.1/../../../../arm-none-eabi/lib/armv7-m\libc.a
LOAD c:/program files (x86)/cypress/psoc creator/4.2/psoc creator/import/gnu/arm/5.4.1/bin/../lib/gcc/arm-none-eabi/5.4.1/../../../../arm-none-eabi/lib/armv7-m\libnosys.a
END GROUP
                0x00000000                CY_APPL_ORIGIN = 0x0
                0x00000100                CY_FLASH_ROW_SIZE = 0x100
                0x00000020                CY_ECC_ROW_SIZE = 0x20
                0x00000000                CY_EE_IN_BTLDR = 0x0
                0x00000001                CY_APPL_LOADABLE = 0x1
                0x00000800                CY_EE_SIZE = 0x800
                0x00000001                CY_APPL_NUM = 0x1
                0x00000001                CY_APPL_MAX = 0x1
                0x00000040                CY_METADATA_SIZE = 0x40
                0x00000001                CY_APPL_LOADABLE = 0x1
                0x00000000                CY_CHECKSUM_EXCLUDE_SIZE = ALIGN (0x0, CY_FLASH_ROW_SIZE)
                [!provide]                PROVIDE (__cy_heap_start, _end)
                0x00000001                PROVIDE (__cy_region_num, ((__cy_regions_end - __cy_regions) / 0x10))
                0x20008000                PROVIDE (__cy_stack, (ORIGIN (ram) + LENGTH (ram)))
                [!provide]                PROVIDE (__cy_heap_end, (__cy_stack - 0x1000))

.cybootloader   0x00000000     0x4300
 *(.cybootloader)
 .cybootloader  0x00000000     0x4300 .\CortexM3\ARM_GCC_541\Debug\cybootloader.o
                0x00000000                cy_bootloader
                0x00004300                appl1_start = CY_APPL_ORIGIN?CY_APPL_ORIGIN:ALIGN (CY_FLASH_ROW_SIZE)
                0x00022100                appl2_start = (appl1_start + ALIGN ((((LENGTH (rom) - appl1_start) - (0x2 * CY_FLASH_ROW_SIZE)) / 0x2), CY_FLASH_ROW_SIZE))
                0x00004300                appl_start = (CY_APPL_NUM == 0x1)?appl1_start:appl2_start
                0x00000860                ecc_offset = ((appl_start / CY_FLASH_ROW_SIZE) * CY_ECC_ROW_SIZE)
                0x00000000                ee_offset = (CY_APPL_LOADABLE && ! (CY_EE_IN_BTLDR))?((CY_EE_SIZE / CY_APPL_MAX) * (CY_APPL_NUM - 0x1)):0x0
                0x00000800                ee_size = (CY_APPL_LOADABLE && ! (CY_EE_IN_BTLDR))?(CY_EE_SIZE / CY_APPL_MAX):CY_EE_SIZE
                [!provide]                PROVIDE (CY_ECC_OFFSET, ecc_offset)

.text           0x00004300     0xc3c6
 CREATE_OBJECT_SYMBOLS
                0x00004300                PROVIDE (__cy_interrupt_vector, RomVectors)
 *(.romvectors)
 .romvectors    0x00004300       0x10 .\CortexM3\ARM_GCC_541\Debug\Cm3Start.o
                0x00004300                RomVectors
                0x00000001                ASSERT ((. != __cy_interrupt_vector), No interrupt vector)
                0x00000001                ASSERT (CY_APPL_ORIGIN?(SIZEOF (.cybootloader) <= CY_APPL_ORIGIN):0x1, Wrong image location)
                0x00004310                PROVIDE (__cy_reset, Reset)
 *(.text.Reset)
 .text.Reset    0x00004310        0x8 .\CortexM3\ARM_GCC_541\Debug\Cm3Start.o
                0x00004310                Reset
                0x00000001                ASSERT ((. != __cy_reset), No reset code)
 *(.dma_init)
                0x00000001                ASSERT ((((appl_start + .) <= 0x10000) || 0x1), DMA Init must be within the first 64k of flash)
 *(.text .text.* .gnu.linkonce.t.*)
 .text          0x00004318       0x5c c:/program files (x86)/cypress/psoc creator/4.2/psoc creator/import/gnu/arm/5.4.1/bin/../lib/gcc/arm-none-eabi/5.4.1/armv7-m/crtbegin.o
 .text.scsiSendDiagnostic
                0x00004374       0x90 .\CortexM3\ARM_GCC_541\Debug\diagnostic.o
                0x00004374                scsiSendDiagnostic
 .text.scsiReceiveDiagnostic
                0x00004404      0x16c .\CortexM3\ARM_GCC_541\Debug\diagnostic.o
                0x00004404                scsiReceiveDiagnostic
 .text.scsiReadBuffer
                0x00004570       0xc8 .\CortexM3\ARM_GCC_541\Debug\diagnostic.o
                0x00004570                scsiReadBuffer
 .text.doWriteBuffer
                0x00004638       0x28 .\CortexM3\ARM_GCC_541\Debug\diagnostic.o
 .text.scsiWriteBuffer
                0x00004660       0xa4 .\CortexM3\ARM_GCC_541\Debug\diagnostic.o
                0x00004660                scsiWriteBuffer
 .text.scsiWriteSectorBuffer
                0x00004704       0x3c .\CortexM3\ARM_GCC_541\Debug\diagnostic.o
                0x00004704                scsiWriteSectorBuffer
 .text.SDSectorsPerSCSISector
                0x00004740       0x24 .\CortexM3\ARM_GCC_541\Debug\disk.o
 .text.doSdInit
                0x00004764       0x3c .\CortexM3\ARM_GCC_541\Debug\disk.o
 .text.doFormatUnitComplete
                0x000047a0       0x18 .\CortexM3\ARM_GCC_541\Debug\disk.o
 .text.doFormatUnitSkipData
                0x000047b8       0x30 .\CortexM3\ARM_GCC_541\Debug\disk.o
 .text.doFormatUnitPatternHeader
                0x000047e8       0x48 .\CortexM3\ARM_GCC_541\Debug\disk.o
 .text.doFormatUnitHeader
                0x00004830       0xac .\CortexM3\ARM_GCC_541\Debug\disk.o
 .text.doReadCapacity
                0x000048dc      0x158 .\CortexM3\ARM_GCC_541\Debug\disk.o
 .text.doWrite  0x00004a34      0x178 .\CortexM3\ARM_GCC_541\Debug\disk.o
 .text.doRead   0x00004bac      0x15c .\CortexM3\ARM_GCC_541\Debug\disk.o
 .text.doSeek   0x00004d08       0x68 .\CortexM3\ARM_GCC_541\Debug\disk.o
 .text.doTestUnitReady
                0x00004d70       0xf4 .\CortexM3\ARM_GCC_541\Debug\disk.o
 .text.scsiDiskCommand
                0x00004e64      0x45c .\CortexM3\ARM_GCC_541\Debug\disk.o
                0x00004e64                scsiDiskCommand
 .text.scsiDiskPoll
                0x000052c0      0x6c0 .\CortexM3\ARM_GCC_541\Debug\disk.o
                0x000052c0                scsiDiskPoll
 .text.scsiDiskReset
                0x00005980       0x60 .\CortexM3\ARM_GCC_541\Debug\disk.o
                0x00005980                scsiDiskReset
 .text.scsiDiskInit
                0x000059e0       0x18 .\CortexM3\ARM_GCC_541\Debug\disk.o
                0x000059e0                scsiDiskInit
 .text.SDSectorsPerSCSISector
                0x000059f8       0x24 .\CortexM3\ARM_GCC_541\Debug\geometry.o
 .text.getScsiCapacity
                0x00005a1c       0x48 .\CortexM3\ARM_GCC_541\Debug\geometry.o
                0x00005a1c                getScsiCapacity
 .text.SCSISector2SD
                0x00005a64       0x2c .\CortexM3\ARM_GCC_541\Debug\geometry.o
                0x00005a64                SCSISector2SD
 .text.CHS2LBA  0x00005a90       0x74 .\CortexM3\ARM_GCC_541\Debug\geometry.o
                0x00005a90                CHS2LBA
 .text.LBA2CHS  0x00005b04       0x58 .\CortexM3\ARM_GCC_541\Debug\geometry.o
                0x00005b04                LBA2CHS
 .text.scsiByteAddress
                0x00005b5c      0x19c .\CortexM3\ARM_GCC_541\Debug\geometry.o
                0x00005b5c                scsiByteAddress
 .text.scsiSaveByteAddress
                0x00005cf8      0x1ac .\CortexM3\ARM_GCC_541\Debug\geometry.o
                0x00005cf8                scsiSaveByteAddress
 .text.useCustomVPD
                0x00005ea4       0xc4 .\CortexM3\ARM_GCC_541\Debug\inquiry.o
 .text.scsiInquiry
                0x00005f68      0x318 .\CortexM3\ARM_GCC_541\Debug\inquiry.o
                0x00005f68                scsiInquiry
 .text.getDeviceTypeQualifier
                0x00006280       0x4c .\CortexM3\ARM_GCC_541\Debug\inquiry.o
                0x00006280                getDeviceTypeQualifier
 .text.pageIn   0x000062cc       0x50 .\CortexM3\ARM_GCC_541\Debug\mode.o
 .text.useCustomPages
                0x0000631c       0xa4 .\CortexM3\ARM_GCC_541\Debug\mode.o
 .text.doModeSense
                0x000063c0      0x704 .\CortexM3\ARM_GCC_541\Debug\mode.o
 .text.doModeSelect
                0x00006ac4      0x1c0 .\CortexM3\ARM_GCC_541\Debug\mode.o
 .text.scsiModeCommand
                0x00006c84      0x184 .\CortexM3\ARM_GCC_541\Debug\mode.o
                0x00006c84                scsiModeCommand
 .text.enter_BusFree
                0x00006e08       0x74 .\CortexM3\ARM_GCC_541\Debug\scsi.o
                0x00006e08                enter_BusFree
 .text.enter_MessageIn
                0x00006e7c       0x2c .\CortexM3\ARM_GCC_541\Debug\scsi.o
 .text.process_MessageIn
                0x00006ea8       0xc0 .\CortexM3\ARM_GCC_541\Debug\scsi.o
                0x00006ea8                process_MessageIn
 .text.messageReject
                0x00006f68       0x14 .\CortexM3\ARM_GCC_541\Debug\scsi.o
 .text.enter_Status
                0x00006f7c       0x60 .\CortexM3\ARM_GCC_541\Debug\scsi.o
 .text.process_Status
                0x00006fdc      0x194 .\CortexM3\ARM_GCC_541\Debug\scsi.o
                0x00006fdc                process_Status
 .text.enter_DataIn
                0x00007170       0x2c .\CortexM3\ARM_GCC_541\Debug\scsi.o
 .text.process_DataIn
                0x0000719c       0xbc .\CortexM3\ARM_GCC_541\Debug\scsi.o
 .text.process_DataOut
                0x00007258      0x11c .\CortexM3\ARM_GCC_541\Debug\scsi.o
 .text.process_Command
                0x00007374      0x50c .\CortexM3\ARM_GCC_541\Debug\scsi.o
 .text.doReserveRelease
                0x00007880      0x138 .\CortexM3\ARM_GCC_541\Debug\scsi.o
 .text.scsiReset
                0x000079b8       0xfc .\CortexM3\ARM_GCC_541\Debug\scsi.o
 .text.enter_SelectionPhase
                0x00007ab4       0xa0 .\CortexM3\ARM_GCC_541\Debug\scsi.o
 .text.process_SelectionPhase
                0x00007b54      0x39c .\CortexM3\ARM_GCC_541\Debug\scsi.o
 .text.process_MessageOut
                0x00007ef0      0x318 .\CortexM3\ARM_GCC_541\Debug\scsi.o
 .text.scsiPoll
                0x00008208      0x218 .\CortexM3\ARM_GCC_541\Debug\scsi.o
                0x00008208                scsiPoll
 .text.scsiInit
                0x00008420      0x150 .\CortexM3\ARM_GCC_541\Debug\scsi.o
                0x00008420                scsiInit
 .text.scsiDisconnect
                0x00008570       0x38 .\CortexM3\ARM_GCC_541\Debug\scsi.o
                0x00008570                scsiDisconnect
 .text.scsiReconnect
                0x000085a8      0x244 .\CortexM3\ARM_GCC_541\Debug\scsi.o
                0x000085a8                scsiReconnect
 .text.countBits
                0x000087ec       0x38 .\CortexM3\ARM_GCC_541\Debug\bits.o
                0x000087ec                countBits
 .text.initBoardConfig
                0x00008824       0x50 .\CortexM3\ARM_GCC_541\Debug\config.o
 .text.configInit
                0x00008874       0x88 .\CortexM3\ARM_GCC_541\Debug\config.o
                0x00008874                configInit
 .text.readFlashCommand
                0x000088fc       0x3c .\CortexM3\ARM_GCC_541\Debug\config.o
 .text.writeFlashCommand
                0x00008938       0x80 .\CortexM3\ARM_GCC_541\Debug\config.o
 .text.pingCommand
                0x000089b8       0x1c .\CortexM3\ARM_GCC_541\Debug\config.o
 .text.sdInfoCommand
                0x000089d4       0x40 .\CortexM3\ARM_GCC_541\Debug\config.o
 .text.scsiTestCommand
                0x00008a14       0x34 .\CortexM3\ARM_GCC_541\Debug\config.o
 .text.processCommand
                0x00008a48       0x6c .\CortexM3\ARM_GCC_541\Debug\config.o
 .text.configPoll
                0x00008ab4      0x110 .\CortexM3\ARM_GCC_541\Debug\config.o
                0x00008ab4                configPoll
 .text.debugPoll
                0x00008bc4      0x248 .\CortexM3\ARM_GCC_541\Debug\config.o
                0x00008bc4                debugPoll
 .text.debugTimerISR
                0x00008e0c       0x2c .\CortexM3\ARM_GCC_541\Debug\config.o
                0x00008e0c                debugTimerISR
 .text.debugInit
                0x00008e38       0x18 .\CortexM3\ARM_GCC_541\Debug\config.o
                0x00008e38                debugInit
 .text.isDebugEnabled
                0x00008e50       0x14 .\CortexM3\ARM_GCC_541\Debug\config.o
                0x00008e50                isDebugEnabled
 .text.configSave
                0x00008e64       0x94 .\CortexM3\ARM_GCC_541\Debug\config.o
                0x00008e64                configSave
 .text.getConfigByIndex
                0x00008ef8       0x3c .\CortexM3\ARM_GCC_541\Debug\config.o
                0x00008ef8                getConfigByIndex
 .text.NVIC_SetPriority
                0x00008f34       0x54 .\CortexM3\ARM_GCC_541\Debug\time.o
 .text.SysTick_Config
                0x00008f88       0x44 .\CortexM3\ARM_GCC_541\Debug\time.o
 .text.TickISR  0x00008fcc       0x1c .\CortexM3\ARM_GCC_541\Debug\time.o
                0x00008fcc                TickISR
 .text.timeInit
                0x00008fe8       0x1c .\CortexM3\ARM_GCC_541\Debug\time.o
                0x00008fe8                timeInit
 .text.getTime_ms
                0x00009004       0x14 .\CortexM3\ARM_GCC_541\Debug\time.o
                0x00009004                getTime_ms
 .text.diffTime_ms
                0x00009018       0x2c .\CortexM3\ARM_GCC_541\Debug\time.o
                0x00009018                diffTime_ms
 .text.elapsedTime_ms
                0x00009044       0x34 .\CortexM3\ARM_GCC_541\Debug\time.o
                0x00009044                elapsedTime_ms
 .text.rxReset  0x00009078       0x30 .\CortexM3\ARM_GCC_541\Debug\hidpacket.o
 .text.txReset  0x000090a8       0x30 .\CortexM3\ARM_GCC_541\Debug\hidpacket.o
 .text.hidPacket_recv
                0x000090d8       0xf0 .\CortexM3\ARM_GCC_541\Debug\hidpacket.o
                0x000090d8                hidPacket_recv
 .text.hidPacket_getPacket
                0x000091c8       0x3c .\CortexM3\ARM_GCC_541\Debug\hidpacket.o
                0x000091c8                hidPacket_getPacket
 .text.hidPacket_send
                0x00009204       0x48 .\CortexM3\ARM_GCC_541\Debug\hidpacket.o
                0x00009204                hidPacket_send
 .text.hidPacket_getHIDBytes
                0x0000924c       0xb8 .\CortexM3\ARM_GCC_541\Debug\hidpacket.o
                0x0000924c                hidPacket_getHIDBytes
 .text.LBA2MSF  0x00009304       0x7c .\CortexM3\ARM_GCC_541\Debug\cdrom.o
 .text.doReadTOC
                0x00009380       0xe4 .\CortexM3\ARM_GCC_541\Debug\cdrom.o
 .text.doReadSessionInfo
                0x00009464       0x54 .\CortexM3\ARM_GCC_541\Debug\cdrom.o
 .text.fromBCD  0x000094b8       0x30 .\CortexM3\ARM_GCC_541\Debug\cdrom.o
 .text.doReadFullTOC
                0x000094e8       0xd4 .\CortexM3\ARM_GCC_541\Debug\cdrom.o
 .text.doReadHeader
                0x000095bc       0x50 .\CortexM3\ARM_GCC_541\Debug\cdrom.o
                0x000095bc                doReadHeader
 .text.scsiCDRomCommand
                0x0000960c      0x158 .\CortexM3\ARM_GCC_541\Debug\cdrom.o
                0x0000960c                scsiCDRomCommand
 .text.traceInit
                0x00009764       0x80 .\CortexM3\ARM_GCC_541\Debug\trace.o
                0x00009764                traceInit
 .text.scsiMOCommand
                0x000097e4       0x38 .\CortexM3\ARM_GCC_541\Debug\mo.o
                0x000097e4                scsiMOCommand
 .text.scsiTapeCommand
                0x0000981c       0x10 .\CortexM3\ARM_GCC_541\Debug\tape.o
                0x0000981c                scsiTapeCommand
 .text.scsiRxCompleteISR
                0x0000982c       0x20 .\CortexM3\ARM_GCC_541\Debug\scsiPhy.o
                0x0000982c                scsiRxCompleteISR
 .text.scsiTxCompleteISR
                0x0000984c       0x20 .\CortexM3\ARM_GCC_541\Debug\scsiPhy.o
                0x0000984c                scsiTxCompleteISR
 .text.scsiResetISR
                0x0000986c       0x24 .\CortexM3\ARM_GCC_541\Debug\scsiPhy.o
                0x0000986c                scsiResetISR
 .text.scsiSelectionISR
                0x00009890       0x24 .\CortexM3\ARM_GCC_541\Debug\scsiPhy.o
                0x00009890                scsiSelectionISR
 .text.scsiReadDBxPins
                0x000098b4       0xf0 .\CortexM3\ARM_GCC_541\Debug\scsiPhy.o
                0x000098b4                scsiReadDBxPins
 .text.scsiReadByte
                0x000099a4       0xb0 .\CortexM3\ARM_GCC_541\Debug\scsiPhy.o
                0x000099a4                scsiReadByte
 .text.scsiReadPIO
                0x00009a54       0xac .\CortexM3\ARM_GCC_541\Debug\scsiPhy.o
 .text.doRxSingleDMA
                0x00009b00       0xe0 .\CortexM3\ARM_GCC_541\Debug\scsiPhy.o
 .text.scsiReadDMA
                0x00009be0       0x54 .\CortexM3\ARM_GCC_541\Debug\scsiPhy.o
                0x00009be0                scsiReadDMA
 .text.scsiReadDMAPoll
                0x00009c34       0xc8 .\CortexM3\ARM_GCC_541\Debug\scsiPhy.o
                0x00009c34                scsiReadDMAPoll
 .text.scsiRead
                0x00009cfc       0x5c .\CortexM3\ARM_GCC_541\Debug\scsiPhy.o
                0x00009cfc                scsiRead
 .text.scsiWriteByte
                0x00009d58       0x90 .\CortexM3\ARM_GCC_541\Debug\scsiPhy.o
                0x00009d58                scsiWriteByte
 .text.scsiWritePIO
                0x00009de8       0xa4 .\CortexM3\ARM_GCC_541\Debug\scsiPhy.o
 .text.doTxSingleDMA
                0x00009e8c       0x8c .\CortexM3\ARM_GCC_541\Debug\scsiPhy.o
 .text.scsiWriteDMA
                0x00009f18       0x54 .\CortexM3\ARM_GCC_541\Debug\scsiPhy.o
                0x00009f18                scsiWriteDMA
 .text.scsiWriteDMAPoll
                0x00009f6c       0xc8 .\CortexM3\ARM_GCC_541\Debug\scsiPhy.o
                0x00009f6c                scsiWriteDMAPoll
 .text.scsiWrite
                0x0000a034       0x5c .\CortexM3\ARM_GCC_541\Debug\scsiPhy.o
                0x0000a034                scsiWrite
 .text.busSettleDelay
                0x0000a090       0x10 .\CortexM3\ARM_GCC_541\Debug\scsiPhy.o
 .text.scsiEnterPhase
                0x0000a0a0       0x74 .\CortexM3\ARM_GCC_541\Debug\scsiPhy.o
                0x0000a0a0                scsiEnterPhase
 .text.scsiPhyReset
                0x0000a114      0x188 .\CortexM3\ARM_GCC_541\Debug\scsiPhy.o
                0x0000a114                scsiPhyReset
 .text.scsiPhyInitDMA
                0x0000a29c       0x90 .\CortexM3\ARM_GCC_541\Debug\scsiPhy.o
 .text.scsiPhyInit
                0x0000a32c       0x20 .\CortexM3\ARM_GCC_541\Debug\scsiPhy.o
                0x0000a32c                scsiPhyInit
 .text.scsiPhyConfig
                0x0000a34c       0x78 .\CortexM3\ARM_GCC_541\Debug\scsiPhy.o
                0x0000a34c                scsiPhyConfig
 .text.scsiSelfTest
                0x0000a3c4      0x250 .\CortexM3\ARM_GCC_541\Debug\scsiPhy.o
                0x0000a3c4                scsiSelfTest
 .text.doAssignDiskParameters
                0x0000a614       0x18 .\CortexM3\ARM_GCC_541\Debug\vendor.o
 .text.scsiVendorCommand
                0x0000a62c       0x84 .\CortexM3\ARM_GCC_541\Debug\vendor.o
                0x0000a62c                scsiVendorCommand
 .text.sdRxISR  0x0000a6b0       0x18 .\CortexM3\ARM_GCC_541\Debug\sd_cy8c52.o
                0x0000a6b0                sdRxISR
 .text.sdTxISR  0x0000a6c8       0x18 .\CortexM3\ARM_GCC_541\Debug\sd_cy8c52.o
                0x0000a6c8                sdTxISR
 .text.sdCrc7   0x0000a6e0       0x74 .\CortexM3\ARM_GCC_541\Debug\sd_cy8c52.o
 .text.sdSpiByte
                0x0000a754       0x40 .\CortexM3\ARM_GCC_541\Debug\sd_cy8c52.o
 .text.sdWaitWriteBusy
                0x0000a794       0x20 .\CortexM3\ARM_GCC_541\Debug\sd_cy8c52.o
 .text.sdPreCmdState
                0x0000a7b4       0x54 .\CortexM3\ARM_GCC_541\Debug\sd_cy8c52.o
 .text.sdDoCommand
                0x0000a808      0x2a4 .\CortexM3\ARM_GCC_541\Debug\sd_cy8c52.o
 .text.sdCommandAndResponse
                0x0000aaac       0x24 .\CortexM3\ARM_GCC_541\Debug\sd_cy8c52.o
 .text.sdCRCCommandAndResponse
                0x0000aad0       0x24 .\CortexM3\ARM_GCC_541\Debug\sd_cy8c52.o
 .text.sdClearStatus
                0x0000aaf4       0x24 .\CortexM3\ARM_GCC_541\Debug\sd_cy8c52.o
 .text.sdReadMultiSectorPrep
                0x0000ab18       0xd0 .\CortexM3\ARM_GCC_541\Debug\sd_cy8c52.o
                0x0000ab18                sdReadMultiSectorPrep
 .text.dmaReadSector
                0x0000abe8      0x1f8 .\CortexM3\ARM_GCC_541\Debug\sd_cy8c52.o
 .text.sdReadSectorDMAPoll
                0x0000ade0       0x38 .\CortexM3\ARM_GCC_541\Debug\sd_cy8c52.o
                0x0000ade0                sdReadSectorDMAPoll
 .text.sdReadSingleSectorDMA
                0x0000ae18       0x80 .\CortexM3\ARM_GCC_541\Debug\sd_cy8c52.o
                0x0000ae18                sdReadSingleSectorDMA
 .text.sdReadMultiSectorDMA
                0x0000ae98       0x18 .\CortexM3\ARM_GCC_541\Debug\sd_cy8c52.o
                0x0000ae98                sdReadMultiSectorDMA
 .text.sdCompleteRead
                0x0000aeb0       0x9c .\CortexM3\ARM_GCC_541\Debug\sd_cy8c52.o
 .text.sdWriteMultiSectorDMA
                0x0000af4c      0x194 .\CortexM3\ARM_GCC_541\Debug\sd_cy8c52.o
                0x0000af4c                sdWriteMultiSectorDMA
 .text.sdWriteSectorDMAPoll
                0x0000b0e0       0xfc .\CortexM3\ARM_GCC_541\Debug\sd_cy8c52.o
                0x0000b0e0                sdWriteSectorDMAPoll
 .text.sdCompleteWrite
                0x0000b1dc       0xbc .\CortexM3\ARM_GCC_541\Debug\sd_cy8c52.o
 .text.sdCompleteTransfer
                0x0000b298       0x10 .\CortexM3\ARM_GCC_541\Debug\sd_cy8c52.o
                0x0000b298                sdCompleteTransfer
 .text.sendIfCond
                0x0000b2a8       0x7c .\CortexM3\ARM_GCC_541\Debug\sd_cy8c52.o
 .text.sdOpCond
                0x0000b324       0x50 .\CortexM3\ARM_GCC_541\Debug\sd_cy8c52.o
 .text.sdReadOCR
                0x0000b374       0xa0 .\CortexM3\ARM_GCC_541\Debug\sd_cy8c52.o
 .text.sdReadCID
                0x0000b414       0x84 .\CortexM3\ARM_GCC_541\Debug\sd_cy8c52.o
 .text.sdReadCSD
                0x0000b498      0x16c .\CortexM3\ARM_GCC_541\Debug\sd_cy8c52.o
 .text.sdInitDMA
                0x0000b604       0x70 .\CortexM3\ARM_GCC_541\Debug\sd_cy8c52.o
 .text.sdInit   0x0000b674      0x198 .\CortexM3\ARM_GCC_541\Debug\sd_cy8c52.o
                0x0000b674                sdInit
 .text.sdWriteMultiSectorPrep
                0x0000b80c       0xf0 .\CortexM3\ARM_GCC_541\Debug\sd_cy8c52.o
                0x0000b80c                sdWriteMultiSectorPrep
 .text.sdPoll   0x0000b8fc       0x40 .\CortexM3\ARM_GCC_541\Debug\sd_cy8c52.o
                0x0000b8fc                sdPoll
 .text.sdCheckPresent
                0x0000b93c      0x144 .\CortexM3\ARM_GCC_541\Debug\sd_cy8c52.o
                0x0000b93c                sdCheckPresent
 .text.ledInit  0x0000ba80       0x14 .\CortexM3\ARM_GCC_541\Debug\led_cy8c52.o
                0x0000ba80                ledInit
 .text.ledOn    0x0000ba94       0x10 .\CortexM3\ARM_GCC_541\Debug\led_cy8c52.o
                0x0000ba94                ledOn
 .text.ledOff   0x0000baa4       0x10 .\CortexM3\ARM_GCC_541\Debug\led_cy8c52.o
                0x0000baa4                ledOff
 .text.soundInit
                0x0000bab4       0x14 .\CortexM3\ARM_GCC_541\Debug\main_cy8c52sound.o
                0x0000bab4                soundInit
 .text.main     0x0000bac8      0x138 .\CortexM3\ARM_GCC_541\Debug\main_cy8c52sound.o
                0x0000bac8                main
 .text.CYMEMZERO
                0x0000bc00       0x1c .\CortexM3\ARM_GCC_541\Debug\cyfitter_cfg.o
 .text.CYCONFIGCPY
                0x0000bc1c       0x20 .\CortexM3\ARM_GCC_541\Debug\cyfitter_cfg.o
 .text.CYCONFIGCPYCODE
                0x0000bc3c       0x20 .\CortexM3\ARM_GCC_541\Debug\cyfitter_cfg.o
 .text.CyClockStartupError
                0x0000bc5c        0xc .\CortexM3\ARM_GCC_541\Debug\cyfitter_cfg.o
 .text.cfg_write_bytes32
                0x0000bc68       0x74 .\CortexM3\ARM_GCC_541\Debug\cyfitter_cfg.o
 .text.ClockSetup
                0x0000bcdc      0x144 .\CortexM3\ARM_GCC_541\Debug\cyfitter_cfg.o
 .text.AnalogSetDefault
                0x0000be20       0x74 .\CortexM3\ARM_GCC_541\Debug\cyfitter_cfg.o
 .text.cyfitter_cfg
                0x0000be94      0x238 .\CortexM3\ARM_GCC_541\Debug\cyfitter_cfg.o
                0x0000be94                cyfitter_cfg
 .text.IntDefaultHandler
                0x0000c0cc       0x14 .\CortexM3\ARM_GCC_541\Debug\Cm3Start.o
                0x0000c0cc                IntDefaultHandler
 .text.Start_c  0x0000c0e0       0x98 .\CortexM3\ARM_GCC_541\Debug\Cm3Start.o
                0x0000c0e0                Start_c
 .text.initialize_psoc
                0x0000c178       0x94 .\CortexM3\ARM_GCC_541\Debug\Cm3Start.o
                0x0000c178                initialize_psoc
 .text.SD_Data_Clk_SetDividerRegister
                0x0000c20c      0x164 .\CortexM3\ARM_GCC_541\Debug\SCSI2SD_Copy_01.a(SD_Data_Clk.o)
                0x0000c20c                SD_Data_Clk_SetDividerRegister
 .text.SD_Data_Clk_GetDividerRegister
                0x0000c370       0x18 .\CortexM3\ARM_GCC_541\Debug\SCSI2SD_Copy_01.a(SD_Data_Clk.o)
                0x0000c370                SD_Data_Clk_GetDividerRegister
 .text.SD_Data_Clk_GetSourceRegister
                0x0000c388       0x1c .\CortexM3\ARM_GCC_541\Debug\SCSI2SD_Copy_01.a(SD_Data_Clk.o)
                0x0000c388                SD_Data_Clk_GetSourceRegister
 .text.SCSI_CTL_PHASE_Write
                0x0000c3a4       0x20 .\CortexM3\ARM_GCC_541\Debug\SCSI2SD_Copy_01.a(SCSI_CTL_PHASE.o)
                0x0000c3a4                SCSI_CTL_PHASE_Write
 .text.SCSI_CTL_PHASE_Read
                0x0000c3c4       0x18 .\CortexM3\ARM_GCC_541\Debug\SCSI2SD_Copy_01.a(SCSI_CTL_PHASE.o)
                0x0000c3c4                SCSI_CTL_PHASE_Read
 .text.SD_CS_Write
                0x0000c3dc       0x3c .\CortexM3\ARM_GCC_541\Debug\SCSI2SD_Copy_01.a(SD_CS.o)
                0x0000c3dc                SD_CS_Write
 .text.SD_CS_SetDriveMode
                0x0000c418       0x3c .\CortexM3\ARM_GCC_541\Debug\SCSI2SD_Copy_01.a(SD_CS.o)
                0x0000c418                SD_CS_SetDriveMode
 .text.SD_CS_Read
                0x0000c454       0x20 .\CortexM3\ARM_GCC_541\Debug\SCSI2SD_Copy_01.a(SD_CS.o)
                0x0000c454                SD_CS_Read
 .text.SD_SCK_SetDriveMode
                0x0000c474       0x3c .\CortexM3\ARM_GCC_541\Debug\SCSI2SD_Copy_01.a(SD_SCK.o)
                0x0000c474                SD_SCK_SetDriveMode
 .text.SD_MOSI_SetDriveMode
                0x0000c4b0       0x3c .\CortexM3\ARM_GCC_541\Debug\SCSI2SD_Copy_01.a(SD_MOSI.o)
                0x0000c4b0                SD_MOSI_SetDriveMode
 .text.SCSI_CLK_SetDividerRegister
                0x0000c4ec      0x164 .\CortexM3\ARM_GCC_541\Debug\SCSI2SD_Copy_01.a(SCSI_CLK.o)
                0x0000c4ec                SCSI_CLK_SetDividerRegister
 .text.SCSI_CLK_GetDividerRegister
                0x0000c650       0x18 .\CortexM3\ARM_GCC_541\Debug\SCSI2SD_Copy_01.a(SCSI_CLK.o)
                0x0000c650                SCSI_CLK_GetDividerRegister
 .text.SCSI_CLK_GetSourceRegister
                0x0000c668       0x1c .\CortexM3\ARM_GCC_541\Debug\SCSI2SD_Copy_01.a(SCSI_CLK.o)
                0x0000c668                SCSI_CLK_GetSourceRegister
 .text.SCSI_RST_ISR_StartEx
                0x0000c684       0x24 .\CortexM3\ARM_GCC_541\Debug\SCSI2SD_Copy_01.a(SCSI_RST_ISR.o)
                0x0000c684                SCSI_RST_ISR_StartEx
 .text.SCSI_RST_ISR_SetVector
                0x0000c6a8       0x24 .\CortexM3\ARM_GCC_541\Debug\SCSI2SD_Copy_01.a(SCSI_RST_ISR.o)
                0x0000c6a8                SCSI_RST_ISR_SetVector
 .text.SCSI_RST_ISR_SetPriority
                0x0000c6cc       0x24 .\CortexM3\ARM_GCC_541\Debug\SCSI2SD_Copy_01.a(SCSI_RST_ISR.o)
                0x0000c6cc                SCSI_RST_ISR_SetPriority
 .text.SCSI_RST_ISR_Enable
                0x0000c6f0       0x18 .\CortexM3\ARM_GCC_541\Debug\SCSI2SD_Copy_01.a(SCSI_RST_ISR.o)
                0x0000c6f0                SCSI_RST_ISR_Enable
 .text.SCSI_RST_ISR_Disable
                0x0000c708       0x18 .\CortexM3\ARM_GCC_541\Debug\SCSI2SD_Copy_01.a(SCSI_RST_ISR.o)
                0x0000c708                SCSI_RST_ISR_Disable
 .text.LED1_Write
                0x0000c720       0x3c .\CortexM3\ARM_GCC_541\Debug\SCSI2SD_Copy_01.a(LED1.o)
                0x0000c720                LED1_Write
 .text.LED1_SetDriveMode
                0x0000c75c       0x3c .\CortexM3\ARM_GCC_541\Debug\SCSI2SD_Copy_01.a(LED1.o)
                0x0000c75c                LED1_SetDriveMode
 .text.SDCard_Init
                0x0000c798       0x34 .\CortexM3\ARM_GCC_541\Debug\SCSI2SD_Copy_01.a(SDCard.o)
                0x0000c798                SDCard_Init
 .text.SDCard_Enable
                0x0000c7cc       0x64 .\CortexM3\ARM_GCC_541\Debug\SCSI2SD_Copy_01.a(SDCard.o)
                0x0000c7cc                SDCard_Enable
 .text.SDCard_Start
                0x0000c830       0x24 .\CortexM3\ARM_GCC_541\Debug\SCSI2SD_Copy_01.a(SDCard.o)
                0x0000c830                SDCard_Start
 .text.SDCard_Stop
                0x0000c854       0x50 .\CortexM3\ARM_GCC_541\Debug\SCSI2SD_Copy_01.a(SDCard.o)
                0x0000c854                SDCard_Stop
 .text.SDCard_EnableTxInt
                0x0000c8a4        0xc .\CortexM3\ARM_GCC_541\Debug\SCSI2SD_Copy_01.a(SDCard.o)
                0x0000c8a4                SDCard_EnableTxInt
 .text.SDCard_EnableRxInt
                0x0000c8b0        0xc .\CortexM3\ARM_GCC_541\Debug\SCSI2SD_Copy_01.a(SDCard.o)
                0x0000c8b0                SDCard_EnableRxInt
 .text.SDCard_DisableTxInt
                0x0000c8bc        0xc .\CortexM3\ARM_GCC_541\Debug\SCSI2SD_Copy_01.a(SDCard.o)
                0x0000c8bc                SDCard_DisableTxInt
 .text.SDCard_DisableRxInt
                0x0000c8c8        0xc .\CortexM3\ARM_GCC_541\Debug\SCSI2SD_Copy_01.a(SDCard.o)
                0x0000c8c8                SDCard_DisableRxInt
 .text.SDCard_ReadTxStatus
                0x0000c8d4       0x1c .\CortexM3\ARM_GCC_541\Debug\SCSI2SD_Copy_01.a(SDCard.o)
                0x0000c8d4                SDCard_ReadTxStatus
 .text.SDCard_ReadRxStatus
                0x0000c8f0       0x1c .\CortexM3\ARM_GCC_541\Debug\SCSI2SD_Copy_01.a(SDCard.o)
                0x0000c8f0                SDCard_ReadRxStatus
 .text.SDCard_WriteTxData
                0x0000c90c       0x34 .\CortexM3\ARM_GCC_541\Debug\SCSI2SD_Copy_01.a(SDCard.o)
                0x0000c90c                SDCard_WriteTxData
 .text.SDCard_ReadRxData
                0x0000c940       0x1c .\CortexM3\ARM_GCC_541\Debug\SCSI2SD_Copy_01.a(SDCard.o)
                0x0000c940                SDCard_ReadRxData
 .text.SDCard_ClearFIFO
                0x0000c95c       0x60 .\CortexM3\ARM_GCC_541\Debug\SCSI2SD_Copy_01.a(SDCard.o)
                0x0000c95c                SDCard_ClearFIFO
 .text.SD_MISO_SetDriveMode
                0x0000c9bc       0x3c .\CortexM3\ARM_GCC_541\Debug\SCSI2SD_Copy_01.a(SD_MISO.o)
                0x0000c9bc                SD_MISO_SetDriveMode
 .text.USBFS_Start
                0x0000c9f8       0x3c .\CortexM3\ARM_GCC_541\Debug\SCSI2SD_Copy_01.a(USBFS.o)
                0x0000c9f8                USBFS_Start
 .text.USBFS_Init
                0x0000ca34      0x1b8 .\CortexM3\ARM_GCC_541\Debug\SCSI2SD_Copy_01.a(USBFS.o)
                0x0000ca34                USBFS_Init
 .text.USBFS_InitComponent
                0x0000cbec      0x12c .\CortexM3\ARM_GCC_541\Debug\SCSI2SD_Copy_01.a(USBFS.o)
                0x0000cbec                USBFS_InitComponent
 .text.USBFS_ReInitComponent
                0x0000cd18       0x88 .\CortexM3\ARM_GCC_541\Debug\SCSI2SD_Copy_01.a(USBFS.o)
                0x0000cd18                USBFS_ReInitComponent
 .text.USBFS_GetConfiguration
                0x0000cda0       0x18 .\CortexM3\ARM_GCC_541\Debug\SCSI2SD_Copy_01.a(USBFS.o)
                0x0000cda0                USBFS_GetConfiguration
 .text.USBFS_IsConfigurationChanged
                0x0000cdb8       0x30 .\CortexM3\ARM_GCC_541\Debug\SCSI2SD_Copy_01.a(USBFS.o)
                0x0000cdb8                USBFS_IsConfigurationChanged
 .text.USBFS_GetEPState
                0x0000cde8       0x2c .\CortexM3\ARM_GCC_541\Debug\SCSI2SD_Copy_01.a(USBFS.o)
                0x0000cde8                USBFS_GetEPState
 .text.USBFS_GetEPCount
                0x0000ce14       0x60 .\CortexM3\ARM_GCC_541\Debug\SCSI2SD_Copy_01.a(USBFS.o)
                0x0000ce14                USBFS_GetEPCount
 .text.USBFS_LoadInEP
                0x0000ce74      0x108 .\CortexM3\ARM_GCC_541\Debug\SCSI2SD_Copy_01.a(USBFS.o)
                0x0000ce74                USBFS_LoadInEP
 .text.USBFS_ReadOutEP
                0x0000cf7c       0x8c .\CortexM3\ARM_GCC_541\Debug\SCSI2SD_Copy_01.a(USBFS.o)
                0x0000cf7c                USBFS_ReadOutEP
 .text.USBFS_EnableOutEP
                0x0000d008       0x5c .\CortexM3\ARM_GCC_541\Debug\SCSI2SD_Copy_01.a(USBFS.o)
                0x0000d008                USBFS_EnableOutEP
 .text.USBFS_GetEPAckState
                0x0000d064       0x40 .\CortexM3\ARM_GCC_541\Debug\SCSI2SD_Copy_01.a(USBFS.o)
                0x0000d064                USBFS_GetEPAckState
 .text.USBFS_EP_0_ISR
                0x0000d0a4       0xf8 .\CortexM3\ARM_GCC_541\Debug\SCSI2SD_Copy_01.a(USBFS_drv.o)
                0x0000d0a4                USBFS_EP_0_ISR
 .text.USBFS_HandleSetup
                0x0000d19c       0x88 .\CortexM3\ARM_GCC_541\Debug\SCSI2SD_Copy_01.a(USBFS_drv.o)
                0x0000d19c                USBFS_HandleSetup
 .text.USBFS_HandleIN
                0x0000d224       0x4c .\CortexM3\ARM_GCC_541\Debug\SCSI2SD_Copy_01.a(USBFS_drv.o)
                0x0000d224                USBFS_HandleIN
 .text.USBFS_HandleOUT
                0x0000d270       0x58 .\CortexM3\ARM_GCC_541\Debug\SCSI2SD_Copy_01.a(USBFS_drv.o)
                0x0000d270                USBFS_HandleOUT
 .text.USBFS_LoadEP0
                0x0000d2c8       0xd0 .\CortexM3\ARM_GCC_541\Debug\SCSI2SD_Copy_01.a(USBFS_drv.o)
                0x0000d2c8                USBFS_LoadEP0
 .text.USBFS_InitControlRead
                0x0000d398       0x70 .\CortexM3\ARM_GCC_541\Debug\SCSI2SD_Copy_01.a(USBFS_drv.o)
                0x0000d398                USBFS_InitControlRead
 .text.USBFS_InitZeroLengthControlTransfer
                0x0000d408       0x40 .\CortexM3\ARM_GCC_541\Debug\SCSI2SD_Copy_01.a(USBFS_drv.o)
                0x0000d408                USBFS_InitZeroLengthControlTransfer
 .text.USBFS_ControlReadDataStage
                0x0000d448        0xc .\CortexM3\ARM_GCC_541\Debug\SCSI2SD_Copy_01.a(USBFS_drv.o)
                0x0000d448                USBFS_ControlReadDataStage
 .text.USBFS_ControlReadStatusStage
                0x0000d454       0x40 .\CortexM3\ARM_GCC_541\Debug\SCSI2SD_Copy_01.a(USBFS_drv.o)
                0x0000d454                USBFS_ControlReadStatusStage
 .text.USBFS_InitControlWrite
                0x0000d494       0x64 .\CortexM3\ARM_GCC_541\Debug\SCSI2SD_Copy_01.a(USBFS_drv.o)
                0x0000d494                USBFS_InitControlWrite
 .text.USBFS_ControlWriteDataStage
                0x0000d4f8       0xb4 .\CortexM3\ARM_GCC_541\Debug\SCSI2SD_Copy_01.a(USBFS_drv.o)
                0x0000d4f8                USBFS_ControlWriteDataStage
 .text.USBFS_ControlWriteStatusStage
                0x0000d5ac       0x24 .\CortexM3\ARM_GCC_541\Debug\SCSI2SD_Copy_01.a(USBFS_drv.o)
                0x0000d5ac                USBFS_ControlWriteStatusStage
 .text.USBFS_InitNoDataControlTransfer
                0x0000d5d0       0x38 .\CortexM3\ARM_GCC_541\Debug\SCSI2SD_Copy_01.a(USBFS_drv.o)
                0x0000d5d0                USBFS_InitNoDataControlTransfer
 .text.USBFS_NoDataControlStatusStage
                0x0000d608       0x4c .\CortexM3\ARM_GCC_541\Debug\SCSI2SD_Copy_01.a(USBFS_drv.o)
                0x0000d608                USBFS_NoDataControlStatusStage
 .text.USBFS_UpdateStatusBlock
                0x0000d654       0x40 .\CortexM3\ARM_GCC_541\Debug\SCSI2SD_Copy_01.a(USBFS_drv.o)
                0x0000d654                USBFS_UpdateStatusBlock
 .text.USBFS_InitializeStatusBlock
                0x0000d694       0x34 .\CortexM3\ARM_GCC_541\Debug\SCSI2SD_Copy_01.a(USBFS_drv.o)
                0x0000d694                USBFS_InitializeStatusBlock
 .text.USBFS_EP_1_ISR
                0x0000d6c8       0x48 .\CortexM3\ARM_GCC_541\Debug\SCSI2SD_Copy_01.a(USBFS_episr.o)
                0x0000d6c8                USBFS_EP_1_ISR
 .text.USBFS_EP_2_ISR
                0x0000d710       0x4c .\CortexM3\ARM_GCC_541\Debug\SCSI2SD_Copy_01.a(USBFS_episr.o)
                0x0000d710                USBFS_EP_2_ISR
 .text.USBFS_EP_3_ISR
                0x0000d75c       0x54 .\CortexM3\ARM_GCC_541\Debug\SCSI2SD_Copy_01.a(USBFS_episr.o)
                0x0000d75c                USBFS_EP_3_ISR
 .text.USBFS_EP_4_ISR
                0x0000d7b0       0x54 .\CortexM3\ARM_GCC_541\Debug\SCSI2SD_Copy_01.a(USBFS_episr.o)
                0x0000d7b0                USBFS_EP_4_ISR
 .text.USBFS_SOF_ISR
                0x0000d804        0xc .\CortexM3\ARM_GCC_541\Debug\SCSI2SD_Copy_01.a(USBFS_episr.o)
                0x0000d804                USBFS_SOF_ISR
 .text.USBFS_BUS_RESET_ISR
                0x0000d810        0xc .\CortexM3\ARM_GCC_541\Debug\SCSI2SD_Copy_01.a(USBFS_episr.o)
                0x0000d810                USBFS_BUS_RESET_ISR
 .text.USBFS_DispatchHIDClassRqst
                0x0000d81c      0x1e4 .\CortexM3\ARM_GCC_541\Debug\SCSI2SD_Copy_01.a(USBFS_hid.o)
                0x0000d81c                USBFS_DispatchHIDClassRqst
 .text.USBFS_FindHidClassDecriptor
                0x0000da00       0x7c .\CortexM3\ARM_GCC_541\Debug\SCSI2SD_Copy_01.a(USBFS_hid.o)
                0x0000da00                USBFS_FindHidClassDecriptor
 .text.USBFS_FindReportDescriptor
                0x0000da7c       0x90 .\CortexM3\ARM_GCC_541\Debug\SCSI2SD_Copy_01.a(USBFS_hid.o)
                0x0000da7c                USBFS_FindReportDescriptor
 .text.USBFS_FindReport
                0x0000db0c       0xcc .\CortexM3\ARM_GCC_541\Debug\SCSI2SD_Copy_01.a(USBFS_hid.o)
                0x0000db0c                USBFS_FindReport
 .text.USBFS_DP_ISR
                0x0000dbd8        0xc .\CortexM3\ARM_GCC_541\Debug\SCSI2SD_Copy_01.a(USBFS_pm.o)
                0x0000dbd8                USBFS_DP_ISR
 .text.USBFS_HandleStandardRqst
                0x0000dbe4      0x48c .\CortexM3\ARM_GCC_541\Debug\SCSI2SD_Copy_01.a(USBFS_std.o)
                0x0000dbe4                USBFS_HandleStandardRqst
 .text.USBFS_ConfigReg
                0x0000e070      0x138 .\CortexM3\ARM_GCC_541\Debug\SCSI2SD_Copy_01.a(USBFS_std.o)
                0x0000e070                USBFS_ConfigReg
 .text.USBFS_Config
                0x0000e1a8      0x320 .\CortexM3\ARM_GCC_541\Debug\SCSI2SD_Copy_01.a(USBFS_std.o)
                0x0000e1a8                USBFS_Config
 .text.USBFS_ConfigAltChanged
                0x0000e4c8      0x25c .\CortexM3\ARM_GCC_541\Debug\SCSI2SD_Copy_01.a(USBFS_std.o)
                0x0000e4c8                USBFS_ConfigAltChanged
 .text.USBFS_GetConfigTablePtr
                0x0000e724       0x50 .\CortexM3\ARM_GCC_541\Debug\SCSI2SD_Copy_01.a(USBFS_std.o)
                0x0000e724                USBFS_GetConfigTablePtr
 .text.USBFS_GetDeviceTablePtr
                0x0000e774       0x24 .\CortexM3\ARM_GCC_541\Debug\SCSI2SD_Copy_01.a(USBFS_std.o)
                0x0000e774                USBFS_GetDeviceTablePtr
 .text.USBFS_GetInterfaceClassTablePtr
                0x0000e798       0x4c .\CortexM3\ARM_GCC_541\Debug\SCSI2SD_Copy_01.a(USBFS_std.o)
                0x0000e798                USBFS_GetInterfaceClassTablePtr
 .text.USBFS_SetEndpointHalt
                0x0000e7e4       0xe8 .\CortexM3\ARM_GCC_541\Debug\SCSI2SD_Copy_01.a(USBFS_std.o)
                0x0000e7e4                USBFS_SetEndpointHalt
 .text.USBFS_ClearEndpointHalt
                0x0000e8cc      0x158 .\CortexM3\ARM_GCC_541\Debug\SCSI2SD_Copy_01.a(USBFS_std.o)
                0x0000e8cc                USBFS_ClearEndpointHalt
 .text.USBFS_ValidateAlternateSetting
                0x0000ea24       0x70 .\CortexM3\ARM_GCC_541\Debug\SCSI2SD_Copy_01.a(USBFS_std.o)
                0x0000ea24                USBFS_ValidateAlternateSetting
 .text.USBFS_HandleVendorRqst
                0x0000ea94       0x34 .\CortexM3\ARM_GCC_541\Debug\SCSI2SD_Copy_01.a(USBFS_vnd.o)
                0x0000ea94                USBFS_HandleVendorRqst
 .text.Bootloadable_1_Load
                0x0000eac8       0x18 .\CortexM3\ARM_GCC_541\Debug\SCSI2SD_Copy_01.a(Bootloadable_1.o)
                0x0000eac8                Bootloadable_1_Load
 .text.SCSI_Out_Bits_Write
                0x0000eae0       0x20 .\CortexM3\ARM_GCC_541\Debug\SCSI2SD_Copy_01.a(SCSI_Out_Bits.o)
                0x0000eae0                SCSI_Out_Bits_Write
 .text.SCSI_Out_Ctl_Write
                0x0000eb00       0x20 .\CortexM3\ARM_GCC_541\Debug\SCSI2SD_Copy_01.a(SCSI_Out_Ctl.o)
                0x0000eb00                SCSI_Out_Ctl_Write
 .text.Debug_Timer_Init
                0x0000eb20       0xa0 .\CortexM3\ARM_GCC_541\Debug\SCSI2SD_Copy_01.a(Debug_Timer.o)
                0x0000eb20                Debug_Timer_Init
 .text.Debug_Timer_Enable
                0x0000ebc0       0x48 .\CortexM3\ARM_GCC_541\Debug\SCSI2SD_Copy_01.a(Debug_Timer.o)
                0x0000ebc0                Debug_Timer_Enable
 .text.Debug_Timer_Start
                0x0000ec08       0x24 .\CortexM3\ARM_GCC_541\Debug\SCSI2SD_Copy_01.a(Debug_Timer.o)
                0x0000ec08                Debug_Timer_Start
 .text.Debug_Timer_SetInterruptMode
                0x0000ec2c       0x20 .\CortexM3\ARM_GCC_541\Debug\SCSI2SD_Copy_01.a(Debug_Timer.o)
                0x0000ec2c                Debug_Timer_SetInterruptMode
 .text.Debug_Timer_ReadStatusRegister
                0x0000ec4c       0x18 .\CortexM3\ARM_GCC_541\Debug\SCSI2SD_Copy_01.a(Debug_Timer.o)
                0x0000ec4c                Debug_Timer_ReadStatusRegister
 .text.Debug_Timer_WritePeriod
                0x0000ec64       0x24 .\CortexM3\ARM_GCC_541\Debug\SCSI2SD_Copy_01.a(Debug_Timer.o)
                0x0000ec64                Debug_Timer_WritePeriod
 .text.Debug_Timer_WriteCounter
                0x0000ec88       0x20 .\CortexM3\ARM_GCC_541\Debug\SCSI2SD_Copy_01.a(Debug_Timer.o)
                0x0000ec88                Debug_Timer_WriteCounter
 .text.Debug_Timer_Interrupt_StartEx
                0x0000eca8       0x24 .\CortexM3\ARM_GCC_541\Debug\SCSI2SD_Copy_01.a(Debug_Timer_Interrupt.o)
                0x0000eca8                Debug_Timer_Interrupt_StartEx
 .text.Debug_Timer_Interrupt_SetVector
                0x0000eccc       0x24 .\CortexM3\ARM_GCC_541\Debug\SCSI2SD_Copy_01.a(Debug_Timer_Interrupt.o)
                0x0000eccc                Debug_Timer_Interrupt_SetVector
 .text.Debug_Timer_Interrupt_SetPriority
                0x0000ecf0       0x24 .\CortexM3\ARM_GCC_541\Debug\SCSI2SD_Copy_01.a(Debug_Timer_Interrupt.o)
                0x0000ecf0                Debug_Timer_Interrupt_SetPriority
 .text.Debug_Timer_Interrupt_Enable
                0x0000ed14       0x18 .\CortexM3\ARM_GCC_541\Debug\SCSI2SD_Copy_01.a(Debug_Timer_Interrupt.o)
                0x0000ed14                Debug_Timer_Interrupt_Enable
 .text.Debug_Timer_Interrupt_Disable
                0x0000ed2c       0x18 .\CortexM3\ARM_GCC_541\Debug\SCSI2SD_Copy_01.a(Debug_Timer_Interrupt.o)
                0x0000ed2c                Debug_Timer_Interrupt_Disable
 .text.Debug_Timer_Interrupt_ClearPending
                0x0000ed44       0x18 .\CortexM3\ARM_GCC_541\Debug\SCSI2SD_Copy_01.a(Debug_Timer_Interrupt.o)
                0x0000ed44                Debug_Timer_Interrupt_ClearPending
 .text.SCSI_TX_DMA_DmaInitialize
                0x0000ed5c       0x64 .\CortexM3\ARM_GCC_541\Debug\SCSI2SD_Copy_01.a(SCSI_TX_DMA_dma.o)
                0x0000ed5c                SCSI_TX_DMA_DmaInitialize
 .text.SCSI_TX_DMA_COMPLETE_StartEx
                0x0000edc0       0x24 .\CortexM3\ARM_GCC_541\Debug\SCSI2SD_Copy_01.a(SCSI_TX_DMA_COMPLETE.o)
                0x0000edc0                SCSI_TX_DMA_COMPLETE_StartEx
 .text.SCSI_TX_DMA_COMPLETE_SetVector
                0x0000ede4       0x24 .\CortexM3\ARM_GCC_541\Debug\SCSI2SD_Copy_01.a(SCSI_TX_DMA_COMPLETE.o)
                0x0000ede4                SCSI_TX_DMA_COMPLETE_SetVector
 .text.SCSI_TX_DMA_COMPLETE_SetPriority
                0x0000ee08       0x24 .\CortexM3\ARM_GCC_541\Debug\SCSI2SD_Copy_01.a(SCSI_TX_DMA_COMPLETE.o)
                0x0000ee08                SCSI_TX_DMA_COMPLETE_SetPriority
 .text.SCSI_TX_DMA_COMPLETE_Enable
                0x0000ee2c       0x18 .\CortexM3\ARM_GCC_541\Debug\SCSI2SD_Copy_01.a(SCSI_TX_DMA_COMPLETE.o)
                0x0000ee2c                SCSI_TX_DMA_COMPLETE_Enable
 .text.SCSI_TX_DMA_COMPLETE_Disable
                0x0000ee44       0x18 .\CortexM3\ARM_GCC_541\Debug\SCSI2SD_Copy_01.a(SCSI_TX_DMA_COMPLETE.o)
                0x0000ee44                SCSI_TX_DMA_COMPLETE_Disable
 .text.SD_RX_DMA_DmaInitialize
                0x0000ee5c       0x64 .\CortexM3\ARM_GCC_541\Debug\SCSI2SD_Copy_01.a(SD_RX_DMA_dma.o)
                0x0000ee5c                SD_RX_DMA_DmaInitialize
 .text.SD_TX_DMA_DmaInitialize
                0x0000eec0       0x64 .\CortexM3\ARM_GCC_541\Debug\SCSI2SD_Copy_01.a(SD_TX_DMA_dma.o)
                0x0000eec0                SD_TX_DMA_DmaInitialize
 .text.SD_RX_DMA_COMPLETE_StartEx
                0x0000ef24       0x24 .\CortexM3\ARM_GCC_541\Debug\SCSI2SD_Copy_01.a(SD_RX_DMA_COMPLETE.o)
                0x0000ef24                SD_RX_DMA_COMPLETE_StartEx
 .text.SD_RX_DMA_COMPLETE_SetVector
                0x0000ef48       0x24 .\CortexM3\ARM_GCC_541\Debug\SCSI2SD_Copy_01.a(SD_RX_DMA_COMPLETE.o)
                0x0000ef48                SD_RX_DMA_COMPLETE_SetVector
 .text.SD_RX_DMA_COMPLETE_SetPriority
                0x0000ef6c       0x24 .\CortexM3\ARM_GCC_541\Debug\SCSI2SD_Copy_01.a(SD_RX_DMA_COMPLETE.o)
                0x0000ef6c                SD_RX_DMA_COMPLETE_SetPriority
 .text.SD_RX_DMA_COMPLETE_Enable
                0x0000ef90       0x18 .\CortexM3\ARM_GCC_541\Debug\SCSI2SD_Copy_01.a(SD_RX_DMA_COMPLETE.o)
                0x0000ef90                SD_RX_DMA_COMPLETE_Enable
 .text.SD_RX_DMA_COMPLETE_Disable
                0x0000efa8       0x18 .\CortexM3\ARM_GCC_541\Debug\SCSI2SD_Copy_01.a(SD_RX_DMA_COMPLETE.o)
                0x0000efa8                SD_RX_DMA_COMPLETE_Disable
 .text.SD_TX_DMA_COMPLETE_StartEx
                0x0000efc0       0x24 .\CortexM3\ARM_GCC_541\Debug\SCSI2SD_Copy_01.a(SD_TX_DMA_COMPLETE.o)
                0x0000efc0                SD_TX_DMA_COMPLETE_StartEx
 .text.SD_TX_DMA_COMPLETE_SetVector
                0x0000efe4       0x24 .\CortexM3\ARM_GCC_541\Debug\SCSI2SD_Copy_01.a(SD_TX_DMA_COMPLETE.o)
                0x0000efe4                SD_TX_DMA_COMPLETE_SetVector
 .text.SD_TX_DMA_COMPLETE_SetPriority
                0x0000f008       0x24 .\CortexM3\ARM_GCC_541\Debug\SCSI2SD_Copy_01.a(SD_TX_DMA_COMPLETE.o)
                0x0000f008                SD_TX_DMA_COMPLETE_SetPriority
 .text.SD_TX_DMA_COMPLETE_Enable
                0x0000f02c       0x18 .\CortexM3\ARM_GCC_541\Debug\SCSI2SD_Copy_01.a(SD_TX_DMA_COMPLETE.o)
                0x0000f02c                SD_TX_DMA_COMPLETE_Enable
 .text.SD_TX_DMA_COMPLETE_Disable
                0x0000f044       0x18 .\CortexM3\ARM_GCC_541\Debug\SCSI2SD_Copy_01.a(SD_TX_DMA_COMPLETE.o)
                0x0000f044                SD_TX_DMA_COMPLETE_Disable
 .text.SCSI_RX_DMA_DmaInitialize
                0x0000f05c       0x64 .\CortexM3\ARM_GCC_541\Debug\SCSI2SD_Copy_01.a(SCSI_RX_DMA_dma.o)
                0x0000f05c                SCSI_RX_DMA_DmaInitialize
 .text.SCSI_RX_DMA_COMPLETE_StartEx
                0x0000f0c0       0x24 .\CortexM3\ARM_GCC_541\Debug\SCSI2SD_Copy_01.a(SCSI_RX_DMA_COMPLETE.o)
                0x0000f0c0                SCSI_RX_DMA_COMPLETE_StartEx
 .text.SCSI_RX_DMA_COMPLETE_SetVector
                0x0000f0e4       0x24 .\CortexM3\ARM_GCC_541\Debug\SCSI2SD_Copy_01.a(SCSI_RX_DMA_COMPLETE.o)
                0x0000f0e4                SCSI_RX_DMA_COMPLETE_SetVector
 .text.SCSI_RX_DMA_COMPLETE_SetPriority
                0x0000f108       0x24 .\CortexM3\ARM_GCC_541\Debug\SCSI2SD_Copy_01.a(SCSI_RX_DMA_COMPLETE.o)
                0x0000f108                SCSI_RX_DMA_COMPLETE_SetPriority
 .text.SCSI_RX_DMA_COMPLETE_Enable
                0x0000f12c       0x18 .\CortexM3\ARM_GCC_541\Debug\SCSI2SD_Copy_01.a(SCSI_RX_DMA_COMPLETE.o)
                0x0000f12c                SCSI_RX_DMA_COMPLETE_Enable
 .text.SCSI_RX_DMA_COMPLETE_Disable
                0x0000f144       0x18 .\CortexM3\ARM_GCC_541\Debug\SCSI2SD_Copy_01.a(SCSI_RX_DMA_COMPLETE.o)
                0x0000f144                SCSI_RX_DMA_COMPLETE_Disable
 .text.SCSI_Parity_Error_Read
                0x0000f15c       0x18 .\CortexM3\ARM_GCC_541\Debug\SCSI2SD_Copy_01.a(SCSI_Parity_Error.o)
                0x0000f15c                SCSI_Parity_Error_Read
 .text.SCSI_Filtered_Read
                0x0000f174       0x18 .\CortexM3\ARM_GCC_541\Debug\SCSI2SD_Copy_01.a(SCSI_Filtered.o)
                0x0000f174                SCSI_Filtered_Read
 .text.SCSI_SEL_ISR_StartEx
                0x0000f18c       0x24 .\CortexM3\ARM_GCC_541\Debug\SCSI2SD_Copy_01.a(SCSI_SEL_ISR.o)
                0x0000f18c                SCSI_SEL_ISR_StartEx
 .text.SCSI_SEL_ISR_SetVector
                0x0000f1b0       0x24 .\CortexM3\ARM_GCC_541\Debug\SCSI2SD_Copy_01.a(SCSI_SEL_ISR.o)
                0x0000f1b0                SCSI_SEL_ISR_SetVector
 .text.SCSI_SEL_ISR_SetPriority
                0x0000f1d4       0x24 .\CortexM3\ARM_GCC_541\Debug\SCSI2SD_Copy_01.a(SCSI_SEL_ISR.o)
                0x0000f1d4                SCSI_SEL_ISR_SetPriority
 .text.SCSI_SEL_ISR_Enable
                0x0000f1f8       0x18 .\CortexM3\ARM_GCC_541\Debug\SCSI2SD_Copy_01.a(SCSI_SEL_ISR.o)
                0x0000f1f8                SCSI_SEL_ISR_Enable
 .text.SCSI_SEL_ISR_Disable
                0x0000f210       0x18 .\CortexM3\ARM_GCC_541\Debug\SCSI2SD_Copy_01.a(SCSI_SEL_ISR.o)
                0x0000f210                SCSI_SEL_ISR_Disable
 .text.SCSI_Glitch_Ctl_Write
                0x0000f228       0x20 .\CortexM3\ARM_GCC_541\Debug\SCSI2SD_Copy_01.a(SCSI_Glitch_Ctl.o)
                0x0000f228                SCSI_Glitch_Ctl_Write
 .text.USBFS_Dp_ClearInterrupt
                0x0000f248       0x20 .\CortexM3\ARM_GCC_541\Debug\SCSI2SD_Copy_01.a(USBFS_Dp.o)
                0x0000f248                USBFS_Dp_ClearInterrupt
 .text.CyDmacConfigure
                0x0000f268       0x5c .\CortexM3\ARM_GCC_541\Debug\SCSI2SD_Copy_01.a(CyDmac.o)
                0x0000f268                CyDmacConfigure
 .text.CyDmaChEnable
                0x0000f2c4       0x8c .\CortexM3\ARM_GCC_541\Debug\SCSI2SD_Copy_01.a(CyDmac.o)
                0x0000f2c4                CyDmaChEnable
 .text.CyDmaChDisable
                0x0000f350       0x60 .\CortexM3\ARM_GCC_541\Debug\SCSI2SD_Copy_01.a(CyDmac.o)
                0x0000f350                CyDmaChDisable
 .text.CyDmaClearPendingDrq
                0x0000f3b0       0x60 .\CortexM3\ARM_GCC_541\Debug\SCSI2SD_Copy_01.a(CyDmac.o)
                0x0000f3b0                CyDmaClearPendingDrq
 .text.CyDmaChPriority
                0x0000f410       0x64 .\CortexM3\ARM_GCC_541\Debug\SCSI2SD_Copy_01.a(CyDmac.o)
                0x0000f410                CyDmaChPriority
 .text.CyDmaChSetExtendedAddress
                0x0000f474       0x78 .\CortexM3\ARM_GCC_541\Debug\SCSI2SD_Copy_01.a(CyDmac.o)
                0x0000f474                CyDmaChSetExtendedAddress
 .text.CyDmaChSetInitialTd
                0x0000f4ec       0x3c .\CortexM3\ARM_GCC_541\Debug\SCSI2SD_Copy_01.a(CyDmac.o)
                0x0000f4ec                CyDmaChSetInitialTd
 .text.CyDmaChSetRequest
                0x0000f528       0x58 .\CortexM3\ARM_GCC_541\Debug\SCSI2SD_Copy_01.a(CyDmac.o)
                0x0000f528                CyDmaChSetRequest
 .text.CyDmaChGetRequest
                0x0000f580       0x38 .\CortexM3\ARM_GCC_541\Debug\SCSI2SD_Copy_01.a(CyDmac.o)
                0x0000f580                CyDmaChGetRequest
 .text.CyDmaChSetConfiguration
                0x0000f5b8       0xa0 .\CortexM3\ARM_GCC_541\Debug\SCSI2SD_Copy_01.a(CyDmac.o)
                0x0000f5b8                CyDmaChSetConfiguration
 .text.CyDmaTdAllocate
                0x0000f658       0x5c .\CortexM3\ARM_GCC_541\Debug\SCSI2SD_Copy_01.a(CyDmac.o)
                0x0000f658                CyDmaTdAllocate
 .text.CyDmaTdSetConfiguration
                0x0000f6b4       0x80 .\CortexM3\ARM_GCC_541\Debug\SCSI2SD_Copy_01.a(CyDmac.o)
                0x0000f6b4                CyDmaTdSetConfiguration
 .text.CyDmaTdSetAddress
                0x0000f734       0x5c .\CortexM3\ARM_GCC_541\Debug\SCSI2SD_Copy_01.a(CyDmac.o)
                0x0000f734                CyDmaTdSetAddress
 .text.CySetTempInt
                0x0000f790       0x7c .\CortexM3\ARM_GCC_541\Debug\SCSI2SD_Copy_01.a(CyFlash.o)
 .text.CyFlashGetSpcAlgorithm
                0x0000f80c       0x70 .\CortexM3\ARM_GCC_541\Debug\SCSI2SD_Copy_01.a(CyFlash.o)
                0x0000f80c                CyFlashGetSpcAlgorithm
 .text.CySetTemp
                0x0000f87c       0x24 .\CortexM3\ARM_GCC_541\Debug\SCSI2SD_Copy_01.a(CyFlash.o)
                0x0000f87c                CySetTemp
 .text.CyWriteRowData
                0x0000f8a0       0x38 .\CortexM3\ARM_GCC_541\Debug\SCSI2SD_Copy_01.a(CyFlash.o)
                0x0000f8a0                CyWriteRowData
 .text.CyWriteRowFull
                0x0000f8d8      0x154 .\CortexM3\ARM_GCC_541\Debug\SCSI2SD_Copy_01.a(CyFlash.o)
                0x0000f8d8                CyWriteRowFull
 .text.CyHalt   0x0000fa2c       0x18 .\CortexM3\ARM_GCC_541\Debug\SCSI2SD_Copy_01.a(CyLib.o)
                0x0000fa2c                CyHalt
 .text.CySoftwareReset
                0x0000fa44       0x20 .\CortexM3\ARM_GCC_541\Debug\SCSI2SD_Copy_01.a(CyLib.o)
                0x0000fa44                CySoftwareReset
 .text.CyDelay  0x0000fa64       0x44 .\CortexM3\ARM_GCC_541\Debug\SCSI2SD_Copy_01.a(CyLib.o)
                0x0000fa64                CyDelay
 .text.CyDelayUs
                0x0000faa8       0x28 .\CortexM3\ARM_GCC_541\Debug\SCSI2SD_Copy_01.a(CyLib.o)
                0x0000faa8                CyDelayUs
 .text.CyIntSetSysVector
                0x0000fad0       0x4c .\CortexM3\ARM_GCC_541\Debug\SCSI2SD_Copy_01.a(CyLib.o)
                0x0000fad0                CyIntSetSysVector
 .text.CyIntSetVector
                0x0000fb1c       0x50 .\CortexM3\ARM_GCC_541\Debug\SCSI2SD_Copy_01.a(CyLib.o)
                0x0000fb1c                CyIntSetVector
 .text.CyIntSetPriority
                0x0000fb6c       0x48 .\CortexM3\ARM_GCC_541\Debug\SCSI2SD_Copy_01.a(CyLib.o)
                0x0000fb6c                CyIntSetPriority
 .text.CySpcStart
                0x0000fbb4       0x48 .\CortexM3\ARM_GCC_541\Debug\SCSI2SD_Copy_01.a(CySpc.o)
                0x0000fbb4                CySpcStart
 .text.CySpcReadData
                0x0000fbfc       0x54 .\CortexM3\ARM_GCC_541\Debug\SCSI2SD_Copy_01.a(CySpc.o)
                0x0000fbfc                CySpcReadData
 .text.CySpcLoadRowFull
                0x0000fc50      0x104 .\CortexM3\ARM_GCC_541\Debug\SCSI2SD_Copy_01.a(CySpc.o)
                0x0000fc50                CySpcLoadRowFull
 .text.CySpcWriteRow
                0x0000fd54       0x98 .\CortexM3\ARM_GCC_541\Debug\SCSI2SD_Copy_01.a(CySpc.o)
                0x0000fd54                CySpcWriteRow
 .text.CySpcGetTemp
                0x0000fdec       0x64 .\CortexM3\ARM_GCC_541\Debug\SCSI2SD_Copy_01.a(CySpc.o)
                0x0000fdec                CySpcGetTemp
 .text.CySpcLock
                0x0000fe50       0x68 .\CortexM3\ARM_GCC_541\Debug\SCSI2SD_Copy_01.a(CySpc.o)
                0x0000fe50                CySpcLock
 .text.CySpcUnlock
                0x0000feb8       0x50 .\CortexM3\ARM_GCC_541\Debug\SCSI2SD_Copy_01.a(CySpc.o)
                0x0000feb8                CySpcUnlock
 .text.CySpcGetAlgorithm
                0x0000ff08       0x44 .\CortexM3\ARM_GCC_541\Debug\SCSI2SD_Copy_01.a(CySpc.o)
                0x0000ff08                CySpcGetAlgorithm
 .text.VDAC8_1_Init
                0x0000ff4c       0x28 .\CortexM3\ARM_GCC_541\Debug\SCSI2SD_Copy_01.a(VDAC8_1.o)
                0x0000ff4c                VDAC8_1_Init
 .text.VDAC8_1_Enable
                0x0000ff74       0x34 .\CortexM3\ARM_GCC_541\Debug\SCSI2SD_Copy_01.a(VDAC8_1.o)
                0x0000ff74                VDAC8_1_Enable
 .text.VDAC8_1_Start
                0x0000ffa8       0x28 .\CortexM3\ARM_GCC_541\Debug\SCSI2SD_Copy_01.a(VDAC8_1.o)
                0x0000ffa8                VDAC8_1_Start
 .text.VDAC8_1_SetSpeed
                0x0000ffd0       0x40 .\CortexM3\ARM_GCC_541\Debug\SCSI2SD_Copy_01.a(VDAC8_1.o)
                0x0000ffd0                VDAC8_1_SetSpeed
 .text.VDAC8_1_SetRange
                0x00010010       0x40 .\CortexM3\ARM_GCC_541\Debug\SCSI2SD_Copy_01.a(VDAC8_1.o)
                0x00010010                VDAC8_1_SetRange
 .text.VDAC8_1_SetValue
                0x00010050       0x20 .\CortexM3\ARM_GCC_541\Debug\SCSI2SD_Copy_01.a(VDAC8_1.o)
                0x00010050                VDAC8_1_SetValue
 .text.VDAC8_1_DacTrim
                0x00010070       0x3c .\CortexM3\ARM_GCC_541\Debug\SCSI2SD_Copy_01.a(VDAC8_1.o)
                0x00010070                VDAC8_1_DacTrim
 .text.SOUND_ISR_Start
                0x000100ac       0x20 .\CortexM3\ARM_GCC_541\Debug\SCSI2SD_Copy_01.a(SOUND_ISR.o)
                0x000100ac                SOUND_ISR_Start
 .text.SOUND_ISR_Interrupt
                0x000100cc       0x94 .\CortexM3\ARM_GCC_541\Debug\SCSI2SD_Copy_01.a(SOUND_ISR.o)
                0x000100cc                SOUND_ISR_Interrupt
 .text.SOUND_ISR_SetVector
                0x00010160       0x24 .\CortexM3\ARM_GCC_541\Debug\SCSI2SD_Copy_01.a(SOUND_ISR.o)
                0x00010160                SOUND_ISR_SetVector
 .text.SOUND_ISR_SetPriority
                0x00010184       0x24 .\CortexM3\ARM_GCC_541\Debug\SCSI2SD_Copy_01.a(SOUND_ISR.o)
                0x00010184                SOUND_ISR_SetPriority
 .text.SOUND_ISR_Enable
                0x000101a8       0x18 .\CortexM3\ARM_GCC_541\Debug\SCSI2SD_Copy_01.a(SOUND_ISR.o)
                0x000101a8                SOUND_ISR_Enable
 .text.SOUND_ISR_Disable
                0x000101c0       0x18 .\CortexM3\ARM_GCC_541\Debug\SCSI2SD_Copy_01.a(SOUND_ISR.o)
                0x000101c0                SOUND_ISR_Disable
 .text.LPF_1_Start
                0x000101d8       0x20 .\CortexM3\ARM_GCC_541\Debug\SCSI2SD_Copy_01.a(LPF_1.o)
                0x000101d8                LPF_1_Start
 .text.LPF_1_SetCutoffFreq
                0x000101f8       0x38 .\CortexM3\ARM_GCC_541\Debug\SCSI2SD_Copy_01.a(LPF_1.o)
                0x000101f8                LPF_1_SetCutoffFreq
 .text          0x00010230       0x20 .\CortexM3\ARM_GCC_541\Debug\SCSI2SD_Copy_01.a(CyBootAsmGnu.o)
                0x00010230                CyDelayCycles
                0x00010240                CyEnterCriticalSection
                0x00010248                CyExitCriticalSection
 .text.USBFS_DispatchClassRqst
                0x00010250       0x84 .\CortexM3\ARM_GCC_541\Debug\SCSI2SD_Copy_01.a(USBFS_cls.o)
                0x00010250                USBFS_DispatchClassRqst
 .text          0x000102d4       0x30 c:/program files (x86)/cypress/psoc creator/4.2/psoc creator/import/gnu/arm/5.4.1/bin/../lib/gcc/arm-none-eabi/5.4.1/armv7-m\libgcc.a(_aeabi_uldivmod.o)
                0x000102d4                __aeabi_uldivmod
 .text          0x00010304      0x2ec c:/program files (x86)/cypress/psoc creator/4.2/psoc creator/import/gnu/arm/5.4.1/bin/../lib/gcc/arm-none-eabi/5.4.1/armv7-m\libgcc.a(_udivmoddi4.o)
                0x00010304                __udivmoddi4
 .text          0x000105f0        0x4 c:/program files (x86)/cypress/psoc creator/4.2/psoc creator/import/gnu/arm/5.4.1/bin/../lib/gcc/arm-none-eabi/5.4.1/armv7-m\libgcc.a(_dvmd_tls.o)
                0x000105f0                __aeabi_idiv0
                0x000105f0                __aeabi_ldiv0
 .text.__errno  0x000105f4        0xc c:/program files (x86)/cypress/psoc creator/4.2/psoc creator/import/gnu/arm/5.4.1/bin/../lib/gcc/arm-none-eabi/5.4.1/../../../../arm-none-eabi/lib/armv7-m\libg_nano.a(lib_a-errno.o)
                0x000105f4                __errno
 .text.__libc_init_array
                0x00010600       0x4c c:/program files (x86)/cypress/psoc creator/4.2/psoc creator/import/gnu/arm/5.4.1/bin/../lib/gcc/arm-none-eabi/5.4.1/../../../../arm-none-eabi/lib/armv7-m\libg_nano.a(lib_a-init.o)
                0x00010600                __libc_init_array
 .text.memcmp   0x0001064c       0x1e c:/program files (x86)/cypress/psoc creator/4.2/psoc creator/import/gnu/arm/5.4.1/bin/../lib/gcc/arm-none-eabi/5.4.1/../../../../arm-none-eabi/lib/armv7-m\libg_nano.a(lib_a-memcmp.o)
                0x0001064c                memcmp
 .text.memcpy   0x0001066a       0x16 c:/program files (x86)/cypress/psoc creator/4.2/psoc creator/import/gnu/arm/5.4.1/bin/../lib/gcc/arm-none-eabi/5.4.1/../../../../arm-none-eabi/lib/armv7-m\libg_nano.a(lib_a-memcpy-stub.o)
                0x0001066a                memcpy
 .text.memmove  0x00010680       0x36 c:/program files (x86)/cypress/psoc creator/4.2/psoc creator/import/gnu/arm/5.4.1/bin/../lib/gcc/arm-none-eabi/5.4.1/../../../../arm-none-eabi/lib/armv7-m\libg_nano.a(lib_a-memmove.o)
                0x00010680                memmove
 .text.memset   0x000106b6       0x10 c:/program files (x86)/cypress/psoc creator/4.2/psoc creator/import/gnu/arm/5.4.1/bin/../lib/gcc/arm-none-eabi/5.4.1/../../../../arm-none-eabi/lib/armv7-m\libg_nano.a(lib_a-memset.o)
                0x000106b6                memset
 *(.plt)
 *(.gnu.warning)
 *(.glue_7t)
 .glue_7t       0x000106c6        0x0 linker stubs
 *(.glue_7)
 .glue_7        0x000106c6        0x0 linker stubs
 *(.vfp11_veneer)
 .vfp11_veneer  0x000106c6        0x0 linker stubs
 *(.bootloader)
 *(.ARM.extab* .gnu.linkonce.armextab.*)
 *(.gcc_except_table)

.v4_bx          0x000106c8        0x0
 .v4_bx         0x000106c8        0x0 linker stubs

.iplt           0x000106c8        0x0
 .iplt          0x000106c8        0x0 c:/program files (x86)/cypress/psoc creator/4.2/psoc creator/import/gnu/arm/5.4.1/bin/../lib/gcc/arm-none-eabi/5.4.1/armv7-m/crtbegin.o

.eh_frame_hdr
 *(.eh_frame_hdr)

.eh_frame       0x000106c8        0x4
 *(.eh_frame)
 .eh_frame      0x000106c8        0x0 c:/program files (x86)/cypress/psoc creator/4.2/psoc creator/import/gnu/arm/5.4.1/bin/../lib/gcc/arm-none-eabi/5.4.1/armv7-m/crtbegin.o
 .eh_frame      0x000106c8        0x4 c:/program files (x86)/cypress/psoc creator/4.2/psoc creator/import/gnu/arm/5.4.1/bin/../lib/gcc/arm-none-eabi/5.4.1/armv7-m/crtend.o
                [!provide]                PROVIDE (__exidx_start, .)

.ARM.exidx      0x000106cc        0x8
 *(.ARM.exidx* .gnu.linkonce.armexidx.*)
 .ARM.exidx     0x000106cc        0x8 c:/program files (x86)/cypress/psoc creator/4.2/psoc creator/import/gnu/arm/5.4.1/bin/../lib/gcc/arm-none-eabi/5.4.1/armv7-m\libgcc.a(_udivmoddi4.o)
                0x000106d4                __exidx_end = .

.rodata         0x000106d4     0x508c
 *(.rodata .rodata.* .gnu.linkonce.r.*)
 .rodata        0x000106d4        0x5 .\CortexM3\ARM_GCC_541\Debug\diagnostic.o
 *fill*         0x000106d9        0x3 
 .rodata        0x000106dc       0x2f .\CortexM3\ARM_GCC_541\Debug\inquiry.o
 *fill*         0x0001070b        0x1 
 .rodata        0x0001070c       0xda .\CortexM3\ARM_GCC_541\Debug\mode.o
 *fill*         0x000107e6        0x2 
 .rodata        0x000107e8       0x11 .\CortexM3\ARM_GCC_541\Debug\scsi.o
 *fill*         0x000107f9        0x3 
 .rodata        0x000107fc      0x100 .\CortexM3\ARM_GCC_541\Debug\bits.o
                0x000107fc                Lookup_OddParity
 .rodata        0x000108fc      0x109 .\CortexM3\ARM_GCC_541\Debug\config.o
 *fill*         0x00010a05        0x3 
 .rodata        0x00010a08       0x66 .\CortexM3\ARM_GCC_541\Debug\cdrom.o
 *fill*         0x00010a6e        0x2 
 .rodata        0x00010a70       0x18 .\CortexM3\ARM_GCC_541\Debug\scsiPhy.o
 .rodata        0x00010a88      0xf50 .\CortexM3\ARM_GCC_541\Debug\cyfitter_cfg.o
 .rodata        0x000119d8     0x3b60 .\CortexM3\ARM_GCC_541\Debug\SCSI2SD_Copy_01.a(SOUND_ISR.o)
                0x000119d8                data
 .rodata        0x00015538      0x1f0 .\CortexM3\ARM_GCC_541\Debug\SCSI2SD_Copy_01.a(USBFS_descr.o)
                0x00015538                USBFS_DEVICE0_DESCR
                0x0001554c                USBFS_DEVICE0_CONFIGURATION0_DESCR
                0x00015598                USBFS_STRING_DESCRIPTORS
                0x000155c8                USBFS_SN_STRING_DESCRIPTOR
                0x000155d4                USBFS_HIDREPORT_DESCRIPTOR1
                0x00015600                USBFS_HIDREPORT_DESCRIPTOR2
                0x0001562c                USBFS_DEVICE0_CONFIGURATION0_INTERFACE0_ALTERNATE0_HID_IN_RPT_TABLE
                0x00015638                USBFS_DEVICE0_CONFIGURATION0_INTERFACE0_ALTERNATE0_HID_OUT_RPT_TABLE
                0x00015644                USBFS_DEVICE0_CONFIGURATION0_INTERFACE0_ALTERNATE0_HID_TABLE
                0x0001566c                USBFS_DEVICE0_CONFIGURATION0_INTERFACE1_ALTERNATE0_HID_IN_RPT_TABLE
                0x00015678                USBFS_DEVICE0_CONFIGURATION0_INTERFACE1_ALTERNATE0_HID_OUT_RPT_TABLE
                0x00015684                USBFS_DEVICE0_CONFIGURATION0_INTERFACE1_ALTERNATE0_HID_TABLE
                0x000156ac                USBFS_DEVICE0_CONFIGURATION0_INTERFACE0_TABLE
                0x000156b4                USBFS_DEVICE0_CONFIGURATION0_INTERFACE1_TABLE
                0x000156bc                USBFS_DEVICE0_CONFIGURATION0_EP_SETTINGS_TABLE
                0x000156dc                USBFS_DEVICE0_CONFIGURATION0_INTERFACE_CLASS
                0x000156e0                USBFS_DEVICE0_CONFIGURATION0_TABLE
                0x00015708                USBFS_DEVICE0_TABLE
                0x00015720                USBFS_TABLE
 .rodata.str1.1
                0x00015728        0x2 c:/program files (x86)/cypress/psoc creator/4.2/psoc creator/import/gnu/arm/5.4.1/bin/../lib/gcc/arm-none-eabi/5.4.1/../../../../arm-none-eabi/lib/armv7-m\libg_nano.a(lib_a-impure.o)
                0x0001572c                . = ALIGN (0x4)
 *fill*         0x0001572a        0x2 
 *(.init)
 .init          0x0001572c        0x4 c:/program files (x86)/cypress/psoc creator/4.2/psoc creator/import/gnu/arm/5.4.1/bin/../lib/gcc/arm-none-eabi/5.4.1/armv7-m/crti.o
                0x0001572c                _init
 .init          0x00015730        0x8 c:/program files (x86)/cypress/psoc creator/4.2/psoc creator/import/gnu/arm/5.4.1/bin/../lib/gcc/arm-none-eabi/5.4.1/armv7-m/crtn.o
                0x00015738                . = ALIGN (0x4)
                0x00015738                __preinit_array_start = .
 *(.preinit_array)
                0x00015738                __preinit_array_end = .
                0x00015738                . = ALIGN (0x4)
                0x00015738                __init_array_start = .
 *(SORT(.init_array.*))
 *(.init_array)
 .init_array    0x00015738        0x4 c:/program files (x86)/cypress/psoc creator/4.2/psoc creator/import/gnu/arm/5.4.1/bin/../lib/gcc/arm-none-eabi/5.4.1/armv7-m/crtbegin.o
 .init_array    0x0001573c        0x4 .\CortexM3\ARM_GCC_541\Debug\Cm3Start.o
                0x00015740                __init_array_end = .
                0x00015740                . = ALIGN (0x4)
 *(.fini)
 .fini          0x00015740        0x4 c:/program files (x86)/cypress/psoc creator/4.2/psoc creator/import/gnu/arm/5.4.1/bin/../lib/gcc/arm-none-eabi/5.4.1/armv7-m/crti.o
                0x00015740                _fini
 .fini          0x00015744        0x8 c:/program files (x86)/cypress/psoc creator/4.2/psoc creator/import/gnu/arm/5.4.1/bin/../lib/gcc/arm-none-eabi/5.4.1/armv7-m/crtn.o
                0x0001574c                . = ALIGN (0x4)
                0x0001574c                __fini_array_start = .
 *(.fini_array)
 .fini_array    0x0001574c        0x4 c:/program files (x86)/cypress/psoc creator/4.2/psoc creator/import/gnu/arm/5.4.1/bin/../lib/gcc/arm-none-eabi/5.4.1/armv7-m/crtbegin.o
 *(SORT(.fini_array.*))
                0x00015750                __fini_array_end = .
                0x00015750                . = ALIGN (0x4)
 *crtbegin.o(.ctors)
 *(EXCLUDE_FILE(*crtend.o) .ctors)
 *(SORT(.ctors.*))
 *crtend.o(.ctors)
                0x00015750                . = ALIGN (0x4)
 *crtbegin.o(.dtors)
 *(EXCLUDE_FILE(*crtend.o) .dtors)
 *(SORT(.dtors.*))
 *crtend.o(.dtors)
                0x00015750                . = ALIGN (0x4)
                0x00015750                __cy_regions = .
                0x00015750        0x4 LONG 0x15760 __cy_region_init_ram
                0x00015754        0x4 LONG 0x1fff80c8 __cy_region_start_data
                0x00015758        0x4 LONG 0xc8 __cy_region_init_size_ram
                0x0001575c        0x4 LONG 0x4698 __cy_region_zero_size_ram
                0x00015760                __cy_regions_end = .
                0x00015760                . = ALIGN (0x8)
                0x00015760                _etext = .

.ramvectors     0x1fff8000       0xc0
                0x1fff8000                __cy_region_start_ram = .
 *(.ramvectors)
 .ramvectors    0x1fff8000       0xc0 .\CortexM3\ARM_GCC_541\Debug\Cm3Start.o
                0x1fff8000                CyRamVectors

.noinit         0x1fff80c0        0x5
 *(.noinit)
 .noinit        0x1fff80c0        0x4 .\CortexM3\ARM_GCC_541\Debug\Cm3Start.o
 .noinit        0x1fff80c4        0x1 .\CortexM3\ARM_GCC_541\Debug\SCSI2SD_Copy_01.a(CyLib.o)
                0x1fff80c4                CyResetStatus

.data           0x1fff80c8       0xc8 load address 0x00015760
                0x1fff80c8                __cy_region_start_data = .
 *(.jcr)
 .jcr           0x1fff80c8        0x0 c:/program files (x86)/cypress/psoc creator/4.2/psoc creator/import/gnu/arm/5.4.1/bin/../lib/gcc/arm-none-eabi/5.4.1/armv7-m/crtbegin.o
 .jcr           0x1fff80c8        0x4 c:/program files (x86)/cypress/psoc creator/4.2/psoc creator/import/gnu/arm/5.4.1/bin/../lib/gcc/arm-none-eabi/5.4.1/armv7-m/crtend.o
 *(.got.plt)
 *(.got)
 *(.shdata)
 *(.data .data.* .gnu.linkonce.d.*)
 .data          0x1fff80cc        0x8 .\CortexM3\ARM_GCC_541\Debug\inquiry.o
 .data          0x1fff80d4        0x8 .\CortexM3\ARM_GCC_541\Debug\cdrom.o
 .data          0x1fff80dc        0xa .\CortexM3\ARM_GCC_541\Debug\scsiPhy.o
 *fill*         0x1fff80e6        0x2 
 .data          0x1fff80e8       0x24 .\CortexM3\ARM_GCC_541\Debug\sd_cy8c52.o
 .data          0x1fff810c        0x1 .\CortexM3\ARM_GCC_541\Debug\SCSI2SD_Copy_01.a(SCSI_TX_DMA_dma.o)
                0x1fff810c                SCSI_TX_DMA_DmaHandle
 .data          0x1fff810d        0x1 .\CortexM3\ARM_GCC_541\Debug\SCSI2SD_Copy_01.a(SD_RX_DMA_dma.o)
                0x1fff810d                SD_RX_DMA_DmaHandle
 .data          0x1fff810e        0x1 .\CortexM3\ARM_GCC_541\Debug\SCSI2SD_Copy_01.a(SD_TX_DMA_dma.o)
                0x1fff810e                SD_TX_DMA_DmaHandle
 .data          0x1fff810f        0x1 .\CortexM3\ARM_GCC_541\Debug\SCSI2SD_Copy_01.a(SCSI_RX_DMA_dma.o)
                0x1fff810f                SCSI_RX_DMA_DmaHandle
 .data          0x1fff8110        0x8 .\CortexM3\ARM_GCC_541\Debug\SCSI2SD_Copy_01.a(CyDmac.o)
 .data          0x1fff8118       0x10 .\CortexM3\ARM_GCC_541\Debug\SCSI2SD_Copy_01.a(CyLib.o)
                0x1fff8118                cydelay_freq_hz
                0x1fff811c                cydelay_freq_khz
                0x1fff8120                cydelay_freq_mhz
                0x1fff8124                cydelay_32k_ms
 .data.impure_data
                0x1fff8128       0x60 c:/program files (x86)/cypress/psoc creator/4.2/psoc creator/import/gnu/arm/5.4.1/bin/../lib/gcc/arm-none-eabi/5.4.1/../../../../arm-none-eabi/lib/armv7-m\libg_nano.a(lib_a-impure.o)
 .data._impure_ptr
                0x1fff8188        0x4 c:/program files (x86)/cypress/psoc creator/4.2/psoc creator/import/gnu/arm/5.4.1/bin/../lib/gcc/arm-none-eabi/5.4.1/../../../../arm-none-eabi/lib/armv7-m\libg_nano.a(lib_a-impure.o)
                0x1fff8188                _impure_ptr
                0x1fff8190                . = ALIGN (0x8)
 *fill*         0x1fff818c        0x4 
 *(.ram)
                0x1fff8190                _edata = .

.igot.plt       0x1fff8190        0x0 load address 0x00015828
 .igot.plt      0x1fff8190        0x0 c:/program files (x86)/cypress/psoc creator/4.2/psoc creator/import/gnu/arm/5.4.1/bin/../lib/gcc/arm-none-eabi/5.4.1/armv7-m/crtbegin.o

.bss            0x1fff8190     0x4698 load address 0x00015828
                0x1fff8190                PROVIDE (__bss_start__, .)
 *(.shbss)
 *(.bss .bss.* .gnu.linkonce.b.*)
 .bss           0x1fff8190       0x1c c:/program files (x86)/cypress/psoc creator/4.2/psoc creator/import/gnu/arm/5.4.1/bin/../lib/gcc/arm-none-eabi/5.4.1/armv7-m/crtbegin.o
 .bss           0x1fff81ac       0x4c .\CortexM3\ARM_GCC_541\Debug\config.o
 .bss           0x1fff81f8        0x4 .\CortexM3\ARM_GCC_541\Debug\time.o
 .bss           0x1fff81fc      0x21d .\CortexM3\ARM_GCC_541\Debug\hidpacket.o
 *fill*         0x1fff8419        0x3 
 .bss           0x1fff841c       0x10 .\CortexM3\ARM_GCC_541\Debug\scsiPhy.o
 .bss           0x1fff842c       0x22 .\CortexM3\ARM_GCC_541\Debug\sd_cy8c52.o
 .bss           0x1fff844e        0x1 .\CortexM3\ARM_GCC_541\Debug\SCSI2SD_Copy_01.a(SDCard.o)
                0x1fff844e                SDCard_initVar
 .bss           0x1fff844f        0x1 .\CortexM3\ARM_GCC_541\Debug\SCSI2SD_Copy_01.a(USBFS.o)
                0x1fff844f                USBFS_initVar
 .bss           0x1fff8450        0x2 .\CortexM3\ARM_GCC_541\Debug\SCSI2SD_Copy_01.a(USBFS_std.o)
 .bss           0x1fff8452        0x1 .\CortexM3\ARM_GCC_541\Debug\SCSI2SD_Copy_01.a(Debug_Timer.o)
                0x1fff8452                Debug_Timer_initVar
 *fill*         0x1fff8453        0x1 
 .bss           0x1fff8454        0x8 .\CortexM3\ARM_GCC_541\Debug\SCSI2SD_Copy_01.a(CySpc.o)
                0x1fff8454                SpcLockState
 .bss           0x1fff845c        0x1 .\CortexM3\ARM_GCC_541\Debug\SCSI2SD_Copy_01.a(VDAC8_1.o)
                0x1fff845c                VDAC8_1_initVar
 *fill*         0x1fff845d        0x1 
 .bss           0x1fff845e        0x2 .\CortexM3\ARM_GCC_541\Debug\SCSI2SD_Copy_01.a(SOUND_ISR.o)
 .bss           0x1fff8460        0x1 .\CortexM3\ARM_GCC_541\Debug\SCSI2SD_Copy_01.a(LPF_1.o)
                0x1fff8460                LPF_1_initVar
 *(COMMON)
 *fill*         0x1fff8461        0x3 
 COMMON         0x1fff8464       0x14 .\CortexM3\ARM_GCC_541\Debug\disk.o
                0x1fff8464                transfer
                0x1fff8474                blockDev
 COMMON         0x1fff8478     0x41b0 .\CortexM3\ARM_GCC_541\Debug\scsi.o
                0x1fff8478                scsiDev
 COMMON         0x1fffc628        0x1 .\CortexM3\ARM_GCC_541\Debug\trace.o
                0x1fffc628                LastTrace
 COMMON         0x1fffc629        0x2 .\CortexM3\ARM_GCC_541\Debug\scsiPhy.o
                0x1fffc629                scsiRxDMAComplete
                0x1fffc62a                scsiTxDMAComplete
 *fill*         0x1fffc62b        0x1 
 COMMON         0x1fffc62c       0x31 .\CortexM3\ARM_GCC_541\Debug\sd_cy8c52.o
                0x1fffc62c                sdRxDMAComplete
                0x1fffc630                sdDev
                0x1fffc65c                sdTxDMAComplete
 *fill*         0x1fffc65d        0x3 
 COMMON         0x1fffc660       0x98 .\CortexM3\ARM_GCC_541\Debug\SCSI2SD_Copy_01.a(USBFS_drv.o)
                0x1fffc660                USBFS_deviceAddress
                0x1fffc661                USBFS_ep0Mode
                0x1fffc664                USBFS_interfaceSetting
                0x1fffc668                USBFS_currentTD
                0x1fffc674                USBFS_device
                0x1fffc675                USBFS_interfaceNumber
                0x1fffc676                USBFS_ep0Toggle
                0x1fffc677                USBFS_deviceStatus
                0x1fffc678                USBFS_configurationChanged
                0x1fffc679                USBFS_configuration
                0x1fffc67a                USBFS_transferState
                0x1fffc67c                USBFS_interfaceStatus
                0x1fffc680                USBFS_interfaceClass
                0x1fffc684                USBFS_EP
                0x1fffc6f0                USBFS_lastPacketSize
                0x1fffc6f1                USBFS_ep0Count
                0x1fffc6f4                USBFS_interfaceSettingLast
                0x1fffc6f6                USBFS_transferByteCount
 COMMON         0x1fffc6f8        0xa .\CortexM3\ARM_GCC_541\Debug\SCSI2SD_Copy_01.a(USBFS_hid.o)
                0x1fffc6f8                USBFS_hidIdleRate
                0x1fffc6fc                USBFS_hidIdleTimer
                0x1fffc700                USBFS_hidProtocol
 *fill*         0x1fffc702        0x2 
 COMMON         0x1fffc704        0x2 .\CortexM3\ARM_GCC_541\Debug\SCSI2SD_Copy_01.a(CyFlash.o)
                0x1fffc704                dieTemperature
 *fill*         0x1fffc706        0x2 
 COMMON         0x1fffc708      0x11d .\CortexM3\ARM_GCC_541\Debug\SCSI2SD_Copy_01.a(USBFS_descr.o)
                0x1fffc708                USBFS_DEVICE0_CONFIGURATION0_INTERFACE0_ALTERNATE0_HID_IN_RPT_SCB
                0x1fffc70c                USBFS_DEVICE0_CONFIGURATION0_INTERFACE1_ALTERNATE0_HID_IN_RPT_SCB
                0x1fffc710                USBFS_DEVICE0_CONFIGURATION0_INTERFACE1_ALTERNATE0_HID_IN_BUF
                0x1fffc754                USBFS_DEVICE0_CONFIGURATION0_INTERFACE0_ALTERNATE0_HID_IN_BUF
                0x1fffc798                USBFS_DEVICE0_CONFIGURATION0_INTERFACE0_ALTERNATE0_HID_OUT_BUF
                0x1fffc7dc                USBFS_DEVICE0_CONFIGURATION0_INTERFACE0_ALTERNATE0_HID_OUT_RPT_SCB
                0x1fffc7e0                USBFS_DEVICE0_CONFIGURATION0_INTERFACE1_ALTERNATE0_HID_OUT_RPT_SCB
                0x1fffc7e4                USBFS_DEVICE0_CONFIGURATION0_INTERFACE1_ALTERNATE0_HID_OUT_BUF
                0x1fffc828                . = ALIGN (0x8)
 *fill*         0x1fffc825        0x3 
 *(.ram.b)
                0x1fffc828                _end = .
                0x1fffc828                __end = .
                0x1fffc828                PROVIDE (end, .)
                0x1fffc828                PROVIDE (__bss_end__, .)
                0x00015760                __cy_region_init_ram = LOADADDR (.data)
                0x000000c8                __cy_region_init_size_ram = (_edata - ADDR (.data))
                0x00004698                __cy_region_zero_size_ram = (_end - _edata)

.heap           0x1fffc828      0x400 load address 0x00015828
                0x1fffc828                . = _end
                0x1fffcc28                . = (. + 0x400)
 *fill*         0x1fffc828      0x400 
                0x1fffcc28                __cy_heap_limit = .

.stack          0x20007000     0x1000
                0x20007000                __cy_stack_limit = .
                0x20008000                . = (. + 0x1000)
 *fill*         0x20007000     0x1000 
                0x00000001                ASSERT ((__cy_stack_limit >= __cy_heap_limit), region RAM overflowed with stack)

.cy_checksum_exclude
                0x0003ff00        0x0
 *(.cy_checksum_exclude)
                0x00000000                cy_checksum_exclude_size = (CY_APPL_LOADABLE == 0x1)?SIZEOF (.cy_checksum_exclude):0x0
                0x00000001                ASSERT ((cy_checksum_exclude_size <= CY_CHECKSUM_EXCLUDE_SIZE), CY_BOOT: Section .cy_checksum_exclude size exceedes specified limit.)

.cyloadermeta   0xf0000000       0x40
 *(.cyloadermeta)
 .cyloadermeta  0xf0000000       0x40 .\CortexM3\ARM_GCC_541\Debug\cybootloader.o
                0xf0000000                cy_meta_loader

.cyloadablemeta
                0x0003ffc0       0x40
 *(.cyloadablemeta)
 .cyloadablemeta
                0x0003ffc0       0x40 .\CortexM3\ARM_GCC_541\Debug\cymetadata.o
                0x0003ffc0                cy_meta_loadable

.cyconfigecc    0x80000860        0x1
 *(.cyconfigecc)
 .cyconfigecc   0x80000860        0x1 .\CortexM3\ARM_GCC_541\Debug\cymetadata.o
                0x80000860                cy_meta_configecc

.cycustnvl      0x90000000        0x4
 *(.cycustnvl)
 .cycustnvl     0x90000000        0x4 .\CortexM3\ARM_GCC_541\Debug\cybootloader.o
                0x90000000                cy_meta_custnvl

.cywolatch      0x90100000        0x4
 *(.cywolatch)
 .cywolatch     0x90100000        0x4 .\CortexM3\ARM_GCC_541\Debug\cybootloader.o
                0x90100000                cy_meta_wonvl

.cyeeprom       0x90200000        0x0
 *(.cyeeprom)
                0x00000001                ASSERT ((. <= ((0x90200000 + ee_offset) + ee_size)), .cyeeprom data will not fit in EEPROM)

.cyflashprotect
                0x90400000      0x100
 *(.cyflashprotect)
 .cyflashprotect
                0x90400000      0x100 .\CortexM3\ARM_GCC_541\Debug\cybootloader.o
                0x90400000                cy_meta_flashprotect

.cymeta         0x90500000        0xc
 *(.cymeta)
 .cymeta        0x90500000        0xc .\CortexM3\ARM_GCC_541\Debug\cybootloader.o
                0x90500000                cy_metadata

.rel.dyn        0x00040000        0x0 load address 0x9050000c
 .rel.iplt      0x00040000        0x0 c:/program files (x86)/cypress/psoc creator/4.2/psoc creator/import/gnu/arm/5.4.1/bin/../lib/gcc/arm-none-eabi/5.4.1/armv7-m/crtbegin.o

.stab
 *(.stab)

.stabstr
 *(.stabstr)

.debug
 *(.debug)

.line
 *(.line)

.debug_srcinfo
 *(.debug_srcinfo)

.debug_sfnames
 *(.debug_sfnames)

.debug_aranges  0x00000000     0x19e0
 *(.debug_aranges)
 .debug_aranges
                0x00000000       0x48 .\CortexM3\ARM_GCC_541\Debug\diagnostic.o
 .debug_aranges
                0x00000048       0x90 .\CortexM3\ARM_GCC_541\Debug\disk.o
 .debug_aranges
                0x000000d8       0x50 .\CortexM3\ARM_GCC_541\Debug\geometry.o
 .debug_aranges
                0x00000128       0x30 .\CortexM3\ARM_GCC_541\Debug\inquiry.o
 .debug_aranges
                0x00000158       0x40 .\CortexM3\ARM_GCC_541\Debug\mode.o
 .debug_aranges
                0x00000198       0xb0 .\CortexM3\ARM_GCC_541\Debug\scsi.o
 .debug_aranges
                0x00000248       0x20 .\CortexM3\ARM_GCC_541\Debug\bits.o
 .debug_aranges
                0x00000268       0xa8 .\CortexM3\ARM_GCC_541\Debug\config.o
 .debug_aranges
                0x00000310       0x50 .\CortexM3\ARM_GCC_541\Debug\time.o
 .debug_aranges
                0x00000360       0x48 .\CortexM3\ARM_GCC_541\Debug\hidpacket.o
 .debug_aranges
                0x000003a8       0x50 .\CortexM3\ARM_GCC_541\Debug\cdrom.o
 .debug_aranges
                0x000003f8       0x20 .\CortexM3\ARM_GCC_541\Debug\trace.o
 .debug_aranges
                0x00000418       0x20 .\CortexM3\ARM_GCC_541\Debug\mo.o
 .debug_aranges
                0x00000438       0x20 .\CortexM3\ARM_GCC_541\Debug\tape.o
 .debug_aranges
                0x00000458       0xd8 .\CortexM3\ARM_GCC_541\Debug\scsiPhy.o
 .debug_aranges
                0x00000530       0x28 .\CortexM3\ARM_GCC_541\Debug\vendor.o
 .debug_aranges
                0x00000558      0x108 .\CortexM3\ARM_GCC_541\Debug\sd_cy8c52.o
 .debug_aranges
                0x00000660       0x30 .\CortexM3\ARM_GCC_541\Debug\led_cy8c52.o
 .debug_aranges
                0x00000690       0x28 .\CortexM3\ARM_GCC_541\Debug\main_cy8c52sound.o
 .debug_aranges
                0x000006b8       0x60 .\CortexM3\ARM_GCC_541\Debug\cyfitter_cfg.o
 .debug_aranges
                0x00000718       0x18 .\CortexM3\ARM_GCC_541\Debug\cybootloader.o
 .debug_aranges
                0x00000730       0x18 .\CortexM3\ARM_GCC_541\Debug\cymetadata.o
 .debug_aranges
                0x00000748       0x48 .\CortexM3\ARM_GCC_541\Debug\Cm3Start.o
 .debug_aranges
                0x00000790       0x70 .\CortexM3\ARM_GCC_541\Debug\SCSI2SD_Copy_01.a(SD_Data_Clk.o)
 .debug_aranges
                0x00000800       0x28 .\CortexM3\ARM_GCC_541\Debug\SCSI2SD_Copy_01.a(SCSI_CTL_PHASE.o)
 .debug_aranges
                0x00000828       0x38 .\CortexM3\ARM_GCC_541\Debug\SCSI2SD_Copy_01.a(SD_CS.o)
 .debug_aranges
                0x00000860       0x38 .\CortexM3\ARM_GCC_541\Debug\SCSI2SD_Copy_01.a(SD_SCK.o)
 .debug_aranges
                0x00000898       0x38 .\CortexM3\ARM_GCC_541\Debug\SCSI2SD_Copy_01.a(SD_MOSI.o)
 .debug_aranges
                0x000008d0       0x70 .\CortexM3\ARM_GCC_541\Debug\SCSI2SD_Copy_01.a(SCSI_CLK.o)
 .debug_aranges
                0x00000940       0x80 .\CortexM3\ARM_GCC_541\Debug\SCSI2SD_Copy_01.a(SCSI_RST_ISR.o)
 .debug_aranges
                0x000009c0       0x38 .\CortexM3\ARM_GCC_541\Debug\SCSI2SD_Copy_01.a(LED1.o)
 .debug_aranges
                0x000009f8       0xd8 .\CortexM3\ARM_GCC_541\Debug\SCSI2SD_Copy_01.a(SDCard.o)
 .debug_aranges
                0x00000ad0       0x38 .\CortexM3\ARM_GCC_541\Debug\SCSI2SD_Copy_01.a(SD_MISO.o)
 .debug_aranges
                0x00000b08       0xc8 .\CortexM3\ARM_GCC_541\Debug\SCSI2SD_Copy_01.a(USBFS.o)
 .debug_aranges
                0x00000bd0       0x98 .\CortexM3\ARM_GCC_541\Debug\SCSI2SD_Copy_01.a(USBFS_drv.o)
 .debug_aranges
                0x00000c68       0x48 .\CortexM3\ARM_GCC_541\Debug\SCSI2SD_Copy_01.a(USBFS_episr.o)
 .debug_aranges
                0x00000cb0       0x48 .\CortexM3\ARM_GCC_541\Debug\SCSI2SD_Copy_01.a(USBFS_hid.o)
 .debug_aranges
                0x00000cf8       0x40 .\CortexM3\ARM_GCC_541\Debug\SCSI2SD_Copy_01.a(USBFS_pm.o)
 .debug_aranges
                0x00000d38       0x78 .\CortexM3\ARM_GCC_541\Debug\SCSI2SD_Copy_01.a(USBFS_std.o)
 .debug_aranges
                0x00000db0       0x20 .\CortexM3\ARM_GCC_541\Debug\SCSI2SD_Copy_01.a(USBFS_vnd.o)
 .debug_aranges
                0x00000dd0       0x28 .\CortexM3\ARM_GCC_541\Debug\SCSI2SD_Copy_01.a(Bootloadable_1.o)
 .debug_aranges
                0x00000df8       0x28 .\CortexM3\ARM_GCC_541\Debug\SCSI2SD_Copy_01.a(SCSI_Out_Bits.o)
 .debug_aranges
                0x00000e20       0x28 .\CortexM3\ARM_GCC_541\Debug\SCSI2SD_Copy_01.a(SCSI_Out_Ctl.o)
 .debug_aranges
                0x00000e48       0x88 .\CortexM3\ARM_GCC_541\Debug\SCSI2SD_Copy_01.a(Debug_Timer.o)
 .debug_aranges
                0x00000ed0       0x80 .\CortexM3\ARM_GCC_541\Debug\SCSI2SD_Copy_01.a(Debug_Timer_Interrupt.o)
 .debug_aranges
                0x00000f50       0x28 .\CortexM3\ARM_GCC_541\Debug\SCSI2SD_Copy_01.a(SCSI_TX_DMA_dma.o)
 .debug_aranges
                0x00000f78       0x80 .\CortexM3\ARM_GCC_541\Debug\SCSI2SD_Copy_01.a(SCSI_TX_DMA_COMPLETE.o)
 .debug_aranges
                0x00000ff8       0x28 .\CortexM3\ARM_GCC_541\Debug\SCSI2SD_Copy_01.a(SD_RX_DMA_dma.o)
 .debug_aranges
                0x00001020       0x28 .\CortexM3\ARM_GCC_541\Debug\SCSI2SD_Copy_01.a(SD_TX_DMA_dma.o)
 .debug_aranges
                0x00001048       0x80 .\CortexM3\ARM_GCC_541\Debug\SCSI2SD_Copy_01.a(SD_RX_DMA_COMPLETE.o)
 .debug_aranges
                0x000010c8       0x80 .\CortexM3\ARM_GCC_541\Debug\SCSI2SD_Copy_01.a(SD_TX_DMA_COMPLETE.o)
 .debug_aranges
                0x00001148       0x28 .\CortexM3\ARM_GCC_541\Debug\SCSI2SD_Copy_01.a(SCSI_RX_DMA_dma.o)
 .debug_aranges
                0x00001170       0x80 .\CortexM3\ARM_GCC_541\Debug\SCSI2SD_Copy_01.a(SCSI_RX_DMA_COMPLETE.o)
 .debug_aranges
                0x000011f0       0x40 .\CortexM3\ARM_GCC_541\Debug\SCSI2SD_Copy_01.a(SCSI_Parity_Error.o)
 .debug_aranges
                0x00001230       0x40 .\CortexM3\ARM_GCC_541\Debug\SCSI2SD_Copy_01.a(SCSI_Filtered.o)
 .debug_aranges
                0x00001270       0x80 .\CortexM3\ARM_GCC_541\Debug\SCSI2SD_Copy_01.a(SCSI_SEL_ISR.o)
 .debug_aranges
                0x000012f0       0x28 .\CortexM3\ARM_GCC_541\Debug\SCSI2SD_Copy_01.a(SCSI_Glitch_Ctl.o)
 .debug_aranges
                0x00001318       0x48 .\CortexM3\ARM_GCC_541\Debug\SCSI2SD_Copy_01.a(USBFS_Dp.o)
 .debug_aranges
                0x00001360       0xd8 .\CortexM3\ARM_GCC_541\Debug\SCSI2SD_Copy_01.a(CyDmac.o)
 .debug_aranges
                0x00001438       0x90 .\CortexM3\ARM_GCC_541\Debug\SCSI2SD_Copy_01.a(CyFlash.o)
 .debug_aranges
                0x000014c8      0x2a0 .\CortexM3\ARM_GCC_541\Debug\SCSI2SD_Copy_01.a(CyLib.o)
 .debug_aranges
                0x00001768       0x98 .\CortexM3\ARM_GCC_541\Debug\SCSI2SD_Copy_01.a(cyPm.o)
 .debug_aranges
                0x00001800       0x80 .\CortexM3\ARM_GCC_541\Debug\SCSI2SD_Copy_01.a(CySpc.o)
 .debug_aranges
                0x00001880       0x58 .\CortexM3\ARM_GCC_541\Debug\SCSI2SD_Copy_01.a(VDAC8_1.o)
 .debug_aranges
                0x000018d8       0x80 .\CortexM3\ARM_GCC_541\Debug\SCSI2SD_Copy_01.a(SOUND_ISR.o)
 .debug_aranges
                0x00001958       0x30 .\CortexM3\ARM_GCC_541\Debug\SCSI2SD_Copy_01.a(LPF_1.o)
 .debug_aranges
                0x00001988       0x20 .\CortexM3\ARM_GCC_541\Debug\SCSI2SD_Copy_01.a(CyBootAsmGnu.o)
 .debug_aranges
                0x000019a8       0x20 .\CortexM3\ARM_GCC_541\Debug\SCSI2SD_Copy_01.a(USBFS_cls.o)
 .debug_aranges
                0x000019c8       0x18 .\CortexM3\ARM_GCC_541\Debug\SCSI2SD_Copy_01.a(USBFS_descr.o)

.debug_pubnames
 *(.debug_pubnames)

.debug_info     0x00000000    0x14001
 *(.debug_info .gnu.linkonce.wi.*)
 .debug_info    0x00000000      0xb6a .\CortexM3\ARM_GCC_541\Debug\diagnostic.o
 .debug_info    0x00000b6a     0x11fc .\CortexM3\ARM_GCC_541\Debug\disk.o
 .debug_info    0x00001d66      0x9cc .\CortexM3\ARM_GCC_541\Debug\geometry.o
 .debug_info    0x00002732      0xbea .\CortexM3\ARM_GCC_541\Debug\inquiry.o
 .debug_info    0x0000331c     0x107d .\CortexM3\ARM_GCC_541\Debug\mode.o