Archive member included to satisfy reference by file (symbol)

.\CortexM3\ARM_GCC_541\Debug\SCSI2SD_Copy_01.a(SD_Data_Clk.o)
                              .\CortexM3\ARM_GCC_541\Debug\sd_cy8c52.o (SD_Data_Clk_SetDividerRegister)
.\CortexM3\ARM_GCC_541\Debug\SCSI2SD_Copy_01.a(SCSI_CTL_PHASE.o)
                              .\CortexM3\ARM_GCC_541\Debug\scsi.o (SCSI_CTL_PHASE_Write)
.\CortexM3\ARM_GCC_541\Debug\SCSI2SD_Copy_01.a(SD_CS.o)
                              .\CortexM3\ARM_GCC_541\Debug\sd_cy8c52.o (SD_CS_Write)
.\CortexM3\ARM_GCC_541\Debug\SCSI2SD_Copy_01.a(SD_SCK.o)
                              .\CortexM3\ARM_GCC_541\Debug\sd_cy8c52.o (SD_SCK_SetDriveMode)
.\CortexM3\ARM_GCC_541\Debug\SCSI2SD_Copy_01.a(SD_MOSI.o)
                              .\CortexM3\ARM_GCC_541\Debug\sd_cy8c52.o (SD_MOSI_SetDriveMode)
.\CortexM3\ARM_GCC_541\Debug\SCSI2SD_Copy_01.a(SCSI_CLK.o)
                              .\CortexM3\ARM_GCC_541\Debug\scsiPhy.o (SCSI_CLK_SetDividerRegister)
.\CortexM3\ARM_GCC_541\Debug\SCSI2SD_Copy_01.a(SCSI_RST_ISR.o)
                              .\CortexM3\ARM_GCC_541\Debug\scsiPhy.o (SCSI_RST_ISR_Disable)
.\CortexM3\ARM_GCC_541\Debug\SCSI2SD_Copy_01.a(LED1.o)
                              .\CortexM3\ARM_GCC_541\Debug\led_cy8c52.o (LED1_Write)
.\CortexM3\ARM_GCC_541\Debug\SCSI2SD_Copy_01.a(SDCard.o)
                              .\CortexM3\ARM_GCC_541\Debug\sd_cy8c52.o (SDCard_ClearFIFO)
.\CortexM3\ARM_GCC_541\Debug\SCSI2SD_Copy_01.a(SD_MISO.o)
                              .\CortexM3\ARM_GCC_541\Debug\sd_cy8c52.o (SD_MISO_SetDriveMode)
.\CortexM3\ARM_GCC_541\Debug\SCSI2SD_Copy_01.a(USBFS.o)
                              .\CortexM3\ARM_GCC_541\Debug\config.o (USBFS_Start)
.\CortexM3\ARM_GCC_541\Debug\SCSI2SD_Copy_01.a(USBFS_drv.o)
                              .\CortexM3\ARM_GCC_541\Debug\SCSI2SD_Copy_01.a(USBFS.o) (USBFS_EP)
.\CortexM3\ARM_GCC_541\Debug\SCSI2SD_Copy_01.a(USBFS_episr.o)
                              .\CortexM3\ARM_GCC_541\Debug\SCSI2SD_Copy_01.a(USBFS.o) (USBFS_EP_1_ISR)
.\CortexM3\ARM_GCC_541\Debug\SCSI2SD_Copy_01.a(USBFS_hid.o)
                              .\CortexM3\ARM_GCC_541\Debug\SCSI2SD_Copy_01.a(USBFS.o) (USBFS_hidProtocol)
.\CortexM3\ARM_GCC_541\Debug\SCSI2SD_Copy_01.a(USBFS_pm.o)
                              .\CortexM3\ARM_GCC_541\Debug\SCSI2SD_Copy_01.a(USBFS.o) (USBFS_DP_ISR)
.\CortexM3\ARM_GCC_541\Debug\SCSI2SD_Copy_01.a(USBFS_std.o)
                              .\CortexM3\ARM_GCC_541\Debug\SCSI2SD_Copy_01.a(USBFS_drv.o) (USBFS_HandleStandardRqst)
.\CortexM3\ARM_GCC_541\Debug\SCSI2SD_Copy_01.a(USBFS_vnd.o)
                              .\CortexM3\ARM_GCC_541\Debug\SCSI2SD_Copy_01.a(USBFS_drv.o) (USBFS_HandleVendorRqst)
.\CortexM3\ARM_GCC_541\Debug\SCSI2SD_Copy_01.a(Bootloadable_1.o)
                              .\CortexM3\ARM_GCC_541\Debug\config.o (Bootloadable_1_Load)
.\CortexM3\ARM_GCC_541\Debug\SCSI2SD_Copy_01.a(SCSI_Out_Bits.o)
                              .\CortexM3\ARM_GCC_541\Debug\scsi.o (SCSI_Out_Bits_Write)
.\CortexM3\ARM_GCC_541\Debug\SCSI2SD_Copy_01.a(SCSI_Out_Ctl.o)
                              .\CortexM3\ARM_GCC_541\Debug\scsi.o (SCSI_Out_Ctl_Write)
.\CortexM3\ARM_GCC_541\Debug\SCSI2SD_Copy_01.a(Debug_Timer.o)
                              .\CortexM3\ARM_GCC_541\Debug\config.o (Debug_Timer_Start)
.\CortexM3\ARM_GCC_541\Debug\SCSI2SD_Copy_01.a(Debug_Timer_Interrupt.o)
                              .\CortexM3\ARM_GCC_541\Debug\config.o (Debug_Timer_Interrupt_StartEx)
.\CortexM3\ARM_GCC_541\Debug\SCSI2SD_Copy_01.a(SCSI_TX_DMA_dma.o)
                              .\CortexM3\ARM_GCC_541\Debug\scsiPhy.o (SCSI_TX_DMA_DmaInitialize)
.\CortexM3\ARM_GCC_541\Debug\SCSI2SD_Copy_01.a(SCSI_TX_DMA_COMPLETE.o)
                              .\CortexM3\ARM_GCC_541\Debug\scsiPhy.o (SCSI_TX_DMA_COMPLETE_StartEx)
.\CortexM3\ARM_GCC_541\Debug\SCSI2SD_Copy_01.a(SD_RX_DMA_dma.o)
                              .\CortexM3\ARM_GCC_541\Debug\sd_cy8c52.o (SD_RX_DMA_DmaInitialize)
.\CortexM3\ARM_GCC_541\Debug\SCSI2SD_Copy_01.a(SD_TX_DMA_dma.o)
                              .\CortexM3\ARM_GCC_541\Debug\sd_cy8c52.o (SD_TX_DMA_DmaInitialize)
.\CortexM3\ARM_GCC_541\Debug\SCSI2SD_Copy_01.a(SD_RX_DMA_COMPLETE.o)
                              .\CortexM3\ARM_GCC_541\Debug\sd_cy8c52.o (SD_RX_DMA_COMPLETE_StartEx)
.\CortexM3\ARM_GCC_541\Debug\SCSI2SD_Copy_01.a(SD_TX_DMA_COMPLETE.o)
                              .\CortexM3\ARM_GCC_541\Debug\sd_cy8c52.o (SD_TX_DMA_COMPLETE_StartEx)
.\CortexM3\ARM_GCC_541\Debug\SCSI2SD_Copy_01.a(SCSI_RX_DMA_dma.o)
                              .\CortexM3\ARM_GCC_541\Debug\scsiPhy.o (SCSI_RX_DMA_DmaInitialize)
.\CortexM3\ARM_GCC_541\Debug\SCSI2SD_Copy_01.a(SCSI_RX_DMA_COMPLETE.o)
                              .\CortexM3\ARM_GCC_541\Debug\scsiPhy.o (SCSI_RX_DMA_COMPLETE_StartEx)
.\CortexM3\ARM_GCC_541\Debug\SCSI2SD_Copy_01.a(SCSI_Parity_Error.o)
[...]
Memory Configuration

Name             Origin             Length             Attributes
rom              0x00000000         0x00040000         xr
ram              0x1fff8000         0x00010000         xrw
*default*        0x00000000         0xffffffff

Linker script and memory map

LOAD c:/program files (x86)/cypress/psoc creator/4.2/psoc creator/import/gnu/arm/5.4.1/bin/../lib/gcc/arm-none-eabi/5.4.1/armv7-m/crti.o
LOAD c:/program files (x86)/cypress/psoc creator/4.2/psoc creator/import/gnu/arm/5.4.1/bin/../lib/gcc/arm-none-eabi/5.4.1/armv7-m/crtbegin.o
LOAD c:/program files (x86)/cypress/psoc creator/4.2/psoc creator/import/gnu/arm/5.4.1/bin/../lib/gcc/arm-none-eabi/5.4.1/../../../../arm-none-eabi/lib/armv7-m/crt0.o
START GROUP
LOAD .\CortexM3\ARM_GCC_541\Debug\diagnostic.o
LOAD .\CortexM3\ARM_GCC_541\Debug\disk.o
LOAD .\CortexM3\ARM_GCC_541\Debug\geometry.o
LOAD .\CortexM3\ARM_GCC_541\Debug\inquiry.o
LOAD .\CortexM3\ARM_GCC_541\Debug\mode.o
LOAD .\CortexM3\ARM_GCC_541\Debug\scsi.o
LOAD .\CortexM3\ARM_GCC_541\Debug\bits.o
LOAD .\CortexM3\ARM_GCC_541\Debug\config.o
LOAD .\CortexM3\ARM_GCC_541\Debug\time.o
LOAD .\CortexM3\ARM_GCC_541\Debug\hidpacket.o
LOAD .\CortexM3\ARM_GCC_541\Debug\cdrom.o
LOAD .\CortexM3\ARM_GCC_541\Debug\trace.o
LOAD .\CortexM3\ARM_GCC_541\Debug\mo.o
LOAD .\CortexM3\ARM_GCC_541\Debug\tape.o
LOAD .\CortexM3\ARM_GCC_541\Debug\scsiPhy.o
LOAD .\CortexM3\ARM_GCC_541\Debug\vendor.o
LOAD .\CortexM3\ARM_GCC_541\Debug\sd_cy8c52.o
LOAD .\CortexM3\ARM_GCC_541\Debug\led_cy8c52.o
LOAD .\CortexM3\ARM_GCC_541\Debug\main_cy8c52sound.o
LOAD .\CortexM3\ARM_GCC_541\Debug\cyfitter_cfg.o
LOAD .\CortexM3\ARM_GCC_541\Debug\cybootloader.o
LOAD .\CortexM3\ARM_GCC_541\Debug\cymetadata.o
LOAD .\CortexM3\ARM_GCC_541\Debug\Cm3Start.o
LOAD .\CortexM3\ARM_GCC_541\Debug\SCSI2SD_Copy_01.a
LOAD C:\Program Files (x86)\Cypress\PSoC Creator\4.2\PSoC Creator\psoc\content\cycomponentlibrary\CyComponentLibrary.cylib\CortexM3\ARM_GCC_541\Debug\CyComponentLibrary.a
END GROUP
START GROUP
LOAD c:/program files (x86)/cypress/psoc creator/4.2/psoc creator/import/gnu/arm/5.4.1/bin/../lib/gcc/arm-none-eabi/5.4.1/armv7-m\libgcc.a
LOAD c:/program files (x86)/cypress/psoc creator/4.2/psoc creator/import/gnu/arm/5.4.1/bin/../lib/gcc/arm-none-eabi/5.4.1/../../../../arm-none-eabi/lib/armv7-m\libg_nano.a
LOAD c:/program files (x86)/cypress/psoc creator/4.2/psoc creator/import/gnu/arm/5.4.1/bin/../lib/gcc/arm-none-eabi/5.4.1/../../../../arm-none-eabi/lib/armv7-m\libc_nano.a
END GROUP
START GROUP
LOAD c:/program files (x86)/cypress/psoc creator/4.2/psoc creator/import/gnu/arm/5.4.1/bin/../lib/gcc/arm-none-eabi/5.4.1/armv7-m\libgcc.a
LOAD c:/program files (x86)/cypress/psoc creator/4.2/psoc creator/import/gnu/arm/5.4.1/bin/../lib/gcc/arm-none-eabi/5.4.1/../../../../arm-none-eabi/lib/armv7-m\libc_nano.a
END GROUP
LOAD c:/program files (x86)/cypress/psoc creator/4.2/psoc creator/import/gnu/arm/5.4.1/bin/../lib/gcc/arm-none-eabi/5.4.1/armv7-m/crtend.o
LOAD c:/program files (x86)/cypress/psoc creator/4.2/psoc creator/import/gnu/arm/5.4.1/bin/../lib/gcc/arm-none-eabi/5.4.1/armv7-m/crtn.o
START GROUP
LOAD c:/program files (x86)/cypress/psoc creator/4.2/psoc creator/import/gnu/arm/5.4.1/bin/../lib/gcc/arm-none-eabi/5.4.1/armv7-m\libgcc.a
LOAD c:/program files (x86)/cypress/psoc creator/4.2/psoc creator/import/gnu/arm/5.4.1/bin/../lib/gcc/arm-none-eabi/5.4.1/../../../../arm-none-eabi/lib/armv7-m\libc.a
LOAD c:/program files (x86)/cypress/psoc creator/4.2/psoc creator/import/gnu/arm/5.4.1/bin/../lib/gcc/arm-none-eabi/5.4.1/../../../../arm-none-eabi/lib/armv7-m\libnosys.a
END GROUP
                0x00000000                CY_APPL_ORIGIN = 0x0
                0x00000100                CY_FLASH_ROW_SIZE = 0x100
                0x00000020                CY_ECC_ROW_SIZE = 0x20
                0x00000000                CY_EE_IN_BTLDR = 0x0
                0x00000001                CY_APPL_LOADABLE = 0x1
                0x00000800                CY_EE_SIZE = 0x800
                0x00000001                CY_APPL_NUM = 0x1
                0x00000001                CY_APPL_MAX = 0x1
                0x00000040                CY_METADATA_SIZE = 0x40
                0x00000001                CY_APPL_LOADABLE = 0x1
                0x00000000                CY_CHECKSUM_EXCLUDE_SIZE = ALIGN (0x0, CY_FLASH_ROW_SIZE)
                [!provide]                PROVIDE (__cy_heap_start, _end)
                0x00000001                PROVIDE (__cy_region_num, ((__cy_regions_end - __cy_regions) / 0x10))
                0x20008000                PROVIDE (__cy_stack, (ORIGIN (ram) + LENGTH (ram)))
                [!provide]                PROVIDE (__cy_heap_end, (__cy_stack - 0x1000))

.cybootloader   0x00000000     0x4300
 *(.cybootloader)
 .cybootloader  0x00000000     0x4300 .\CortexM3\ARM_GCC_541\Debug\cybootloader.o
                0x00000000                cy_bootloader
                0x00004300                appl1_start = CY_APPL_ORIGIN?CY_APPL_ORIGIN:ALIGN (CY_FLASH_ROW_SIZE)
                0x00022100                appl2_start = (appl1_start + ALIGN ((((LENGTH (rom) - appl1_start) - (0x2 * CY_FLASH_ROW_SIZE)) / 0x2), CY_FLASH_ROW_SIZE))
                0x00004300                appl_start = (CY_APPL_NUM == 0x1)?appl1_start:appl2_start
                0x00000860                ecc_offset = ((appl_start / CY_FLASH_ROW_SIZE) * CY_ECC_ROW_SIZE)
                0x00000000                ee_offset = (CY_APPL_LOADABLE && ! (CY_EE_IN_BTLDR))?((CY_EE_SIZE / CY_APPL_MAX) * (CY_APPL_NUM - 0x1)):0x0
                0x00000800                ee_size = (CY_APPL_LOADABLE && ! (CY_EE_IN_BTLDR))?(CY_EE_SIZE / CY_APPL_MAX):CY_EE_SIZE
                [!provide]                PROVIDE (CY_ECC_OFFSET, ecc_offset)

.text           0x00004300     0xc25e
 CREATE_OBJECT_SYMBOLS
                0x00004300                PROVIDE (__cy_interrupt_vector, RomVectors)
 *(.romvectors)
 .romvectors    0x00004300       0x10 .\CortexM3\ARM_GCC_541\Debug\Cm3Start.o
                0x00004300                RomVectors
                0x00000001                ASSERT ((. != __cy_interrupt_vector), No interrupt vector)
                0x00000001                ASSERT (CY_APPL_ORIGIN?(SIZEOF (.cybootloader) <= CY_APPL_ORIGIN):0x1, Wrong image location)
                0x00004310                PROVIDE (__cy_reset, Reset)
 *(.text.Reset)
 .text.Reset    0x00004310        0x8 .\CortexM3\ARM_GCC_541\Debug\Cm3Start.o
                0x00004310                Reset
                0x00000001                ASSERT ((. != __cy_reset), No reset code)
 *(.dma_init)
                0x00000001                ASSERT ((((appl_start + .) <= 0x10000) || 0x1), DMA Init must be within the first 64k of flash)
 *(.text .text.* .gnu.linkonce.t.*)
 .text          0x00004318       0x5c c:/program files (x86)/cypress/psoc creator/4.2/psoc creator/import/gnu/arm/5.4.1/bin/../lib/gcc/arm-none-eabi/5.4.1/armv7-m/crtbegin.o
 .text.scsiSendDiagnostic
                0x00004374       0x90 .\CortexM3\ARM_GCC_541\Debug\diagnostic.o
                0x00004374                scsiSendDiagnostic
 .text.scsiReceiveDiagnostic
                0x00004404      0x16c .\CortexM3\ARM_GCC_541\Debug\diagnostic.o
                0x00004404                scsiReceiveDiagnostic
 .text.scsiReadBuffer
                0x00004570       0xc8 .\CortexM3\ARM_GCC_541\Debug\diagnostic.o
                0x00004570                scsiReadBuffer
 .text.doWriteBuffer
                0x00004638       0x28 .\CortexM3\ARM_GCC_541\Debug\diagnostic.o
 .text.scsiWriteBuffer
                0x00004660       0xa4 .\CortexM3\ARM_GCC_541\Debug\diagnostic.o
                0x00004660                scsiWriteBuffer
 .text.SDSectorsPerSCSISector
                0x00004704       0x24 .\CortexM3\ARM_GCC_541\Debug\disk.o
 .text.doSdInit
                0x00004728       0x3c .\CortexM3\ARM_GCC_541\Debug\disk.o
 .text.doFormatUnitComplete
                0x00004764       0x18 .\CortexM3\ARM_GCC_541\Debug\disk.o
 .text.doFormatUnitSkipData
                0x0000477c       0x30 .\CortexM3\ARM_GCC_541\Debug\disk.o
 .text.doFormatUnitPatternHeader
                0x000047ac       0x48 .\CortexM3\ARM_GCC_541\Debug\disk.o
 .text.doFormatUnitHeader
                0x000047f4       0xac .\CortexM3\ARM_GCC_541\Debug\disk.o
 .text.doReadCapacity
                0x000048a0      0x158 .\CortexM3\ARM_GCC_541\Debug\disk.o
 .text.doWrite  0x000049f8      0x178 .\CortexM3\ARM_GCC_541\Debug\disk.o
 .text.doRead   0x00004b70      0x15c .\CortexM3\ARM_GCC_541\Debug\disk.o
 .text.doSeek   0x00004ccc       0x60 .\CortexM3\ARM_GCC_541\Debug\disk.o
 .text.doTestUnitReady
                0x00004d2c       0xf4 .\CortexM3\ARM_GCC_541\Debug\disk.o
 .text.scsiDiskCommand
                0x00004e20      0x45c .\CortexM3\ARM_GCC_541\Debug\disk.o
                0x00004e20                scsiDiskCommand
 .text.scsiDiskPoll
                0x0000527c      0x6c0 .\CortexM3\ARM_GCC_541\Debug\disk.o
                0x0000527c                scsiDiskPoll
 .text.scsiDiskReset
                0x0000593c       0x60 .\CortexM3\ARM_GCC_541\Debug\disk.o
                0x0000593c                scsiDiskReset
 .text.scsiDiskInit
                0x0000599c       0x18 .\CortexM3\ARM_GCC_541\Debug\disk.o
                0x0000599c                scsiDiskInit
 .text.SDSectorsPerSCSISector
                0x000059b4       0x24 .\CortexM3\ARM_GCC_541\Debug\geometry.o
 .text.getScsiCapacity
                0x000059d8       0x48 .\CortexM3\ARM_GCC_541\Debug\geometry.o
                0x000059d8                getScsiCapacity
 .text.SCSISector2SD
                0x00005a20       0x2c .\CortexM3\ARM_GCC_541\Debug\geometry.o
                0x00005a20                SCSISector2SD
 .text.CHS2LBA  0x00005a4c       0x74 .\CortexM3\ARM_GCC_541\Debug\geometry.o
                0x00005a4c                CHS2LBA
 .text.LBA2CHS  0x00005ac0       0x58 .\CortexM3\ARM_GCC_541\Debug\geometry.o
                0x00005ac0                LBA2CHS
 .text.scsiByteAddress
                0x00005b18      0x19c .\CortexM3\ARM_GCC_541\Debug\geometry.o
                0x00005b18                scsiByteAddress
 .text.scsiSaveByteAddress
                0x00005cb4      0x1ac .\CortexM3\ARM_GCC_541\Debug\geometry.o
                0x00005cb4                scsiSaveByteAddress
 .text.useCustomVPD
                0x00005e60       0xc4 .\CortexM3\ARM_GCC_541\Debug\inquiry.o
 .text.scsiInquiry
                0x00005f24      0x324 .\CortexM3\ARM_GCC_541\Debug\inquiry.o
                0x00005f24                scsiInquiry
 .text.pageIn   0x00006248       0x50 .\CortexM3\ARM_GCC_541\Debug\mode.o
 .text.useCustomPages
                0x00006298       0xa4 .\CortexM3\ARM_GCC_541\Debug\mode.o
 .text.doModeSense
                0x0000633c      0x680 .\CortexM3\ARM_GCC_541\Debug\mode.o
 .text.doModeSelect
                0x000069bc      0x1c0 .\CortexM3\ARM_GCC_541\Debug\mode.o
 .text.scsiModeCommand
                0x00006b7c      0x184 .\CortexM3\ARM_GCC_541\Debug\mode.o
                0x00006b7c                scsiModeCommand
 .text.enter_BusFree
                0x00006d00       0x74 .\CortexM3\ARM_GCC_541\Debug\scsi.o
                0x00006d00                enter_BusFree
 .text.enter_MessageIn
                0x00006d74       0x2c .\CortexM3\ARM_GCC_541\Debug\scsi.o
 .text.process_MessageIn
                0x00006da0       0xc0 .\CortexM3\ARM_GCC_541\Debug\scsi.o
                0x00006da0                process_MessageIn
 .text.messageReject
                0x00006e60       0x14 .\CortexM3\ARM_GCC_541\Debug\scsi.o
 .text.enter_Status
                0x00006e74       0x60 .\CortexM3\ARM_GCC_541\Debug\scsi.o
 .text.process_Status
                0x00006ed4      0x194 .\CortexM3\ARM_GCC_541\Debug\scsi.o
                0x00006ed4                process_Status
 .text.enter_DataIn
                0x00007068       0x2c .\CortexM3\ARM_GCC_541\Debug\scsi.o
 .text.process_DataIn
                0x00007094       0xbc .\CortexM3\ARM_GCC_541\Debug\scsi.o
 .text.process_DataOut
                0x00007150      0x11c .\CortexM3\ARM_GCC_541\Debug\scsi.o
 .text.process_Command
                0x0000726c      0x4f0 .\CortexM3\ARM_GCC_541\Debug\scsi.o
 .text.doReserveRelease
                0x0000775c      0x138 .\CortexM3\ARM_GCC_541\Debug\scsi.o
 .text.scsiReset
                0x00007894       0xd4 .\CortexM3\ARM_GCC_541\Debug\scsi.o
 .text.enter_SelectionPhase
                0x00007968       0xa0 .\CortexM3\ARM_GCC_541\Debug\scsi.o
 .text.process_SelectionPhase
                0x00007a08      0x380 .\CortexM3\ARM_GCC_541\Debug\scsi.o
 .text.process_MessageOut
                0x00007d88      0x318 .\CortexM3\ARM_GCC_541\Debug\scsi.o
 .text.scsiPoll
                0x000080a0      0x218 .\CortexM3\ARM_GCC_541\Debug\scsi.o
                0x000080a0                scsiPoll
 .text.scsiInit
                0x000082b8      0x150 .\CortexM3\ARM_GCC_541\Debug\scsi.o
                0x000082b8                scsiInit
 .text.scsiDisconnect
                0x00008408       0x38 .\CortexM3\ARM_GCC_541\Debug\scsi.o
                0x00008408                scsiDisconnect
 .text.scsiReconnect
                0x00008440      0x244 .\CortexM3\ARM_GCC_541\Debug\scsi.o
                0x00008440                scsiReconnect
 .text.countBits
                0x00008684       0x38 .\CortexM3\ARM_GCC_541\Debug\bits.o
                0x00008684                countBits
 .text.initBoardConfig
                0x000086bc       0x50 .\CortexM3\ARM_GCC_541\Debug\config.o
 .text.configInit
                0x0000870c       0x88 .\CortexM3\ARM_GCC_541\Debug\config.o
                0x0000870c                configInit
 .text.readFlashCommand
                0x00008794       0x3c .\CortexM3\ARM_GCC_541\Debug\config.o
 .text.writeFlashCommand
                0x000087d0       0x80 .\CortexM3\ARM_GCC_541\Debug\config.o
 .text.pingCommand
                0x00008850       0x1c .\CortexM3\ARM_GCC_541\Debug\config.o
 .text.sdInfoCommand
                0x0000886c       0x40 .\CortexM3\ARM_GCC_541\Debug\config.o
 .text.scsiTestCommand
                0x000088ac       0x34 .\CortexM3\ARM_GCC_541\Debug\config.o
 .text.processCommand
                0x000088e0       0x6c .\CortexM3\ARM_GCC_541\Debug\config.o
 .text.configPoll
                0x0000894c      0x110 .\CortexM3\ARM_GCC_541\Debug\config.o
                0x0000894c                configPoll
 .text.debugPoll
                0x00008a5c      0x248 .\CortexM3\ARM_GCC_541\Debug\config.o
                0x00008a5c                debugPoll
 .text.debugTimerISR
                0x00008ca4       0x2c .\CortexM3\ARM_GCC_541\Debug\config.o
                0x00008ca4                debugTimerISR
 .text.debugInit
                0x00008cd0       0x18 .\CortexM3\ARM_GCC_541\Debug\config.o
                0x00008cd0                debugInit
 .text.isDebugEnabled
                0x00008ce8       0x14 .\CortexM3\ARM_GCC_541\Debug\config.o
                0x00008ce8                isDebugEnabled
 .text.configSave
                0x00008cfc       0x94 .\CortexM3\ARM_GCC_541\Debug\config.o
                0x00008cfc                configSave
 .text.getConfigByIndex
                0x00008d90       0x3c .\CortexM3\ARM_GCC_541\Debug\config.o
                0x00008d90                getConfigByIndex
 .text.NVIC_SetPriority
                0x00008dcc       0x54 .\CortexM3\ARM_GCC_541\Debug\time.o
 .text.SysTick_Config
                0x00008e20       0x44 .\CortexM3\ARM_GCC_541\Debug\time.o
 .text.TickISR  0x00008e64       0x1c .\CortexM3\ARM_GCC_541\Debug\time.o
                0x00008e64                TickISR
 .text.timeInit
                0x00008e80       0x1c .\CortexM3\ARM_GCC_541\Debug\time.o
                0x00008e80                timeInit
 .text.getTime_ms
                0x00008e9c       0x14 .\CortexM3\ARM_GCC_541\Debug\time.o
                0x00008e9c                getTime_ms
 .text.diffTime_ms
                0x00008eb0       0x2c .\CortexM3\ARM_GCC_541\Debug\time.o
                0x00008eb0                diffTime_ms
 .text.elapsedTime_ms
                0x00008edc       0x34 .\CortexM3\ARM_GCC_541\Debug\time.o
                0x00008edc                elapsedTime_ms
 .text.rxReset  0x00008f10       0x30 .\CortexM3\ARM_GCC_541\Debug\hidpacket.o
 .text.txReset  0x00008f40       0x30 .\CortexM3\ARM_GCC_541\Debug\hidpacket.o
 .text.hidPacket_recv
                0x00008f70       0xf0 .\CortexM3\ARM_GCC_541\Debug\hidpacket.o
                0x00008f70                hidPacket_recv
 .text.hidPacket_getPacket
                0x00009060       0x3c .\CortexM3\ARM_GCC_541\Debug\hidpacket.o
                0x00009060                hidPacket_getPacket
 .text.hidPacket_send
                0x0000909c       0x48 .\CortexM3\ARM_GCC_541\Debug\hidpacket.o
                0x0000909c                hidPacket_send
 .text.hidPacket_getHIDBytes
                0x000090e4       0xb8 .\CortexM3\ARM_GCC_541\Debug\hidpacket.o
                0x000090e4                hidPacket_getHIDBytes
 .text.LBA2MSF  0x0000919c       0x7c .\CortexM3\ARM_GCC_541\Debug\cdrom.o
 .text.doReadTOC
                0x00009218       0xe4 .\CortexM3\ARM_GCC_541\Debug\cdrom.o
 .text.doReadSessionInfo
                0x000092fc       0x54 .\CortexM3\ARM_GCC_541\Debug\cdrom.o
 .text.fromBCD  0x00009350       0x30 .\CortexM3\ARM_GCC_541\Debug\cdrom.o
 .text.doReadFullTOC
                0x00009380       0xd4 .\CortexM3\ARM_GCC_541\Debug\cdrom.o
 .text.doReadHeader
                0x00009454       0x50 .\CortexM3\ARM_GCC_541\Debug\cdrom.o
                0x00009454                doReadHeader
 .text.scsiCDRomCommand
                0x000094a4      0x158 .\CortexM3\ARM_GCC_541\Debug\cdrom.o
                0x000094a4                scsiCDRomCommand
 .text.traceInit
                0x000095fc       0x80 .\CortexM3\ARM_GCC_541\Debug\trace.o
                0x000095fc                traceInit
 .text.scsiMOCommand
                0x0000967c       0x38 .\CortexM3\ARM_GCC_541\Debug\mo.o
                0x0000967c                scsiMOCommand
 .text.scsiTapeCommand
                0x000096b4       0x10 .\CortexM3\ARM_GCC_541\Debug\tape.o
                0x000096b4                scsiTapeCommand
 .text.scsiRxCompleteISR
                0x000096c4       0x20 .\CortexM3\ARM_GCC_541\Debug\scsiPhy.o
                0x000096c4                scsiRxCompleteISR
 .text.scsiTxCompleteISR
                0x000096e4       0x20 .\CortexM3\ARM_GCC_541\Debug\scsiPhy.o
                0x000096e4                scsiTxCompleteISR
 .text.scsiResetISR
                0x00009704       0x24 .\CortexM3\ARM_GCC_541\Debug\scsiPhy.o
                0x00009704                scsiResetISR
 .text.scsiSelectionISR
                0x00009728       0x24 .\CortexM3\ARM_GCC_541\Debug\scsiPhy.o
                0x00009728                scsiSelectionISR
 .text.scsiReadDBxPins
                0x0000974c       0xf0 .\CortexM3\ARM_GCC_541\Debug\scsiPhy.o
                0x0000974c                scsiReadDBxPins
 .text.scsiReadByte
                0x0000983c       0xb0 .\CortexM3\ARM_GCC_541\Debug\scsiPhy.o
                0x0000983c                scsiReadByte
 .text.scsiReadPIO
                0x000098ec       0xac .\CortexM3\ARM_GCC_541\Debug\scsiPhy.o
 .text.doRxSingleDMA
                0x00009998       0xe0 .\CortexM3\ARM_GCC_541\Debug\scsiPhy.o
 .text.scsiReadDMA
                0x00009a78       0x54 .\CortexM3\ARM_GCC_541\Debug\scsiPhy.o
                0x00009a78                scsiReadDMA
 .text.scsiReadDMAPoll
                0x00009acc       0xc8 .\CortexM3\ARM_GCC_541\Debug\scsiPhy.o
                0x00009acc                scsiReadDMAPoll
 .text.scsiRead
                0x00009b94       0x5c .\CortexM3\ARM_GCC_541\Debug\scsiPhy.o
                0x00009b94                scsiRead
 .text.scsiWriteByte
                0x00009bf0       0x90 .\CortexM3\ARM_GCC_541\Debug\scsiPhy.o
                0x00009bf0                scsiWriteByte
 .text.scsiWritePIO
                0x00009c80       0xa4 .\CortexM3\ARM_GCC_541\Debug\scsiPhy.o
 .text.doTxSingleDMA
                0x00009d24       0x8c .\CortexM3\ARM_GCC_541\Debug\scsiPhy.o
 .text.scsiWriteDMA
                0x00009db0       0x54 .\CortexM3\ARM_GCC_541\Debug\scsiPhy.o
                0x00009db0                scsiWriteDMA
 .text.scsiWriteDMAPoll
                0x00009e04       0xc8 .\CortexM3\ARM_GCC_541\Debug\scsiPhy.o
                0x00009e04                scsiWriteDMAPoll
 .text.scsiWrite
                0x00009ecc       0x5c .\CortexM3\ARM_GCC_541\Debug\scsiPhy.o
                0x00009ecc                scsiWrite
 .text.busSettleDelay
                0x00009f28       0x10 .\CortexM3\ARM_GCC_541\Debug\scsiPhy.o
 .text.scsiEnterPhase
                0x00009f38       0x74 .\CortexM3\ARM_GCC_541\Debug\scsiPhy.o
                0x00009f38                scsiEnterPhase
 .text.scsiPhyReset
                0x00009fac      0x198 .\CortexM3\ARM_GCC_541\Debug\scsiPhy.o
                0x00009fac                scsiPhyReset
 .text.scsiPhyInitDMA
                0x0000a144       0x90 .\CortexM3\ARM_GCC_541\Debug\scsiPhy.o
 .text.scsiPhyInit
                0x0000a1d4       0x20 .\CortexM3\ARM_GCC_541\Debug\scsiPhy.o
                0x0000a1d4                scsiPhyInit
 .text.scsiPhyConfig
                0x0000a1f4       0x78 .\CortexM3\ARM_GCC_541\Debug\scsiPhy.o
                0x0000a1f4                scsiPhyConfig
 .text.scsiSelfTest
                0x0000a26c      0x250 .\CortexM3\ARM_GCC_541\Debug\scsiPhy.o
                0x0000a26c                scsiSelfTest
 .text.doAssignDiskParameters
                0x0000a4bc       0x18 .\CortexM3\ARM_GCC_541\Debug\vendor.o
 .text.scsiVendorCommand
                0x0000a4d4       0x84 .\CortexM3\ARM_GCC_541\Debug\vendor.o
                0x0000a4d4                scsiVendorCommand
 .text.sdRxISR  0x0000a558       0x18 .\CortexM3\ARM_GCC_541\Debug\sd_cy8c52.o
                0x0000a558                sdRxISR
 .text.sdTxISR  0x0000a570       0x18 .\CortexM3\ARM_GCC_541\Debug\sd_cy8c52.o
                0x0000a570                sdTxISR
 .text.sdCrc7   0x0000a588       0x74 .\CortexM3\ARM_GCC_541\Debug\sd_cy8c52.o
 .text.sdSpiByte
                0x0000a5fc       0x40 .\CortexM3\ARM_GCC_541\Debug\sd_cy8c52.o
 .text.sdWaitWriteBusy
                0x0000a63c       0x20 .\CortexM3\ARM_GCC_541\Debug\sd_cy8c52.o
 .text.sdPreCmdState
                0x0000a65c       0x54 .\CortexM3\ARM_GCC_541\Debug\sd_cy8c52.o
 .text.sdDoCommand
                0x0000a6b0      0x2a4 .\CortexM3\ARM_GCC_541\Debug\sd_cy8c52.o
 .text.sdCommandAndResponse
                0x0000a954       0x24 .\CortexM3\ARM_GCC_541\Debug\sd_cy8c52.o
 .text.sdCRCCommandAndResponse
                0x0000a978       0x24 .\CortexM3\ARM_GCC_541\Debug\sd_cy8c52.o
 .text.sdClearStatus
                0x0000a99c       0x24 .\CortexM3\ARM_GCC_541\Debug\sd_cy8c52.o
 .text.sdReadMultiSectorPrep
                0x0000a9c0       0xd0 .\CortexM3\ARM_GCC_541\Debug\sd_cy8c52.o
                0x0000a9c0                sdReadMultiSectorPrep
 .text.dmaReadSector
                0x0000aa90      0x1f8 .\CortexM3\ARM_GCC_541\Debug\sd_cy8c52.o
 .text.sdReadSectorDMAPoll
                0x0000ac88       0x38 .\CortexM3\ARM_GCC_541\Debug\sd_cy8c52.o
                0x0000ac88                sdReadSectorDMAPoll
 .text.sdReadSingleSectorDMA
                0x0000acc0       0x80 .\CortexM3\ARM_GCC_541\Debug\sd_cy8c52.o
                0x0000acc0                sdReadSingleSectorDMA
 .text.sdReadMultiSectorDMA
                0x0000ad40       0x18 .\CortexM3\ARM_GCC_541\Debug\sd_cy8c52.o
                0x0000ad40                sdReadMultiSectorDMA
 .text.sdCompleteRead
                0x0000ad58       0x9c .\CortexM3\ARM_GCC_541\Debug\sd_cy8c52.o
 .text.sdWriteMultiSectorDMA
                0x0000adf4      0x194 .\CortexM3\ARM_GCC_541\Debug\sd_cy8c52.o
                0x0000adf4                sdWriteMultiSectorDMA
 .text.sdWriteSectorDMAPoll
                0x0000af88       0xfc .\CortexM3\ARM_GCC_541\Debug\sd_cy8c52.o
                0x0000af88                sdWriteSectorDMAPoll
 .text.sdCompleteWrite
                0x0000b084       0xbc .\CortexM3\ARM_GCC_541\Debug\sd_cy8c52.o
 .text.sdCompleteTransfer
                0x0000b140       0x10 .\CortexM3\ARM_GCC_541\Debug\sd_cy8c52.o
                0x0000b140                sdCompleteTransfer
 .text.sendIfCond
                0x0000b150       0x7c .\CortexM3\ARM_GCC_541\Debug\sd_cy8c52.o
 .text.sdOpCond
                0x0000b1cc       0x50 .\CortexM3\ARM_GCC_541\Debug\sd_cy8c52.o
 .text.sdReadOCR
                0x0000b21c       0xa0 .\CortexM3\ARM_GCC_541\Debug\sd_cy8c52.o
 .text.sdReadCID
                0x0000b2bc       0x84 .\CortexM3\ARM_GCC_541\Debug\sd_cy8c52.o
 .text.sdReadCSD
                0x0000b340      0x16c .\CortexM3\ARM_GCC_541\Debug\sd_cy8c52.o
 .text.sdInitDMA
                0x0000b4ac       0x70 .\CortexM3\ARM_GCC_541\Debug\sd_cy8c52.o
 .text.sdInit   0x0000b51c      0x198 .\CortexM3\ARM_GCC_541\Debug\sd_cy8c52.o
                0x0000b51c                sdInit
 .text.sdWriteMultiSectorPrep
                0x0000b6b4       0xf0 .\CortexM3\ARM_GCC_541\Debug\sd_cy8c52.o
                0x0000b6b4                sdWriteMultiSectorPrep
 .text.sdPoll   0x0000b7a4       0x40 .\CortexM3\ARM_GCC_541\Debug\sd_cy8c52.o
                0x0000b7a4                sdPoll
 .text.sdCheckPresent
                0x0000b7e4      0x144 .\CortexM3\ARM_GCC_541\Debug\sd_cy8c52.o
                0x0000b7e4                sdCheckPresent
 .text.ledInit  0x0000b928       0x14 .\CortexM3\ARM_GCC_541\Debug\led_cy8c52.o
                0x0000b928                ledInit
 .text.ledOn    0x0000b93c       0x10 .\CortexM3\ARM_GCC_541\Debug\led_cy8c52.o
                0x0000b93c                ledOn
 .text.ledOff   0x0000b94c       0x10 .\CortexM3\ARM_GCC_541\Debug\led_cy8c52.o
                0x0000b94c                ledOff
 .text.soundInit
                0x0000b95c       0x14 .\CortexM3\ARM_GCC_541\Debug\main_cy8c52sound.o
                0x0000b95c                soundInit
 .text.main     0x0000b970      0x128 .\CortexM3\ARM_GCC_541\Debug\main_cy8c52sound.o
                0x0000b970                main
 .text.CYMEMZERO
                0x0000ba98       0x1c .\CortexM3\ARM_GCC_541\Debug\cyfitter_cfg.o
 .text.CYCONFIGCPY
                0x0000bab4       0x20 .\CortexM3\ARM_GCC_541\Debug\cyfitter_cfg.o
 .text.CYCONFIGCPYCODE
                0x0000bad4       0x20 .\CortexM3\ARM_GCC_541\Debug\cyfitter_cfg.o
 .text.CyClockStartupError
                0x0000baf4        0xc .\CortexM3\ARM_GCC_541\Debug\cyfitter_cfg.o
 .text.cfg_write_bytes32
                0x0000bb00       0x74 .\CortexM3\ARM_GCC_541\Debug\cyfitter_cfg.o
 .text.ClockSetup
                0x0000bb74      0x144 .\CortexM3\ARM_GCC_541\Debug\cyfitter_cfg.o
 .text.AnalogSetDefault
                0x0000bcb8       0x74 .\CortexM3\ARM_GCC_541\Debug\cyfitter_cfg.o
 .text.cyfitter_cfg
                0x0000bd2c      0x238 .\CortexM3\ARM_GCC_541\Debug\cyfitter_cfg.o
                0x0000bd2c                cyfitter_cfg
 .text.IntDefaultHandler
                0x0000bf64       0x14 .\CortexM3\ARM_GCC_541\Debug\Cm3Start.o
                0x0000bf64                IntDefaultHandler
 .text.Start_c  0x0000bf78       0x98 .\CortexM3\ARM_GCC_541\Debug\Cm3Start.o
                0x0000bf78                Start_c
 .text.initialize_psoc
                0x0000c010       0x94 .\CortexM3\ARM_GCC_541\Debug\Cm3Start.o
                0x0000c010                initialize_psoc
 .text.SD_Data_Clk_SetDividerRegister
                0x0000c0a4      0x164 .\CortexM3\ARM_GCC_541\Debug\SCSI2SD_Copy_01.a(SD_Data_Clk.o)
                0x0000c0a4                SD_Data_Clk_SetDividerRegister
 .text.SD_Data_Clk_GetDividerRegister
                0x0000c208       0x18 .\CortexM3\ARM_GCC_541\Debug\SCSI2SD_Copy_01.a(SD_Data_Clk.o)
                0x0000c208                SD_Data_Clk_GetDividerRegister
 .text.SD_Data_Clk_GetSourceRegister
                0x0000c220       0x1c .\CortexM3\ARM_GCC_541\Debug\SCSI2SD_Copy_01.a(SD_Data_Clk.o)
                0x0000c220                SD_Data_Clk_GetSourceRegister
 .text.SCSI_CTL_PHASE_Write
                0x0000c23c       0x20 .\CortexM3\ARM_GCC_541\Debug\SCSI2SD_Copy_01.a(SCSI_CTL_PHASE.o)
                0x0000c23c                SCSI_CTL_PHASE_Write
 .text.SCSI_CTL_PHASE_Read
                0x0000c25c       0x18 .\CortexM3\ARM_GCC_541\Debug\SCSI2SD_Copy_01.a(SCSI_CTL_PHASE.o)
                0x0000c25c                SCSI_CTL_PHASE_Read
 .text.SD_CS_Write
                0x0000c274       0x3c .\CortexM3\ARM_GCC_541\Debug\SCSI2SD_Copy_01.a(SD_CS.o)
                0x0000c274                SD_CS_Write
 .text.SD_CS_SetDriveMode
                0x0000c2b0       0x3c .\CortexM3\ARM_GCC_541\Debug\SCSI2SD_Copy_01.a(SD_CS.o)
                0x0000c2b0                SD_CS_SetDriveMode
 .text.SD_CS_Read
                0x0000c2ec       0x20 .\CortexM3\ARM_GCC_541\Debug\SCSI2SD_Copy_01.a(SD_CS.o)
                0x0000c2ec                SD_CS_Read
 .text.SD_SCK_SetDriveMode
                0x0000c30c       0x3c .\CortexM3\ARM_GCC_541\Debug\SCSI2SD_Copy_01.a(SD_SCK.o)
                0x0000c30c                SD_SCK_SetDriveMode
 .text.SD_MOSI_SetDriveMode
                0x0000c348       0x3c .\CortexM3\ARM_GCC_541\Debug\SCSI2SD_Copy_01.a(SD_MOSI.o)
                0x0000c348                SD_MOSI_SetDriveMode
 .text.SCSI_CLK_SetDividerRegister
                0x0000c384      0x164 .\CortexM3\ARM_GCC_541\Debug\SCSI2SD_Copy_01.a(SCSI_CLK.o)
                0x0000c384                SCSI_CLK_SetDividerRegister
 .text.SCSI_CLK_GetDividerRegister
                0x0000c4e8       0x18 .\CortexM3\ARM_GCC_541\Debug\SCSI2SD_Copy_01.a(SCSI_CLK.o)
                0x0000c4e8                SCSI_CLK_GetDividerRegister
 .text.SCSI_CLK_GetSourceRegister
                0x0000c500       0x1c .\CortexM3\ARM_GCC_541\Debug\SCSI2SD_Copy_01.a(SCSI_CLK.o)
                0x0000c500                SCSI_CLK_GetSourceRegister
 .text.SCSI_RST_ISR_StartEx
                0x0000c51c       0x24 .\CortexM3\ARM_GCC_541\Debug\SCSI2SD_Copy_01.a(SCSI_RST_ISR.o)
                0x0000c51c                SCSI_RST_ISR_StartEx
 .text.SCSI_RST_ISR_SetVector
                0x0000c540       0x24 .\CortexM3\ARM_GCC_541\Debug\SCSI2SD_Copy_01.a(SCSI_RST_ISR.o)
                0x0000c540                SCSI_RST_ISR_SetVector
 .text.SCSI_RST_ISR_SetPriority
                0x0000c564       0x24 .\CortexM3\ARM_GCC_541\Debug\SCSI2SD_Copy_01.a(SCSI_RST_ISR.o)
                0x0000c564                SCSI_RST_ISR_SetPriority
 .text.SCSI_RST_ISR_Enable
                0x0000c588       0x18 .\CortexM3\ARM_GCC_541\Debug\SCSI2SD_Copy_01.a(SCSI_RST_ISR.o)
                0x0000c588                SCSI_RST_ISR_Enable
 .text.SCSI_RST_ISR_Disable
                0x0000c5a0       0x18 .\CortexM3\ARM_GCC_541\Debug\SCSI2SD_Copy_01.a(SCSI_RST_ISR.o)
                0x0000c5a0                SCSI_RST_ISR_Disable
 .text.LED1_Write
                0x0000c5b8       0x3c .\CortexM3\ARM_GCC_541\Debug\SCSI2SD_Copy_01.a(LED1.o)
                0x0000c5b8                LED1_Write
 .text.LED1_SetDriveMode
                0x0000c5f4       0x3c .\CortexM3\ARM_GCC_541\Debug\SCSI2SD_Copy_01.a(LED1.o)
                0x0000c5f4                LED1_SetDriveMode
 .text.SDCard_Init
                0x0000c630       0x34 .\CortexM3\ARM_GCC_541\Debug\SCSI2SD_Copy_01.a(SDCard.o)
                0x0000c630                SDCard_Init
 .text.SDCard_Enable
                0x0000c664       0x64 .\CortexM3\ARM_GCC_541\Debug\SCSI2SD_Copy_01.a(SDCard.o)
                0x0000c664                SDCard_Enable
 .text.SDCard_Start
                0x0000c6c8       0x24 .\CortexM3\ARM_GCC_541\Debug\SCSI2SD_Copy_01.a(SDCard.o)
                0x0000c6c8                SDCard_Start
 .text.SDCard_Stop
                0x0000c6ec       0x50 .\CortexM3\ARM_GCC_541\Debug\SCSI2SD_Copy_01.a(SDCard.o)
                0x0000c6ec                SDCard_Stop
 .text.SDCard_EnableTxInt
                0x0000c73c        0xc .\CortexM3\ARM_GCC_541\Debug\SCSI2SD_Copy_01.a(SDCard.o)
                0x0000c73c                SDCard_EnableTxInt
 .text.SDCard_EnableRxInt
                0x0000c748        0xc .\CortexM3\ARM_GCC_541\Debug\SCSI2SD_Copy_01.a(SDCard.o)
                0x0000c748                SDCard_EnableRxInt
 .text.SDCard_DisableTxInt
                0x0000c754        0xc .\CortexM3\ARM_GCC_541\Debug\SCSI2SD_Copy_01.a(SDCard.o)
                0x0000c754                SDCard_DisableTxInt
 .text.SDCard_DisableRxInt
                0x0000c760        0xc .\CortexM3\ARM_GCC_541\Debug\SCSI2SD_Copy_01.a(SDCard.o)
                0x0000c760                SDCard_DisableRxInt
 .text.SDCard_ReadTxStatus
                0x0000c76c       0x1c .\CortexM3\ARM_GCC_541\Debug\SCSI2SD_Copy_01.a(SDCard.o)
                0x0000c76c                SDCard_ReadTxStatus
 .text.SDCard_ReadRxStatus
                0x0000c788       0x1c .\CortexM3\ARM_GCC_541\Debug\SCSI2SD_Copy_01.a(SDCard.o)
                0x0000c788                SDCard_ReadRxStatus
 .text.SDCard_WriteTxData
                0x0000c7a4       0x34 .\CortexM3\ARM_GCC_541\Debug\SCSI2SD_Copy_01.a(SDCard.o)
                0x0000c7a4                SDCard_WriteTxData
 .text.SDCard_ReadRxData
                0x0000c7d8       0x1c .\CortexM3\ARM_GCC_541\Debug\SCSI2SD_Copy_01.a(SDCard.o)
                0x0000c7d8                SDCard_ReadRxData
 .text.SDCard_ClearFIFO
                0x0000c7f4       0x60 .\CortexM3\ARM_GCC_541\Debug\SCSI2SD_Copy_01.a(SDCard.o)
                0x0000c7f4                SDCard_ClearFIFO
 .text.SD_MISO_SetDriveMode
                0x0000c854       0x3c .\CortexM3\ARM_GCC_541\Debug\SCSI2SD_Copy_01.a(SD_MISO.o)
                0x0000c854                SD_MISO_SetDriveMode
 .text.USBFS_Start
                0x0000c890       0x3c .\CortexM3\ARM_GCC_541\Debug\SCSI2SD_Copy_01.a(USBFS.o)
                0x0000c890                USBFS_Start
 .text.USBFS_Init
                0x0000c8cc      0x1b8 .\CortexM3\ARM_GCC_541\Debug\SCSI2SD_Copy_01.a(USBFS.o)
                0x0000c8cc                USBFS_Init
 .text.USBFS_InitComponent
                0x0000ca84      0x12c .\CortexM3\ARM_GCC_541\Debug\SCSI2SD_Copy_01.a(USBFS.o)
                0x0000ca84                USBFS_InitComponent
 .text.USBFS_ReInitComponent
                0x0000cbb0       0x88 .\CortexM3\ARM_GCC_541\Debug\SCSI2SD_Copy_01.a(USBFS.o)
                0x0000cbb0                USBFS_ReInitComponent
 .text.USBFS_GetConfiguration
                0x0000cc38       0x18 .\CortexM3\ARM_GCC_541\Debug\SCSI2SD_Copy_01.a(USBFS.o)
                0x0000cc38                USBFS_GetConfiguration
 .text.USBFS_IsConfigurationChanged
                0x0000cc50       0x30 .\CortexM3\ARM_GCC_541\Debug\SCSI2SD_Copy_01.a(USBFS.o)
                0x0000cc50                USBFS_IsConfigurationChanged
 .text.USBFS_GetEPState
                0x0000cc80       0x2c .\CortexM3\ARM_GCC_541\Debug\SCSI2SD_Copy_01.a(USBFS.o)
                0x0000cc80                USBFS_GetEPState
 .text.USBFS_GetEPCount
                0x0000ccac       0x60 .\CortexM3\ARM_GCC_541\Debug\SCSI2SD_Copy_01.a(USBFS.o)
                0x0000ccac                USBFS_GetEPCount
 .text.USBFS_LoadInEP
                0x0000cd0c      0x108 .\CortexM3\ARM_GCC_541\Debug\SCSI2SD_Copy_01.a(USBFS.o)
                0x0000cd0c                USBFS_LoadInEP
 .text.USBFS_ReadOutEP
                0x0000ce14       0x8c .\CortexM3\ARM_GCC_541\Debug\SCSI2SD_Copy_01.a(USBFS.o)
                0x0000ce14                USBFS_ReadOutEP
 .text.USBFS_EnableOutEP
                0x0000cea0       0x5c .\CortexM3\ARM_GCC_541\Debug\SCSI2SD_Copy_01.a(USBFS.o)
                0x0000cea0                USBFS_EnableOutEP
 .text.USBFS_GetEPAckState
                0x0000cefc       0x40 .\CortexM3\ARM_GCC_541\Debug\SCSI2SD_Copy_01.a(USBFS.o)
                0x0000cefc                USBFS_GetEPAckState
 .text.USBFS_EP_0_ISR
                0x0000cf3c       0xf8 .\CortexM3\ARM_GCC_541\Debug\SCSI2SD_Copy_01.a(USBFS_drv.o)
                0x0000cf3c                USBFS_EP_0_ISR
 .text.USBFS_HandleSetup
                0x0000d034       0x88 .\CortexM3\ARM_GCC_541\Debug\SCSI2SD_Copy_01.a(USBFS_drv.o)
                0x0000d034                USBFS_HandleSetup
 .text.USBFS_HandleIN
                0x0000d0bc       0x4c .\CortexM3\ARM_GCC_541\Debug\SCSI2SD_Copy_01.a(USBFS_drv.o)
                0x0000d0bc                USBFS_HandleIN
 .text.USBFS_HandleOUT
                0x0000d108       0x58 .\CortexM3\ARM_GCC_541\Debug\SCSI2SD_Copy_01.a(USBFS_drv.o)
                0x0000d108                USBFS_HandleOUT
 .text.USBFS_LoadEP0
                0x0000d160       0xd0 .\CortexM3\ARM_GCC_541\Debug\SCSI2SD_Copy_01.a(USBFS_drv.o)
                0x0000d160                USBFS_LoadEP0
 .text.USBFS_InitControlRead
                0x0000d230       0x70 .\CortexM3\ARM_GCC_541\Debug\SCSI2SD_Copy_01.a(USBFS_drv.o)
                0x0000d230                USBFS_InitControlRead
 .text.USBFS_InitZeroLengthControlTransfer
                0x0000d2a0       0x40 .\CortexM3\ARM_GCC_541\Debug\SCSI2SD_Copy_01.a(USBFS_drv.o)
                0x0000d2a0                USBFS_InitZeroLengthControlTransfer
 .text.USBFS_ControlReadDataStage
                0x0000d2e0        0xc .\CortexM3\ARM_GCC_541\Debug\SCSI2SD_Copy_01.a(USBFS_drv.o)
                0x0000d2e0                USBFS_ControlReadDataStage
 .text.USBFS_ControlReadStatusStage
                0x0000d2ec       0x40 .\CortexM3\ARM_GCC_541\Debug\SCSI2SD_Copy_01.a(USBFS_drv.o)
                0x0000d2ec                USBFS_ControlReadStatusStage
 .text.USBFS_InitControlWrite
                0x0000d32c       0x64 .\CortexM3\ARM_GCC_541\Debug\SCSI2SD_Copy_01.a(USBFS_drv.o)
                0x0000d32c                USBFS_InitControlWrite
 .text.USBFS_ControlWriteDataStage
                0x0000d390       0xb4 .\CortexM3\ARM_GCC_541\Debug\SCSI2SD_Copy_01.a(USBFS_drv.o)
                0x0000d390                USBFS_ControlWriteDataStage
 .text.USBFS_ControlWriteStatusStage
                0x0000d444       0x24 .\CortexM3\ARM_GCC_541\Debug\SCSI2SD_Copy_01.a(USBFS_drv.o)
                0x0000d444                USBFS_ControlWriteStatusStage
 .text.USBFS_InitNoDataControlTransfer
                0x0000d468       0x38 .\CortexM3\ARM_GCC_541\Debug\SCSI2SD_Copy_01.a(USBFS_drv.o)
                0x0000d468                USBFS_InitNoDataControlTransfer
 .text.USBFS_NoDataControlStatusStage
                0x0000d4a0       0x4c .\CortexM3\ARM_GCC_541\Debug\SCSI2SD_Copy_01.a(USBFS_drv.o)
                0x0000d4a0                USBFS_NoDataControlStatusStage
 .text.USBFS_UpdateStatusBlock
                0x0000d4ec       0x40 .\CortexM3\ARM_GCC_541\Debug\SCSI2SD_Copy_01.a(USBFS_drv.o)
                0x0000d4ec                USBFS_UpdateStatusBlock
 .text.USBFS_InitializeStatusBlock
                0x0000d52c       0x34 .\CortexM3\ARM_GCC_541\Debug\SCSI2SD_Copy_01.a(USBFS_drv.o)
                0x0000d52c                USBFS_InitializeStatusBlock
 .text.USBFS_EP_1_ISR
                0x0000d560       0x48 .\CortexM3\ARM_GCC_541\Debug\SCSI2SD_Copy_01.a(USBFS_episr.o)
                0x0000d560                USBFS_EP_1_ISR
 .text.USBFS_EP_2_ISR
                0x0000d5a8       0x4c .\CortexM3\ARM_GCC_541\Debug\SCSI2SD_Copy_01.a(USBFS_episr.o)
                0x0000d5a8                USBFS_EP_2_ISR
 .text.USBFS_EP_3_ISR
                0x0000d5f4       0x54 .\CortexM3\ARM_GCC_541\Debug\SCSI2SD_Copy_01.a(USBFS_episr.o)
                0x0000d5f4                USBFS_EP_3_ISR
 .text.USBFS_EP_4_ISR
                0x0000d648       0x54 .\CortexM3\ARM_GCC_541\Debug\SCSI2SD_Copy_01.a(USBFS_episr.o)
                0x0000d648                USBFS_EP_4_ISR
 .text.USBFS_SOF_ISR
                0x0000d69c        0xc .\CortexM3\ARM_GCC_541\Debug\SCSI2SD_Copy_01.a(USBFS_episr.o)
                0x0000d69c                USBFS_SOF_ISR
 .text.USBFS_BUS_RESET_ISR
                0x0000d6a8        0xc .\CortexM3\ARM_GCC_541\Debug\SCSI2SD_Copy_01.a(USBFS_episr.o)
                0x0000d6a8                USBFS_BUS_RESET_ISR
 .text.USBFS_DispatchHIDClassRqst
                0x0000d6b4      0x1e4 .\CortexM3\ARM_GCC_541\Debug\SCSI2SD_Copy_01.a(USBFS_hid.o)
                0x0000d6b4                USBFS_DispatchHIDClassRqst
 .text.USBFS_FindHidClassDecriptor
                0x0000d898       0x7c .\CortexM3\ARM_GCC_541\Debug\SCSI2SD_Copy_01.a(USBFS_hid.o)
                0x0000d898                USBFS_FindHidClassDecriptor
 .text.USBFS_FindReportDescriptor
                0x0000d914       0x90 .\CortexM3\ARM_GCC_541\Debug\SCSI2SD_Copy_01.a(USBFS_hid.o)
                0x0000d914                USBFS_FindReportDescriptor
 .text.USBFS_FindReport
                0x0000d9a4       0xcc .\CortexM3\ARM_GCC_541\Debug\SCSI2SD_Copy_01.a(USBFS_hid.o)
                0x0000d9a4                USBFS_FindReport
 .text.USBFS_DP_ISR
                0x0000da70        0xc .\CortexM3\ARM_GCC_541\Debug\SCSI2SD_Copy_01.a(USBFS_pm.o)
                0x0000da70                USBFS_DP_ISR
 .text.USBFS_HandleStandardRqst
                0x0000da7c      0x48c .\CortexM3\ARM_GCC_541\Debug\SCSI2SD_Copy_01.a(USBFS_std.o)
                0x0000da7c                USBFS_HandleStandardRqst
 .text.USBFS_ConfigReg
                0x0000df08      0x138 .\CortexM3\ARM_GCC_541\Debug\SCSI2SD_Copy_01.a(USBFS_std.o)
                0x0000df08                USBFS_ConfigReg
 .text.USBFS_Config
                0x0000e040      0x320 .\CortexM3\ARM_GCC_541\Debug\SCSI2SD_Copy_01.a(USBFS_std.o)
                0x0000e040                USBFS_Config
 .text.USBFS_ConfigAltChanged
                0x0000e360      0x25c .\CortexM3\ARM_GCC_541\Debug\SCSI2SD_Copy_01.a(USBFS_std.o)
                0x0000e360                USBFS_ConfigAltChanged
 .text.USBFS_GetConfigTablePtr
                0x0000e5bc       0x50 .\CortexM3\ARM_GCC_541\Debug\SCSI2SD_Copy_01.a(USBFS_std.o)
                0x0000e5bc                USBFS_GetConfigTablePtr
 .text.USBFS_GetDeviceTablePtr
                0x0000e60c       0x24 .\CortexM3\ARM_GCC_541\Debug\SCSI2SD_Copy_01.a(USBFS_std.o)
                0x0000e60c                USBFS_GetDeviceTablePtr
 .text.USBFS_GetInterfaceClassTablePtr
                0x0000e630       0x4c .\CortexM3\ARM_GCC_541\Debug\SCSI2SD_Copy_01.a(USBFS_std.o)
                0x0000e630                USBFS_GetInterfaceClassTablePtr
 .text.USBFS_SetEndpointHalt
                0x0000e67c       0xe8 .\CortexM3\ARM_GCC_541\Debug\SCSI2SD_Copy_01.a(USBFS_std.o)
                0x0000e67c                USBFS_SetEndpointHalt
 .text.USBFS_ClearEndpointHalt
                0x0000e764      0x158 .\CortexM3\ARM_GCC_541\Debug\SCSI2SD_Copy_01.a(USBFS_std.o)
                0x0000e764                USBFS_ClearEndpointHalt
 .text.USBFS_ValidateAlternateSetting
                0x0000e8bc       0x70 .\CortexM3\ARM_GCC_541\Debug\SCSI2SD_Copy_01.a(USBFS_std.o)
                0x0000e8bc                USBFS_ValidateAlternateSetting
 .text.USBFS_HandleVendorRqst
                0x0000e92c       0x34 .\CortexM3\ARM_GCC_541\Debug\SCSI2SD_Copy_01.a(USBFS_vnd.o)
                0x0000e92c                USBFS_HandleVendorRqst
 .text.Bootloadable_1_Load
                0x0000e960       0x18 .\CortexM3\ARM_GCC_541\Debug\SCSI2SD_Copy_01.a(Bootloadable_1.o)
                0x0000e960                Bootloadable_1_Load
 .text.SCSI_Out_Bits_Write
                0x0000e978       0x20 .\CortexM3\ARM_GCC_541\Debug\SCSI2SD_Copy_01.a(SCSI_Out_Bits.o)
                0x0000e978                SCSI_Out_Bits_Write
 .text.SCSI_Out_Ctl_Write
                0x0000e998       0x20 .\CortexM3\ARM_GCC_541\Debug\SCSI2SD_Copy_01.a(SCSI_Out_Ctl.o)
                0x0000e998                SCSI_Out_Ctl_Write
 .text.Debug_Timer_Init
                0x0000e9b8       0xa0 .\CortexM3\ARM_GCC_541\Debug\SCSI2SD_Copy_01.a(Debug_Timer.o)
                0x0000e9b8                Debug_Timer_Init
 .text.Debug_Timer_Enable
                0x0000ea58       0x48 .\CortexM3\ARM_GCC_541\Debug\SCSI2SD_Copy_01.a(Debug_Timer.o)
                0x0000ea58                Debug_Timer_Enable
 .text.Debug_Timer_Start
                0x0000eaa0       0x24 .\CortexM3\ARM_GCC_541\Debug\SCSI2SD_Copy_01.a(Debug_Timer.o)
                0x0000eaa0                Debug_Timer_Start
 .text.Debug_Timer_SetInterruptMode
                0x0000eac4       0x20 .\CortexM3\ARM_GCC_541\Debug\SCSI2SD_Copy_01.a(Debug_Timer.o)
                0x0000eac4                Debug_Timer_SetInterruptMode
 .text.Debug_Timer_ReadStatusRegister
                0x0000eae4       0x18 .\CortexM3\ARM_GCC_541\Debug\SCSI2SD_Copy_01.a(Debug_Timer.o)
                0x0000eae4                Debug_Timer_ReadStatusRegister
 .text.Debug_Timer_WritePeriod
                0x0000eafc       0x24 .\CortexM3\ARM_GCC_541\Debug\SCSI2SD_Copy_01.a(Debug_Timer.o)
                0x0000eafc                Debug_Timer_WritePeriod
 .text.Debug_Timer_WriteCounter
                0x0000eb20       0x20 .\CortexM3\ARM_GCC_541\Debug\SCSI2SD_Copy_01.a(Debug_Timer.o)
                0x0000eb20                Debug_Timer_WriteCounter
 .text.Debug_Timer_Interrupt_StartEx
                0x0000eb40       0x24 .\CortexM3\ARM_GCC_541\Debug\SCSI2SD_Copy_01.a(Debug_Timer_Interrupt.o)
                0x0000eb40                Debug_Timer_Interrupt_StartEx
 .text.Debug_Timer_Interrupt_SetVector
                0x0000eb64       0x24 .\CortexM3\ARM_GCC_541\Debug\SCSI2SD_Copy_01.a(Debug_Timer_Interrupt.o)
                0x0000eb64                Debug_Timer_Interrupt_SetVector
 .text.Debug_Timer_Interrupt_SetPriority
                0x0000eb88       0x24 .\CortexM3\ARM_GCC_541\Debug\SCSI2SD_Copy_01.a(Debug_Timer_Interrupt.o)
                0x0000eb88                Debug_Timer_Interrupt_SetPriority
 .text.Debug_Timer_Interrupt_Enable
                0x0000ebac       0x18 .\CortexM3\ARM_GCC_541\Debug\SCSI2SD_Copy_01.a(Debug_Timer_Interrupt.o)
                0x0000ebac                Debug_Timer_Interrupt_Enable
 .text.Debug_Timer_Interrupt_Disable
                0x0000ebc4       0x18 .\CortexM3\ARM_GCC_541\Debug\SCSI2SD_Copy_01.a(Debug_Timer_Interrupt.o)
                0x0000ebc4                Debug_Timer_Interrupt_Disable
 .text.Debug_Timer_Interrupt_ClearPending
                0x0000ebdc       0x18 .\CortexM3\ARM_GCC_541\Debug\SCSI2SD_Copy_01.a(Debug_Timer_Interrupt.o)
                0x0000ebdc                Debug_Timer_Interrupt_ClearPending
 .text.SCSI_TX_DMA_DmaInitialize
                0x0000ebf4       0x64 .\CortexM3\ARM_GCC_541\Debug\SCSI2SD_Copy_01.a(SCSI_TX_DMA_dma.o)
                0x0000ebf4                SCSI_TX_DMA_DmaInitialize
 .text.SCSI_TX_DMA_COMPLETE_StartEx
                0x0000ec58       0x24 .\CortexM3\ARM_GCC_541\Debug\SCSI2SD_Copy_01.a(SCSI_TX_DMA_COMPLETE.o)
                0x0000ec58                SCSI_TX_DMA_COMPLETE_StartEx
 .text.SCSI_TX_DMA_COMPLETE_SetVector
                0x0000ec7c       0x24 .\CortexM3\ARM_GCC_541\Debug\SCSI2SD_Copy_01.a(SCSI_TX_DMA_COMPLETE.o)
                0x0000ec7c                SCSI_TX_DMA_COMPLETE_SetVector
 .text.SCSI_TX_DMA_COMPLETE_SetPriority
                0x0000eca0       0x24 .\CortexM3\ARM_GCC_541\Debug\SCSI2SD_Copy_01.a(SCSI_TX_DMA_COMPLETE.o)
                0x0000eca0                SCSI_TX_DMA_COMPLETE_SetPriority
 .text.SCSI_TX_DMA_COMPLETE_Enable
                0x0000ecc4       0x18 .\CortexM3\ARM_GCC_541\Debug\SCSI2SD_Copy_01.a(SCSI_TX_DMA_COMPLETE.o)
                0x0000ecc4                SCSI_TX_DMA_COMPLETE_Enable
 .text.SCSI_TX_DMA_COMPLETE_Disable
                0x0000ecdc       0x18 .\CortexM3\ARM_GCC_541\Debug\SCSI2SD_Copy_01.a(SCSI_TX_DMA_COMPLETE.o)
                0x0000ecdc                SCSI_TX_DMA_COMPLETE_Disable
 .text.SD_RX_DMA_DmaInitialize
                0x0000ecf4       0x64 .\CortexM3\ARM_GCC_541\Debug\SCSI2SD_Copy_01.a(SD_RX_DMA_dma.o)
                0x0000ecf4                SD_RX_DMA_DmaInitialize
 .text.SD_TX_DMA_DmaInitialize
                0x0000ed58       0x64 .\CortexM3\ARM_GCC_541\Debug\SCSI2SD_Copy_01.a(SD_TX_DMA_dma.o)
                0x0000ed58                SD_TX_DMA_DmaInitialize
 .text.SD_RX_DMA_COMPLETE_StartEx
                0x0000edbc       0x24 .\CortexM3\ARM_GCC_541\Debug\SCSI2SD_Copy_01.a(SD_RX_DMA_COMPLETE.o)
                0x0000edbc                SD_RX_DMA_COMPLETE_StartEx
 .text.SD_RX_DMA_COMPLETE_SetVector
                0x0000ede0       0x24 .\CortexM3\ARM_GCC_541\Debug\SCSI2SD_Copy_01.a(SD_RX_DMA_COMPLETE.o)
                0x0000ede0                SD_RX_DMA_COMPLETE_SetVector
 .text.SD_RX_DMA_COMPLETE_SetPriority
                0x0000ee04       0x24 .\CortexM3\ARM_GCC_541\Debug\SCSI2SD_Copy_01.a(SD_RX_DMA_COMPLETE.o)
                0x0000ee04                SD_RX_DMA_COMPLETE_SetPriority
 .text.SD_RX_DMA_COMPLETE_Enable
                0x0000ee28       0x18 .\CortexM3\ARM_GCC_541\Debug\SCSI2SD_Copy_01.a(SD_RX_DMA_COMPLETE.o)
                0x0000ee28                SD_RX_DMA_COMPLETE_Enable
 .text.SD_RX_DMA_COMPLETE_Disable
                0x0000ee40       0x18 .\CortexM3\ARM_GCC_541\Debug\SCSI2SD_Copy_01.a(SD_RX_DMA_COMPLETE.o)
                0x0000ee40                SD_RX_DMA_COMPLETE_Disable
 .text.SD_TX_DMA_COMPLETE_StartEx
                0x0000ee58       0x24 .\CortexM3\ARM_GCC_541\Debug\SCSI2SD_Copy_01.a(SD_TX_DMA_COMPLETE.o)
                0x0000ee58                SD_TX_DMA_COMPLETE_StartEx
 .text.SD_TX_DMA_COMPLETE_SetVector
                0x0000ee7c       0x24 .\CortexM3\ARM_GCC_541\Debug\SCSI2SD_Copy_01.a(SD_TX_DMA_COMPLETE.o)
                0x0000ee7c                SD_TX_DMA_COMPLETE_SetVector
 .text.SD_TX_DMA_COMPLETE_SetPriority
                0x0000eea0       0x24 .\CortexM3\ARM_GCC_541\Debug\SCSI2SD_Copy_01.a(SD_TX_DMA_COMPLETE.o)
                0x0000eea0                SD_TX_DMA_COMPLETE_SetPriority
 .text.SD_TX_DMA_COMPLETE_Enable
                0x0000eec4       0x18 .\CortexM3\ARM_GCC_541\Debug\SCSI2SD_Copy_01.a(SD_TX_DMA_COMPLETE.o)
                0x0000eec4                SD_TX_DMA_COMPLETE_Enable
 .text.SD_TX_DMA_COMPLETE_Disable
                0x0000eedc       0x18 .\CortexM3\ARM_GCC_541\Debug\SCSI2SD_Copy_01.a(SD_TX_DMA_COMPLETE.o)
                0x0000eedc                SD_TX_DMA_COMPLETE_Disable
 .text.SCSI_RX_DMA_DmaInitialize
                0x0000eef4       0x64 .\CortexM3\ARM_GCC_541\Debug\SCSI2SD_Copy_01.a(SCSI_RX_DMA_dma.o)
                0x0000eef4                SCSI_RX_DMA_DmaInitialize
 .text.SCSI_RX_DMA_COMPLETE_StartEx
                0x0000ef58       0x24 .\CortexM3\ARM_GCC_541\Debug\SCSI2SD_Copy_01.a(SCSI_RX_DMA_COMPLETE.o)
                0x0000ef58                SCSI_RX_DMA_COMPLETE_StartEx
 .text.SCSI_RX_DMA_COMPLETE_SetVector
                0x0000ef7c       0x24 .\CortexM3\ARM_GCC_541\Debug\SCSI2SD_Copy_01.a(SCSI_RX_DMA_COMPLETE.o)
                0x0000ef7c                SCSI_RX_DMA_COMPLETE_SetVector
 .text.SCSI_RX_DMA_COMPLETE_SetPriority
                0x0000efa0       0x24 .\CortexM3\ARM_GCC_541\Debug\SCSI2SD_Copy_01.a(SCSI_RX_DMA_COMPLETE.o)
                0x0000efa0                SCSI_RX_DMA_COMPLETE_SetPriority
 .text.SCSI_RX_DMA_COMPLETE_Enable
                0x0000efc4       0x18 .\CortexM3\ARM_GCC_541\Debug\SCSI2SD_Copy_01.a(SCSI_RX_DMA_COMPLETE.o)
                0x0000efc4                SCSI_RX_DMA_COMPLETE_Enable
 .text.SCSI_RX_DMA_COMPLETE_Disable
                0x0000efdc       0x18 .\CortexM3\ARM_GCC_541\Debug\SCSI2SD_Copy_01.a(SCSI_RX_DMA_COMPLETE.o)
                0x0000efdc                SCSI_RX_DMA_COMPLETE_Disable
 .text.SCSI_Parity_Error_Read
                0x0000eff4       0x18 .\CortexM3\ARM_GCC_541\Debug\SCSI2SD_Copy_01.a(SCSI_Parity_Error.o)
                0x0000eff4                SCSI_Parity_Error_Read
 .text.SCSI_Filtered_Read
                0x0000f00c       0x18 .\CortexM3\ARM_GCC_541\Debug\SCSI2SD_Copy_01.a(SCSI_Filtered.o)
                0x0000f00c                SCSI_Filtered_Read
 .text.SCSI_SEL_ISR_StartEx
                0x0000f024       0x24 .\CortexM3\ARM_GCC_541\Debug\SCSI2SD_Copy_01.a(SCSI_SEL_ISR.o)
                0x0000f024                SCSI_SEL_ISR_StartEx
 .text.SCSI_SEL_ISR_SetVector
                0x0000f048       0x24 .\CortexM3\ARM_GCC_541\Debug\SCSI2SD_Copy_01.a(SCSI_SEL_ISR.o)
                0x0000f048                SCSI_SEL_ISR_SetVector
 .text.SCSI_SEL_ISR_SetPriority
                0x0000f06c       0x24 .\CortexM3\ARM_GCC_541\Debug\SCSI2SD_Copy_01.a(SCSI_SEL_ISR.o)
                0x0000f06c                SCSI_SEL_ISR_SetPriority
 .text.SCSI_SEL_ISR_Enable
                0x0000f090       0x18 .\CortexM3\ARM_GCC_541\Debug\SCSI2SD_Copy_01.a(SCSI_SEL_ISR.o)
                0x0000f090                SCSI_SEL_ISR_Enable
 .text.SCSI_SEL_ISR_Disable
                0x0000f0a8       0x18 .\CortexM3\ARM_GCC_541\Debug\SCSI2SD_Copy_01.a(SCSI_SEL_ISR.o)
                0x0000f0a8                SCSI_SEL_ISR_Disable
 .text.SCSI_Glitch_Ctl_Write
                0x0000f0c0       0x20 .\CortexM3\ARM_GCC_541\Debug\SCSI2SD_Copy_01.a(SCSI_Glitch_Ctl.o)
                0x0000f0c0                SCSI_Glitch_Ctl_Write
 .text.USBFS_Dp_ClearInterrupt
                0x0000f0e0       0x20 .\CortexM3\ARM_GCC_541\Debug\SCSI2SD_Copy_01.a(USBFS_Dp.o)
                0x0000f0e0                USBFS_Dp_ClearInterrupt
 .text.CyDmacConfigure
                0x0000f100       0x5c .\CortexM3\ARM_GCC_541\Debug\SCSI2SD_Copy_01.a(CyDmac.o)
                0x0000f100                CyDmacConfigure
 .text.CyDmaChEnable
                0x0000f15c       0x8c .\CortexM3\ARM_GCC_541\Debug\SCSI2SD_Copy_01.a(CyDmac.o)
                0x0000f15c                CyDmaChEnable
 .text.CyDmaChDisable
                0x0000f1e8       0x60 .\CortexM3\ARM_GCC_541\Debug\SCSI2SD_Copy_01.a(CyDmac.o)
                0x0000f1e8                CyDmaChDisable
 .text.CyDmaClearPendingDrq
                0x0000f248       0x60 .\CortexM3\ARM_GCC_541\Debug\SCSI2SD_Copy_01.a(CyDmac.o)
                0x0000f248                CyDmaClearPendingDrq
 .text.CyDmaChPriority
                0x0000f2a8       0x64 .\CortexM3\ARM_GCC_541\Debug\SCSI2SD_Copy_01.a(CyDmac.o)
                0x0000f2a8                CyDmaChPriority
 .text.CyDmaChSetExtendedAddress
                0x0000f30c       0x78 .\CortexM3\ARM_GCC_541\Debug\SCSI2SD_Copy_01.a(CyDmac.o)
                0x0000f30c                CyDmaChSetExtendedAddress
 .text.CyDmaChSetInitialTd
                0x0000f384       0x3c .\CortexM3\ARM_GCC_541\Debug\SCSI2SD_Copy_01.a(CyDmac.o)
                0x0000f384                CyDmaChSetInitialTd
 .text.CyDmaChSetRequest
                0x0000f3c0       0x58 .\CortexM3\ARM_GCC_541\Debug\SCSI2SD_Copy_01.a(CyDmac.o)
                0x0000f3c0                CyDmaChSetRequest
 .text.CyDmaChGetRequest
                0x0000f418       0x38 .\CortexM3\ARM_GCC_541\Debug\SCSI2SD_Copy_01.a(CyDmac.o)
                0x0000f418                CyDmaChGetRequest
 .text.CyDmaChSetConfiguration
                0x0000f450       0xa0 .\CortexM3\ARM_GCC_541\Debug\SCSI2SD_Copy_01.a(CyDmac.o)
                0x0000f450                CyDmaChSetConfiguration
 .text.CyDmaTdAllocate
                0x0000f4f0       0x5c .\CortexM3\ARM_GCC_541\Debug\SCSI2SD_Copy_01.a(CyDmac.o)
                0x0000f4f0                CyDmaTdAllocate
 .text.CyDmaTdSetConfiguration
                0x0000f54c       0x80 .\CortexM3\ARM_GCC_541\Debug\SCSI2SD_Copy_01.a(CyDmac.o)
                0x0000f54c                CyDmaTdSetConfiguration
 .text.CyDmaTdSetAddress
                0x0000f5cc       0x5c .\CortexM3\ARM_GCC_541\Debug\SCSI2SD_Copy_01.a(CyDmac.o)
                0x0000f5cc                CyDmaTdSetAddress
 .text.CySetTempInt
                0x0000f628       0x7c .\CortexM3\ARM_GCC_541\Debug\SCSI2SD_Copy_01.a(CyFlash.o)
 .text.CyFlashGetSpcAlgorithm
                0x0000f6a4       0x70 .\CortexM3\ARM_GCC_541\Debug\SCSI2SD_Copy_01.a(CyFlash.o)
                0x0000f6a4                CyFlashGetSpcAlgorithm
 .text.CySetTemp
                0x0000f714       0x24 .\CortexM3\ARM_GCC_541\Debug\SCSI2SD_Copy_01.a(CyFlash.o)
                0x0000f714                CySetTemp
 .text.CyWriteRowData
                0x0000f738       0x38 .\CortexM3\ARM_GCC_541\Debug\SCSI2SD_Copy_01.a(CyFlash.o)
                0x0000f738                CyWriteRowData
 .text.CyWriteRowFull
                0x0000f770      0x154 .\CortexM3\ARM_GCC_541\Debug\SCSI2SD_Copy_01.a(CyFlash.o)
                0x0000f770                CyWriteRowFull
 .text.CyHalt   0x0000f8c4       0x18 .\CortexM3\ARM_GCC_541\Debug\SCSI2SD_Copy_01.a(CyLib.o)
                0x0000f8c4                CyHalt
 .text.CySoftwareReset
                0x0000f8dc       0x20 .\CortexM3\ARM_GCC_541\Debug\SCSI2SD_Copy_01.a(CyLib.o)
                0x0000f8dc                CySoftwareReset
 .text.CyDelay  0x0000f8fc       0x44 .\CortexM3\ARM_GCC_541\Debug\SCSI2SD_Copy_01.a(CyLib.o)
                0x0000f8fc                CyDelay
 .text.CyDelayUs
                0x0000f940       0x28 .\CortexM3\ARM_GCC_541\Debug\SCSI2SD_Copy_01.a(CyLib.o)
                0x0000f940                CyDelayUs
 .text.CyIntSetSysVector
                0x0000f968       0x4c .\CortexM3\ARM_GCC_541\Debug\SCSI2SD_Copy_01.a(CyLib.o)
                0x0000f968                CyIntSetSysVector
 .text.CyIntSetVector
                0x0000f9b4       0x50 .\CortexM3\ARM_GCC_541\Debug\SCSI2SD_Copy_01.a(CyLib.o)
                0x0000f9b4                CyIntSetVector
 .text.CyIntSetPriority
                0x0000fa04       0x48 .\CortexM3\ARM_GCC_541\Debug\SCSI2SD_Copy_01.a(CyLib.o)
                0x0000fa04                CyIntSetPriority
 .text.CySpcStart
                0x0000fa4c       0x48 .\CortexM3\ARM_GCC_541\Debug\SCSI2SD_Copy_01.a(CySpc.o)
                0x0000fa4c                CySpcStart
 .text.CySpcReadData
                0x0000fa94       0x54 .\CortexM3\ARM_GCC_541\Debug\SCSI2SD_Copy_01.a(CySpc.o)
                0x0000fa94                CySpcReadData
 .text.CySpcLoadRowFull
                0x0000fae8      0x104 .\CortexM3\ARM_GCC_541\Debug\SCSI2SD_Copy_01.a(CySpc.o)
                0x0000fae8                CySpcLoadRowFull
 .text.CySpcWriteRow
                0x0000fbec       0x98 .\CortexM3\ARM_GCC_541\Debug\SCSI2SD_Copy_01.a(CySpc.o)
                0x0000fbec                CySpcWriteRow
 .text.CySpcGetTemp
                0x0000fc84       0x64 .\CortexM3\ARM_GCC_541\Debug\SCSI2SD_Copy_01.a(CySpc.o)
                0x0000fc84                CySpcGetTemp
 .text.CySpcLock
                0x0000fce8       0x68 .\CortexM3\ARM_GCC_541\Debug\SCSI2SD_Copy_01.a(CySpc.o)
                0x0000fce8                CySpcLock
 .text.CySpcUnlock
                0x0000fd50       0x50 .\CortexM3\ARM_GCC_541\Debug\SCSI2SD_Copy_01.a(CySpc.o)
                0x0000fd50                CySpcUnlock
 .text.CySpcGetAlgorithm
                0x0000fda0       0x44 .\CortexM3\ARM_GCC_541\Debug\SCSI2SD_Copy_01.a(CySpc.o)
                0x0000fda0                CySpcGetAlgorithm
 .text.VDAC8_1_Init
                0x0000fde4       0x28 .\CortexM3\ARM_GCC_541\Debug\SCSI2SD_Copy_01.a(VDAC8_1.o)
                0x0000fde4                VDAC8_1_Init
 .text.VDAC8_1_Enable
                0x0000fe0c       0x34 .\CortexM3\ARM_GCC_541\Debug\SCSI2SD_Copy_01.a(VDAC8_1.o)
                0x0000fe0c                VDAC8_1_Enable
 .text.VDAC8_1_Start
                0x0000fe40       0x28 .\CortexM3\ARM_GCC_541\Debug\SCSI2SD_Copy_01.a(VDAC8_1.o)
                0x0000fe40                VDAC8_1_Start
 .text.VDAC8_1_SetSpeed
                0x0000fe68       0x40 .\CortexM3\ARM_GCC_541\Debug\SCSI2SD_Copy_01.a(VDAC8_1.o)
                0x0000fe68                VDAC8_1_SetSpeed
 .text.VDAC8_1_SetRange
                0x0000fea8       0x40 .\CortexM3\ARM_GCC_541\Debug\SCSI2SD_Copy_01.a(VDAC8_1.o)
                0x0000fea8                VDAC8_1_SetRange
 .text.VDAC8_1_SetValue
                0x0000fee8       0x20 .\CortexM3\ARM_GCC_541\Debug\SCSI2SD_Copy_01.a(VDAC8_1.o)
                0x0000fee8                VDAC8_1_SetValue
 .text.VDAC8_1_DacTrim
                0x0000ff08       0x3c .\CortexM3\ARM_GCC_541\Debug\SCSI2SD_Copy_01.a(VDAC8_1.o)
                0x0000ff08                VDAC8_1_DacTrim
 .text.SOUND_ISR_Start
                0x0000ff44       0x20 .\CortexM3\ARM_GCC_541\Debug\SCSI2SD_Copy_01.a(SOUND_ISR.o)
                0x0000ff44                SOUND_ISR_Start
 .text.SOUND_ISR_Interrupt
                0x0000ff64       0x94 .\CortexM3\ARM_GCC_541\Debug\SCSI2SD_Copy_01.a(SOUND_ISR.o)
                0x0000ff64                SOUND_ISR_Interrupt
 .text.SOUND_ISR_SetVector
                0x0000fff8       0x24 .\CortexM3\ARM_GCC_541\Debug\SCSI2SD_Copy_01.a(SOUND_ISR.o)
                0x0000fff8                SOUND_ISR_SetVector
 .text.SOUND_ISR_SetPriority
                0x0001001c       0x24 .\CortexM3\ARM_GCC_541\Debug\SCSI2SD_Copy_01.a(SOUND_ISR.o)
                0x0001001c                SOUND_ISR_SetPriority
 .text.SOUND_ISR_Enable
                0x00010040       0x18 .\CortexM3\ARM_GCC_541\Debug\SCSI2SD_Copy_01.a(SOUND_ISR.o)
                0x00010040                SOUND_ISR_Enable
 .text.SOUND_ISR_Disable
                0x00010058       0x18 .\CortexM3\ARM_GCC_541\Debug\SCSI2SD_Copy_01.a(SOUND_ISR.o)
                0x00010058                SOUND_ISR_Disable
 .text.LPF_1_Start
                0x00010070       0x20 .\CortexM3\ARM_GCC_541\Debug\SCSI2SD_Copy_01.a(LPF_1.o)
                0x00010070                LPF_1_Start
 .text.LPF_1_SetCutoffFreq
                0x00010090       0x38 .\CortexM3\ARM_GCC_541\Debug\SCSI2SD_Copy_01.a(LPF_1.o)
                0x00010090                LPF_1_SetCutoffFreq
 .text          0x000100c8       0x20 .\CortexM3\ARM_GCC_541\Debug\SCSI2SD_Copy_01.a(CyBootAsmGnu.o)
                0x000100c8                CyDelayCycles
                0x000100d8                CyEnterCriticalSection
                0x000100e0                CyExitCriticalSection
 .text.USBFS_DispatchClassRqst
                0x000100e8       0x84 .\CortexM3\ARM_GCC_541\Debug\SCSI2SD_Copy_01.a(USBFS_cls.o)
                0x000100e8                USBFS_DispatchClassRqst
 .text          0x0001016c       0x30 c:/program files (x86)/cypress/psoc creator/4.2/psoc creator/import/gnu/arm/5.4.1/bin/../lib/gcc/arm-none-eabi/5.4.1/armv7-m\libgcc.a(_aeabi_uldivmod.o)
                0x0001016c                __aeabi_uldivmod
 .text          0x0001019c      0x2ec c:/program files (x86)/cypress/psoc creator/4.2/psoc creator/import/gnu/arm/5.4.1/bin/../lib/gcc/arm-none-eabi/5.4.1/armv7-m\libgcc.a(_udivmoddi4.o)
                0x0001019c                __udivmoddi4
 .text          0x00010488        0x4 c:/program files (x86)/cypress/psoc creator/4.2/psoc creator/import/gnu/arm/5.4.1/bin/../lib/gcc/arm-none-eabi/5.4.1/armv7-m\libgcc.a(_dvmd_tls.o)
                0x00010488                __aeabi_idiv0
                0x00010488                __aeabi_ldiv0
 .text.__errno  0x0001048c        0xc c:/program files (x86)/cypress/psoc creator/4.2/psoc creator/import/gnu/arm/5.4.1/bin/../lib/gcc/arm-none-eabi/5.4.1/../../../../arm-none-eabi/lib/armv7-m\libg_nano.a(lib_a-errno.o)
                0x0001048c                __errno
 .text.__libc_init_array
                0x00010498       0x4c c:/program files (x86)/cypress/psoc creator/4.2/psoc creator/import/gnu/arm/5.4.1/bin/../lib/gcc/arm-none-eabi/5.4.1/../../../../arm-none-eabi/lib/armv7-m\libg_nano.a(lib_a-init.o)
                0x00010498                __libc_init_array
 .text.memcmp   0x000104e4       0x1e c:/program files (x86)/cypress/psoc creator/4.2/psoc creator/import/gnu/arm/5.4.1/bin/../lib/gcc/arm-none-eabi/5.4.1/../../../../arm-none-eabi/lib/armv7-m\libg_nano.a(lib_a-memcmp.o)
                0x000104e4                memcmp
 .text.memcpy   0x00010502       0x16 c:/program files (x86)/cypress/psoc creator/4.2/psoc creator/import/gnu/arm/5.4.1/bin/../lib/gcc/arm-none-eabi/5.4.1/../../../../arm-none-eabi/lib/armv7-m\libg_nano.a(lib_a-memcpy-stub.o)
                0x00010502                memcpy
 .text.memmove  0x00010518       0x36 c:/program files (x86)/cypress/psoc creator/4.2/psoc creator/import/gnu/arm/5.4.1/bin/../lib/gcc/arm-none-eabi/5.4.1/../../../../arm-none-eabi/lib/armv7-m\libg_nano.a(lib_a-memmove.o)
                0x00010518                memmove
 .text.memset   0x0001054e       0x10 c:/program files (x86)/cypress/psoc creator/4.2/psoc creator/import/gnu/arm/5.4.1/bin/../lib/gcc/arm-none-eabi/5.4.1/../../../../arm-none-eabi/lib/armv7-m\libg_nano.a(lib_a-memset.o)
                0x0001054e                memset
 *(.plt)
 *(.gnu.warning)
 *(.glue_7t)
 .glue_7t       0x0001055e        0x0 linker stubs
 *(.glue_7)
 .glue_7        0x0001055e        0x0 linker stubs
 *(.vfp11_veneer)
 .vfp11_veneer  0x0001055e        0x0 linker stubs
 *(.bootloader)
 *(.ARM.extab* .gnu.linkonce.armextab.*)
 *(.gcc_except_table)

.v4_bx          0x00010560        0x0
 .v4_bx         0x00010560        0x0 linker stubs

.iplt           0x00010560        0x0
 .iplt          0x00010560        0x0 c:/program files (x86)/cypress/psoc creator/4.2/psoc creator/import/gnu/arm/5.4.1/bin/../lib/gcc/arm-none-eabi/5.4.1/armv7-m/crtbegin.o

.eh_frame_hdr
 *(.eh_frame_hdr)

.eh_frame       0x00010560        0x4
 *(.eh_frame)
 .eh_frame      0x00010560        0x0 c:/program files (x86)/cypress/psoc creator/4.2/psoc creator/import/gnu/arm/5.4.1/bin/../lib/gcc/arm-none-eabi/5.4.1/armv7-m/crtbegin.o
 .eh_frame      0x00010560        0x4 c:/program files (x86)/cypress/psoc creator/4.2/psoc creator/import/gnu/arm/5.4.1/bin/../lib/gcc/arm-none-eabi/5.4.1/armv7-m/crtend.o
                [!provide]                PROVIDE (__exidx_start, .)

.ARM.exidx      0x00010564        0x8
 *(.ARM.exidx* .gnu.linkonce.armexidx.*)
 .ARM.exidx     0x00010564        0x8 c:/program files (x86)/cypress/psoc creator/4.2/psoc creator/import/gnu/arm/5.4.1/bin/../lib/gcc/arm-none-eabi/5.4.1/armv7-m\libgcc.a(_udivmoddi4.o)
                0x0001056c                __exidx_end = .

.rodata         0x0001056c     0x506c
 *(.rodata .rodata.* .gnu.linkonce.r.*)
 .rodata        0x0001056c        0x5 .\CortexM3\ARM_GCC_541\Debug\diagnostic.o
 *fill*         0x00010571        0x3 
 .rodata        0x00010574       0x2f .\CortexM3\ARM_GCC_541\Debug\inquiry.o
 *fill*         0x000105a3        0x1 
 .rodata        0x000105a4       0xb6 .\CortexM3\ARM_GCC_541\Debug\mode.o
 *fill*         0x0001065a        0x2 
 .rodata        0x0001065c       0x11 .\CortexM3\ARM_GCC_541\Debug\scsi.o
 *fill*         0x0001066d        0x3 
 .rodata        0x00010670      0x100 .\CortexM3\ARM_GCC_541\Debug\bits.o
                0x00010670                Lookup_OddParity
 .rodata        0x00010770      0x109 .\CortexM3\ARM_GCC_541\Debug\config.o
 *fill*         0x00010879        0x3 
 .rodata        0x0001087c       0x66 .\CortexM3\ARM_GCC_541\Debug\cdrom.o
 *fill*         0x000108e2        0x2 
 .rodata        0x000108e4       0x18 .\CortexM3\ARM_GCC_541\Debug\scsiPhy.o
 .rodata        0x000108fc      0xf50 .\CortexM3\ARM_GCC_541\Debug\cyfitter_cfg.o
 .rodata        0x0001184c     0x3b60 .\CortexM3\ARM_GCC_541\Debug\SCSI2SD_Copy_01.a(SOUND_ISR.o)
                0x0001184c                data
 .rodata        0x000153ac      0x1f0 .\CortexM3\ARM_GCC_541\Debug\SCSI2SD_Copy_01.a(USBFS_descr.o)
                0x000153ac                USBFS_DEVICE0_DESCR
                0x000153c0                USBFS_DEVICE0_CONFIGURATION0_DESCR
                0x0001540c                USBFS_STRING_DESCRIPTORS
                0x0001543c                USBFS_SN_STRING_DESCRIPTOR
                0x00015448                USBFS_HIDREPORT_DESCRIPTOR1
                0x00015474                USBFS_HIDREPORT_DESCRIPTOR2
                0x000154a0                USBFS_DEVICE0_CONFIGURATION0_INTERFACE0_ALTERNATE0_HID_IN_RPT_TABLE
                0x000154ac                USBFS_DEVICE0_CONFIGURATION0_INTERFACE0_ALTERNATE0_HID_OUT_RPT_TABLE
                0x000154b8                USBFS_DEVICE0_CONFIGURATION0_INTERFACE0_ALTERNATE0_HID_TABLE
                0x000154e0                USBFS_DEVICE0_CONFIGURATION0_INTERFACE1_ALTERNATE0_HID_IN_RPT_TABLE
                0x000154ec                USBFS_DEVICE0_CONFIGURATION0_INTERFACE1_ALTERNATE0_HID_OUT_RPT_TABLE
                0x000154f8                USBFS_DEVICE0_CONFIGURATION0_INTERFACE1_ALTERNATE0_HID_TABLE
                0x00015520                USBFS_DEVICE0_CONFIGURATION0_INTERFACE0_TABLE
                0x00015528                USBFS_DEVICE0_CONFIGURATION0_INTERFACE1_TABLE
                0x00015530                USBFS_DEVICE0_CONFIGURATION0_EP_SETTINGS_TABLE
                0x00015550                USBFS_DEVICE0_CONFIGURATION0_INTERFACE_CLASS
                0x00015554                USBFS_DEVICE0_CONFIGURATION0_TABLE
                0x0001557c                USBFS_DEVICE0_TABLE
                0x00015594                USBFS_TABLE
 .rodata.str1.1
                0x0001559c        0x2 c:/program files (x86)/cypress/psoc creator/4.2/psoc creator/import/gnu/arm/5.4.1/bin/../lib/gcc/arm-none-eabi/5.4.1/../../../../arm-none-eabi/lib/armv7-m\libg_nano.a(lib_a-impure.o)
                0x000155a0                . = ALIGN (0x4)
 *fill*         0x0001559e        0x2 
 *(.init)
 .init          0x000155a0        0x4 c:/program files (x86)/cypress/psoc creator/4.2/psoc creator/import/gnu/arm/5.4.1/bin/../lib/gcc/arm-none-eabi/5.4.1/armv7-m/crti.o
                0x000155a0                _init
 .init          0x000155a4        0x8 c:/program files (x86)/cypress/psoc creator/4.2/psoc creator/import/gnu/arm/5.4.1/bin/../lib/gcc/arm-none-eabi/5.4.1/armv7-m/crtn.o
                0x000155ac                . = ALIGN (0x4)
                0x000155ac                __preinit_array_start = .
 *(.preinit_array)
                0x000155ac                __preinit_array_end = .
                0x000155ac                . = ALIGN (0x4)
                0x000155ac                __init_array_start = .
 *(SORT(.init_array.*))
 *(.init_array)
 .init_array    0x000155ac        0x4 c:/program files (x86)/cypress/psoc creator/4.2/psoc creator/import/gnu/arm/5.4.1/bin/../lib/gcc/arm-none-eabi/5.4.1/armv7-m/crtbegin.o
 .init_array    0x000155b0        0x4 .\CortexM3\ARM_GCC_541\Debug\Cm3Start.o
                0x000155b4                __init_array_end = .
                0x000155b4                . = ALIGN (0x4)
 *(.fini)
 .fini          0x000155b4        0x4 c:/program files (x86)/cypress/psoc creator/4.2/psoc creator/import/gnu/arm/5.4.1/bin/../lib/gcc/arm-none-eabi/5.4.1/armv7-m/crti.o
                0x000155b4                _fini
 .fini          0x000155b8        0x8 c:/program files (x86)/cypress/psoc creator/4.2/psoc creator/import/gnu/arm/5.4.1/bin/../lib/gcc/arm-none-eabi/5.4.1/armv7-m/crtn.o
                0x000155c0                . = ALIGN (0x4)
                0x000155c0                __fini_array_start = .
 *(.fini_array)
 .fini_array    0x000155c0        0x4 c:/program files (x86)/cypress/psoc creator/4.2/psoc creator/import/gnu/arm/5.4.1/bin/../lib/gcc/arm-none-eabi/5.4.1/armv7-m/crtbegin.o
 *(SORT(.fini_array.*))
                0x000155c4                __fini_array_end = .
                0x000155c4                . = ALIGN (0x4)
 *crtbegin.o(.ctors)
 *(EXCLUDE_FILE(*crtend.o) .ctors)
 *(SORT(.ctors.*))
 *crtend.o(.ctors)
                0x000155c4                . = ALIGN (0x4)
 *crtbegin.o(.dtors)
 *(EXCLUDE_FILE(*crtend.o) .dtors)
 *(SORT(.dtors.*))
 *crtend.o(.dtors)
                0x000155c4                . = ALIGN (0x4)
                0x000155c4                __cy_regions = .
                0x000155c4        0x4 LONG 0x155d8 __cy_region_init_ram
                0x000155c8        0x4 LONG 0x1fff80c8 __cy_region_start_data
                0x000155cc        0x4 LONG 0xc8 __cy_region_init_size_ram
                0x000155d0        0x4 LONG 0x4698 __cy_region_zero_size_ram
                0x000155d4                __cy_regions_end = .
                0x000155d8                . = ALIGN (0x8)
 *fill*         0x000155d4        0x4 
                0x000155d8                _etext = .

.ramvectors     0x1fff8000       0xc0
                0x1fff8000                __cy_region_start_ram = .
 *(.ramvectors)
 .ramvectors    0x1fff8000       0xc0 .\CortexM3\ARM_GCC_541\Debug\Cm3Start.o
                0x1fff8000                CyRamVectors

.noinit         0x1fff80c0        0x5
 *(.noinit)
 .noinit        0x1fff80c0        0x4 .\CortexM3\ARM_GCC_541\Debug\Cm3Start.o
 .noinit        0x1fff80c4        0x1 .\CortexM3\ARM_GCC_541\Debug\SCSI2SD_Copy_01.a(CyLib.o)
                0x1fff80c4                CyResetStatus

.data           0x1fff80c8       0xc8 load address 0x000155d8
                0x1fff80c8                __cy_region_start_data = .
 *(.jcr)
 .jcr           0x1fff80c8        0x0 c:/program files (x86)/cypress/psoc creator/4.2/psoc creator/import/gnu/arm/5.4.1/bin/../lib/gcc/arm-none-eabi/5.4.1/armv7-m/crtbegin.o
 .jcr           0x1fff80c8        0x4 c:/program files (x86)/cypress/psoc creator/4.2/psoc creator/import/gnu/arm/5.4.1/bin/../lib/gcc/arm-none-eabi/5.4.1/armv7-m/crtend.o
 *(.got.plt)
 *(.got)
 *(.shdata)
 *(.data .data.* .gnu.linkonce.d.*)
 .data          0x1fff80cc        0x8 .\CortexM3\ARM_GCC_541\Debug\inquiry.o
 .data          0x1fff80d4        0x8 .\CortexM3\ARM_GCC_541\Debug\cdrom.o
 .data          0x1fff80dc        0xa .\CortexM3\ARM_GCC_541\Debug\scsiPhy.o
 *fill*         0x1fff80e6        0x2 
 .data          0x1fff80e8       0x24 .\CortexM3\ARM_GCC_541\Debug\sd_cy8c52.o
 .data          0x1fff810c        0x1 .\CortexM3\ARM_GCC_541\Debug\SCSI2SD_Copy_01.a(SCSI_TX_DMA_dma.o)
                0x1fff810c                SCSI_TX_DMA_DmaHandle
 .data          0x1fff810d        0x1 .\CortexM3\ARM_GCC_541\Debug\SCSI2SD_Copy_01.a(SD_RX_DMA_dma.o)
                0x1fff810d                SD_RX_DMA_DmaHandle
 .data          0x1fff810e        0x1 .\CortexM3\ARM_GCC_541\Debug\SCSI2SD_Copy_01.a(SD_TX_DMA_dma.o)
                0x1fff810e                SD_TX_DMA_DmaHandle
 .data          0x1fff810f        0x1 .\CortexM3\ARM_GCC_541\Debug\SCSI2SD_Copy_01.a(SCSI_RX_DMA_dma.o)
                0x1fff810f                SCSI_RX_DMA_DmaHandle
 .data          0x1fff8110        0x8 .\CortexM3\ARM_GCC_541\Debug\SCSI2SD_Copy_01.a(CyDmac.o)
 .data          0x1fff8118       0x10 .\CortexM3\ARM_GCC_541\Debug\SCSI2SD_Copy_01.a(CyLib.o)
                0x1fff8118                cydelay_freq_hz
                0x1fff811c                cydelay_freq_khz
                0x1fff8120                cydelay_freq_mhz
                0x1fff8124                cydelay_32k_ms
 .data.impure_data
                0x1fff8128       0x60 c:/program files (x86)/cypress/psoc creator/4.2/psoc creator/import/gnu/arm/5.4.1/bin/../lib/gcc/arm-none-eabi/5.4.1/../../../../arm-none-eabi/lib/armv7-m\libg_nano.a(lib_a-impure.o)
 .data._impure_ptr
                0x1fff8188        0x4 c:/program files (x86)/cypress/psoc creator/4.2/psoc creator/import/gnu/arm/5.4.1/bin/../lib/gcc/arm-none-eabi/5.4.1/../../../../arm-none-eabi/lib/armv7-m\libg_nano.a(lib_a-impure.o)
                0x1fff8188                _impure_ptr
                0x1fff8190                . = ALIGN (0x8)
 *fill*         0x1fff818c        0x4 
 *(.ram)
                0x1fff8190                _edata = .

.igot.plt       0x1fff8190        0x0 load address 0x000156a0
 .igot.plt      0x1fff8190        0x0 c:/program files (x86)/cypress/psoc creator/4.2/psoc creator/import/gnu/arm/5.4.1/bin/../lib/gcc/arm-none-eabi/5.4.1/armv7-m/crtbegin.o

.bss            0x1fff8190     0x4698 load address 0x000156a0
                0x1fff8190                PROVIDE (__bss_start__, .)
 *(.shbss)
 *(.bss .bss.* .gnu.linkonce.b.*)
 .bss           0x1fff8190       0x1c c:/program files (x86)/cypress/psoc creator/4.2/psoc creator/import/gnu/arm/5.4.1/bin/../lib/gcc/arm-none-eabi/5.4.1/armv7-m/crtbegin.o
 .bss           0x1fff81ac       0x4c .\CortexM3\ARM_GCC_541\Debug\config.o
 .bss           0x1fff81f8        0x4 .\CortexM3\ARM_GCC_541\Debug\time.o
 .bss           0x1fff81fc      0x21d .\CortexM3\ARM_GCC_541\Debug\hidpacket.o
 *fill*         0x1fff8419        0x3 
 .bss           0x1fff841c       0x10 .\CortexM3\ARM_GCC_541\Debug\scsiPhy.o
 .bss           0x1fff842c       0x22 .\CortexM3\ARM_GCC_541\Debug\sd_cy8c52.o
 .bss           0x1fff844e        0x1 .\CortexM3\ARM_GCC_541\Debug\SCSI2SD_Copy_01.a(SDCard.o)
                0x1fff844e                SDCard_initVar
 .bss           0x1fff844f        0x1 .\CortexM3\ARM_GCC_541\Debug\SCSI2SD_Copy_01.a(USBFS.o)
                0x1fff844f                USBFS_initVar
 .bss           0x1fff8450        0x2 .\CortexM3\ARM_GCC_541\Debug\SCSI2SD_Copy_01.a(USBFS_std.o)
 .bss           0x1fff8452        0x1 .\CortexM3\ARM_GCC_541\Debug\SCSI2SD_Copy_01.a(Debug_Timer.o)
                0x1fff8452                Debug_Timer_initVar
 *fill*         0x1fff8453        0x1 
 .bss           0x1fff8454        0x8 .\CortexM3\ARM_GCC_541\Debug\SCSI2SD_Copy_01.a(CySpc.o)
                0x1fff8454                SpcLockState
 .bss           0x1fff845c        0x1 .\CortexM3\ARM_GCC_541\Debug\SCSI2SD_Copy_01.a(VDAC8_1.o)
                0x1fff845c                VDAC8_1_initVar
 *fill*         0x1fff845d        0x1 
 .bss           0x1fff845e        0x2 .\CortexM3\ARM_GCC_541\Debug\SCSI2SD_Copy_01.a(SOUND_ISR.o)
 .bss           0x1fff8460        0x1 .\CortexM3\ARM_GCC_541\Debug\SCSI2SD_Copy_01.a(LPF_1.o)
                0x1fff8460                LPF_1_initVar
 *(COMMON)
 *fill*         0x1fff8461        0x3 
 COMMON         0x1fff8464       0x14 .\CortexM3\ARM_GCC_541\Debug\disk.o
                0x1fff8464                transfer
                0x1fff8474                blockDev
 COMMON         0x1fff8478     0x41b0 .\CortexM3\ARM_GCC_541\Debug\scsi.o
                0x1fff8478                scsiDev
 COMMON         0x1fffc628        0x1 .\CortexM3\ARM_GCC_541\Debug\trace.o
                0x1fffc628                LastTrace
 COMMON         0x1fffc629        0x2 .\CortexM3\ARM_GCC_541\Debug\scsiPhy.o
                0x1fffc629                scsiRxDMAComplete
                0x1fffc62a                scsiTxDMAComplete
 *fill*         0x1fffc62b        0x1 
 COMMON         0x1fffc62c       0x31 .\CortexM3\ARM_GCC_541\Debug\sd_cy8c52.o
                0x1fffc62c                sdRxDMAComplete
                0x1fffc630                sdDev
                0x1fffc65c                sdTxDMAComplete
 *fill*         0x1fffc65d        0x3 
 COMMON         0x1fffc660       0x98 .\CortexM3\ARM_GCC_541\Debug\SCSI2SD_Copy_01.a(USBFS_drv.o)
                0x1fffc660                USBFS_deviceAddress
                0x1fffc661                USBFS_ep0Mode
                0x1fffc664                USBFS_interfaceSetting
                0x1fffc668                USBFS_currentTD
                0x1fffc674                USBFS_device
                0x1fffc675                USBFS_interfaceNumber
                0x1fffc676                USBFS_ep0Toggle
                0x1fffc677                USBFS_deviceStatus
                0x1fffc678                USBFS_configurationChanged
                0x1fffc679                USBFS_configuration
                0x1fffc67a                USBFS_transferState
                0x1fffc67c                USBFS_interfaceStatus
                0x1fffc680                USBFS_interfaceClass
                0x1fffc684                USBFS_EP
                0x1fffc6f0                USBFS_lastPacketSize
                0x1fffc6f1                USBFS_ep0Count
                0x1fffc6f4                USBFS_interfaceSettingLast
                0x1fffc6f6                USBFS_transferByteCount
 COMMON         0x1fffc6f8        0xa .\CortexM3\ARM_GCC_541\Debug\SCSI2SD_Copy_01.a(USBFS_hid.o)
                0x1fffc6f8                USBFS_hidIdleRate
                0x1fffc6fc                USBFS_hidIdleTimer
                0x1fffc700                USBFS_hidProtocol
 *fill*         0x1fffc702        0x2 
 COMMON         0x1fffc704        0x2 .\CortexM3\ARM_GCC_541\Debug\SCSI2SD_Copy_01.a(CyFlash.o)
                0x1fffc704                dieTemperature
 *fill*         0x1fffc706        0x2 
 COMMON         0x1fffc708      0x11d .\CortexM3\ARM_GCC_541\Debug\SCSI2SD_Copy_01.a(USBFS_descr.o)
                0x1fffc708                USBFS_DEVICE0_CONFIGURATION0_INTERFACE0_ALTERNATE0_HID_IN_RPT_SCB
                0x1fffc70c                USBFS_DEVICE0_CONFIGURATION0_INTERFACE1_ALTERNATE0_HID_IN_RPT_SCB
                0x1fffc710                USBFS_DEVICE0_CONFIGURATION0_INTERFACE1_ALTERNATE0_HID_IN_BUF
                0x1fffc754                USBFS_DEVICE0_CONFIGURATION0_INTERFACE0_ALTERNATE0_HID_IN_BUF
                0x1fffc798                USBFS_DEVICE0_CONFIGURATION0_INTERFACE0_ALTERNATE0_HID_OUT_BUF
                0x1fffc7dc                USBFS_DEVICE0_CONFIGURATION0_INTERFACE0_ALTERNATE0_HID_OUT_RPT_SCB
                0x1fffc7e0                USBFS_DEVICE0_CONFIGURATION0_INTERFACE1_ALTERNATE0_HID_OUT_RPT_SCB
                0x1fffc7e4                USBFS_DEVICE0_CONFIGURATION0_INTERFACE1_ALTERNATE0_HID_OUT_BUF
                0x1fffc828                . = ALIGN (0x8)
 *fill*         0x1fffc825        0x3 
 *(.ram.b)
                0x1fffc828                _end = .
                0x1fffc828                __end = .
                0x1fffc828                PROVIDE (end, .)
                0x1fffc828                PROVIDE (__bss_end__, .)
                0x000155d8                __cy_region_init_ram = LOADADDR (.data)
                0x000000c8                __cy_region_init_size_ram = (_edata - ADDR (.data))
                0x00004698                __cy_region_zero_size_ram = (_end - _edata)

.heap           0x1fffc828      0x400 load address 0x000156a0
                0x1fffc828                . = _end
                0x1fffcc28                . = (. + 0x400)
 *fill*         0x1fffc828      0x400 
                0x1fffcc28                __cy_heap_limit = .

.stack          0x20007000     0x1000
                0x20007000                __cy_stack_limit = .
                0x20008000                . = (. + 0x1000)
 *fill*         0x20007000     0x1000 
                0x00000001                ASSERT ((__cy_stack_limit >= __cy_heap_limit), region RAM overflowed with stack)

.cy_checksum_exclude
                0x0003ff00        0x0
 *(.cy_checksum_exclude)
                0x00000000                cy_checksum_exclude_size = (CY_APPL_LOADABLE == 0x1)?SIZEOF (.cy_checksum_exclude):0x0
                0x00000001                ASSERT ((cy_checksum_exclude_size <= CY_CHECKSUM_EXCLUDE_SIZE), CY_BOOT: Section .cy_checksum_exclude size exceedes specified limit.)

.cyloadermeta   0xf0000000       0x40
 *(.cyloadermeta)
 .cyloadermeta  0xf0000000       0x40 .\CortexM3\ARM_GCC_541\Debug\cybootloader.o
                0xf0000000                cy_meta_loader

.cyloadablemeta
                0x0003ffc0       0x40
 *(.cyloadablemeta)
 .cyloadablemeta
                0x0003ffc0       0x40 .\CortexM3\ARM_GCC_541\Debug\cymetadata.o
                0x0003ffc0                cy_meta_loadable

.cyconfigecc    0x80000860        0x1
 *(.cyconfigecc)
 .cyconfigecc   0x80000860        0x1 .\CortexM3\ARM_GCC_541\Debug\cymetadata.o
                0x80000860                cy_meta_configecc

.cycustnvl      0x90000000        0x4
 *(.cycustnvl)
 .cycustnvl     0x90000000        0x4 .\CortexM3\ARM_GCC_541\Debug\cybootloader.o
                0x90000000                cy_meta_custnvl

.cywolatch      0x90100000        0x4
 *(.cywolatch)
 .cywolatch     0x90100000        0x4 .\CortexM3\ARM_GCC_541\Debug\cybootloader.o
                0x90100000                cy_meta_wonvl

.cyeeprom       0x90200000        0x0
 *(.cyeeprom)
                0x00000001                ASSERT ((. <= ((0x90200000 + ee_offset) + ee_size)), .cyeeprom data will not fit in EEPROM)

.cyflashprotect
                0x90400000      0x100
 *(.cyflashprotect)
 .cyflashprotect
                0x90400000      0x100 .\CortexM3\ARM_GCC_541\Debug\cybootloader.o
                0x90400000                cy_meta_flashprotect

.cymeta         0x90500000        0xc
 *(.cymeta)
 .cymeta        0x90500000        0xc .\CortexM3\ARM_GCC_541\Debug\cybootloader.o
                0x90500000                cy_metadata

.rel.dyn        0x00040000        0x0 load address 0x9050000c
 .rel.iplt      0x00040000        0x0 c:/program files (x86)/cypress/psoc creator/4.2/psoc creator/import/gnu/arm/5.4.1/bin/../lib/gcc/arm-none-eabi/5.4.1/armv7-m/crtbegin.o

.stab
 *(.stab)

.stabstr
 *(.stabstr)

.debug
 *(.debug)

.line
 *(.line)

.debug_srcinfo
 *(.debug_srcinfo)

.debug_sfnames
 *(.debug_sfnames)

.debug_aranges  0x00000000     0x19d0
 *(.debug_aranges)
 .debug_aranges
                0x00000000       0x40 .\CortexM3\ARM_GCC_541\Debug\diagnostic.o
 .debug_aranges
                0x00000040       0x90 .\CortexM3\ARM_GCC_541\Debug\disk.o
 .debug_aranges
                0x000000d0       0x50 .\CortexM3\ARM_GCC_541\Debug\geometry.o
 .debug_aranges
                0x00000120       0x28 .\CortexM3\ARM_GCC_541\Debug\inquiry.o
 .debug_aranges
                0x00000148       0x40 .\CortexM3\ARM_GCC_541\Debug\mode.o
 .debug_aranges
                0x00000188       0xb0 .\CortexM3\ARM_GCC_541\Debug\scsi.o
 .debug_aranges
                0x00000238       0x20 .\CortexM3\ARM_GCC_541\Debug\bits.o
 .debug_aranges
                0x00000258       0xa8 .\CortexM3\ARM_GCC_541\Debug\config.o
 .debug_aranges
                0x00000300       0x50 .\CortexM3\ARM_GCC_541\Debug\time.o
 .debug_aranges
                0x00000350       0x48 .\CortexM3\ARM_GCC_541\Debug\hidpacket.o
 .debug_aranges
                0x00000398       0x50 .\CortexM3\ARM_GCC_541\Debug\cdrom.o
 .debug_aranges
                0x000003e8       0x20 .\CortexM3\ARM_GCC_541\Debug\trace.o
 .debug_aranges
                0x00000408       0x20 .\CortexM3\ARM_GCC_541\Debug\mo.o
 .debug_aranges
                0x00000428       0x20 .\CortexM3\ARM_GCC_541\Debug\tape.o
 .debug_aranges
                0x00000448       0xd8 .\CortexM3\ARM_GCC_541\Debug\scsiPhy.o
 .debug_aranges
                0x00000520       0x28 .\CortexM3\ARM_GCC_541\Debug\vendor.o
 .debug_aranges
                0x00000548      0x108 .\CortexM3\ARM_GCC_541\Debug\sd_cy8c52.o
 .debug_aranges
                0x00000650       0x30 .\CortexM3\ARM_GCC_541\Debug\led_cy8c52.o
 .debug_aranges
                0x00000680       0x28 .\CortexM3\ARM_GCC_541\Debug\main_cy8c52sound.o
 .debug_aranges
                0x000006a8       0x60 .\CortexM3\ARM_GCC_541\Debug\cyfitter_cfg.o
 .debug_aranges
                0x00000708       0x18 .\CortexM3\ARM_GCC_541\Debug\cybootloader.o
 .debug_aranges
                0x00000720       0x18 .\CortexM3\ARM_GCC_541\Debug\cymetadata.o
 .debug_aranges
                0x00000738       0x48 .\CortexM3\ARM_GCC_541\Debug\Cm3Start.o
 .debug_aranges
                0x00000780       0x70 .\CortexM3\ARM_GCC_541\Debug\SCSI2SD_Copy_01.a(SD_Data_Clk.o)
 .debug_aranges
                0x000007f0       0x28 .\CortexM3\ARM_GCC_541\Debug\SCSI2SD_Copy_01.a(SCSI_CTL_PHASE.o)
 .debug_aranges
                0x00000818       0x38 .\CortexM3\ARM_GCC_541\Debug\SCSI2SD_Copy_01.a(SD_CS.o)
 .debug_aranges
                0x00000850       0x38 .\CortexM3\ARM_GCC_541\Debug\SCSI2SD_Copy_01.a(SD_SCK.o)
 .debug_aranges
                0x00000888       0x38 .\CortexM3\ARM_GCC_541\Debug\SCSI2SD_Copy_01.a(SD_MOSI.o)
 .debug_aranges
                0x000008c0       0x70 .\CortexM3\ARM_GCC_541\Debug\SCSI2SD_Copy_01.a(SCSI_CLK.o)
 .debug_aranges
                0x00000930       0x80 .\CortexM3\ARM_GCC_541\Debug\SCSI2SD_Copy_01.a(SCSI_RST_ISR.o)
 .debug_aranges
                0x000009b0       0x38 .\CortexM3\ARM_GCC_541\Debug\SCSI2SD_Copy_01.a(LED1.o)
 .debug_aranges
                0x000009e8       0xd8 .\CortexM3\ARM_GCC_541\Debug\SCSI2SD_Copy_01.a(SDCard.o)
 .debug_aranges
                0x00000ac0       0x38 .\CortexM3\ARM_GCC_541\Debug\SCSI2SD_Copy_01.a(SD_MISO.o)
 .debug_aranges
                0x00000af8       0xc8 .\CortexM3\ARM_GCC_541\Debug\SCSI2SD_Copy_01.a(USBFS.o)
 .debug_aranges
                0x00000bc0       0x98 .\CortexM3\ARM_GCC_541\Debug\SCSI2SD_Copy_01.a(USBFS_drv.o)
 .debug_aranges
                0x00000c58       0x48 .\CortexM3\ARM_GCC_541\Debug\SCSI2SD_Copy_01.a(USBFS_episr.o)
 .debug_aranges
                0x00000ca0       0x48 .\CortexM3\ARM_GCC_541\Debug\SCSI2SD_Copy_01.a(USBFS_hid.o)
 .debug_aranges
                0x00000ce8       0x40 .\CortexM3\ARM_GCC_541\Debug\SCSI2SD_Copy_01.a(USBFS_pm.o)
 .debug_aranges
                0x00000d28       0x78 .\CortexM3\ARM_GCC_541\Debug\SCSI2SD_Copy_01.a(USBFS_std.o)
 .debug_aranges
                0x00000da0       0x20 .\CortexM3\ARM_GCC_541\Debug\SCSI2SD_Copy_01.a(USBFS_vnd.o)
 .debug_aranges
                0x00000dc0       0x28 .\CortexM3\ARM_GCC_541\Debug\SCSI2SD_Copy_01.a(Bootloadable_1.o)
 .debug_aranges
                0x00000de8       0x28 .\CortexM3\ARM_GCC_541\Debug\SCSI2SD_Copy_01.a(SCSI_Out_Bits.o)
 .debug_aranges
                0x00000e10       0x28 .\CortexM3\ARM_GCC_541\Debug\SCSI2SD_Copy_01.a(SCSI_Out_Ctl.o)
 .debug_aranges
                0x00000e38       0x88 .\CortexM3\ARM_GCC_541\Debug\SCSI2SD_Copy_01.a(Debug_Timer.o)
 .debug_aranges
                0x00000ec0       0x80 .\CortexM3\ARM_GCC_541\Debug\SCSI2SD_Copy_01.a(Debug_Timer_Interrupt.o)
 .debug_aranges
                0x00000f40       0x28 .\CortexM3\ARM_GCC_541\Debug\SCSI2SD_Copy_01.a(SCSI_TX_DMA_dma.o)
 .debug_aranges
                0x00000f68       0x80 .\CortexM3\ARM_GCC_541\Debug\SCSI2SD_Copy_01.a(SCSI_TX_DMA_COMPLETE.o)
 .debug_aranges
                0x00000fe8       0x28 .\CortexM3\ARM_GCC_541\Debug\SCSI2SD_Copy_01.a(SD_RX_DMA_dma.o)
 .debug_aranges
                0x00001010       0x28 .\CortexM3\ARM_GCC_541\Debug\SCSI2SD_Copy_01.a(SD_TX_DMA_dma.o)
 .debug_aranges
                0x00001038       0x80 .\CortexM3\ARM_GCC_541\Debug\SCSI2SD_Copy_01.a(SD_RX_DMA_COMPLETE.o)
 .debug_aranges
                0x000010b8       0x80 .\CortexM3\ARM_GCC_541\Debug\SCSI2SD_Copy_01.a(SD_TX_DMA_COMPLETE.o)
 .debug_aranges
                0x00001138       0x28 .\CortexM3\ARM_GCC_541\Debug\SCSI2SD_Copy_01.a(SCSI_RX_DMA_dma.o)
 .debug_aranges
                0x00001160       0x80 .\CortexM3\ARM_GCC_541\Debug\SCSI2SD_Copy_01.a(SCSI_RX_DMA_COMPLETE.o)
 .debug_aranges
                0x000011e0       0x40 .\CortexM3\ARM_GCC_541\Debug\SCSI2SD_Copy_01.a(SCSI_Parity_Error.o)
 .debug_aranges
                0x00001220       0x40 .\CortexM3\ARM_GCC_541\Debug\SCSI2SD_Copy_01.a(SCSI_Filtered.o)
 .debug_aranges
                0x00001260       0x80 .\CortexM3\ARM_GCC_541\Debug\SCSI2SD_Copy_01.a(SCSI_SEL_ISR.o)
 .debug_aranges
                0x000012e0       0x28 .\CortexM3\ARM_GCC_541\Debug\SCSI2SD_Copy_01.a(SCSI_Glitch_Ctl.o)
 .debug_aranges
                0x00001308       0x48 .\CortexM3\ARM_GCC_541\Debug\SCSI2SD_Copy_01.a(USBFS_Dp.o)
 .debug_aranges
                0x00001350       0xd8 .\CortexM3\ARM_GCC_541\Debug\SCSI2SD_Copy_01.a(CyDmac.o)
 .debug_aranges
                0x00001428       0x90 .\CortexM3\ARM_GCC_541\Debug\SCSI2SD_Copy_01.a(CyFlash.o)
 .debug_aranges
                0x000014b8      0x2a0 .\CortexM3\ARM_GCC_541\Debug\SCSI2SD_Copy_01.a(CyLib.o)
 .debug_aranges
                0x00001758       0x98 .\CortexM3\ARM_GCC_541\Debug\SCSI2SD_Copy_01.a(cyPm.o)
 .debug_aranges
                0x000017f0       0x80 .\CortexM3\ARM_GCC_541\Debug\SCSI2SD_Copy_01.a(CySpc.o)
 .debug_aranges
                0x00001870       0x58 .\CortexM3\ARM_GCC_541\Debug\SCSI2SD_Copy_01.a(VDAC8_1.o)
 .debug_aranges
                0x000018c8       0x80 .\CortexM3\ARM_GCC_541\Debug\SCSI2SD_Copy_01.a(SOUND_ISR.o)
 .debug_aranges
                0x00001948       0x30 .\CortexM3\ARM_GCC_541\Debug\SCSI2SD_Copy_01.a(LPF_1.o)
 .debug_aranges
                0x00001978       0x20 .\CortexM3\ARM_GCC_541\Debug\SCSI2SD_Copy_01.a(CyBootAsmGnu.o)
 .debug_aranges
                0x00001998       0x20 .\CortexM3\ARM_GCC_541\Debug\SCSI2SD_Copy_01.a(USBFS_cls.o)
 .debug_aranges
                0x000019b8       0x18 .\CortexM3\ARM_GCC_541\Debug\SCSI2SD_Copy_01.a(USBFS_descr.o)

.debug_pubnames
 *(.debug_pubnames)

.debug_info     0x00000000    0x13ee3
 *(.debug_info .gnu.linkonce.wi.*)
 .debug_info    0x00000000      0xb59 .\CortexM3\ARM_GCC_541\Debug\diagnostic.o
 .debug_info    0x00000b59     0x11fc .\CortexM3\ARM_GCC_541\Debug\disk.o
 .debug_info    0x00001d55      0x9cc .\CortexM3\ARM_GCC_541\Debug\geometry.o
 .debug_info    0x00002721      0xbd4 .\CortexM3\ARM_GCC_541\Debug\inquiry.o
 .debug_info    0x000032f5      0xfea .\CortexM3\ARM_GCC_541\Debug\mode.o
 .debug_info    0x000042df     0x10c4 .\CortexM3\ARM_GCC_541\Debug\scsi.o
 .debug_info    0x000053a3      0x121 .\CortexM3\ARM_GCC_541\Debug\bits.o
 .debug_info    0x000054c4      0xc69 .\CortexM3\ARM_GCC_541\Debug\config.o
 .debug_info    0x0000612d      0x571 .\CortexM3\ARM_GCC_541\Debug\time.o
 .debug_info    0x0000669e      0x260 .\CortexM3\ARM_GCC_541\Debug\hidpacket.o