Archive member included to satisfy reference by file (symbol)

.\CortexM3\ARM_GCC_541\Release\SCSI2SD.a(SD_Data_Clk.o)
                              .\CortexM3\ARM_GCC_541\Release\sd.o (symbol from plugin) (SD_Data_Clk_SetDividerRegister)
.\CortexM3\ARM_GCC_541\Release\SCSI2SD.a(SCSI_CTL_PHASE.o)
                              .\CortexM3\ARM_GCC_541\Release\scsi.o (symbol from plugin) (SCSI_CTL_PHASE_Write)
.\CortexM3\ARM_GCC_541\Release\SCSI2SD.a(SD_CS.o)
                              .\CortexM3\ARM_GCC_541\Release\sd.o (symbol from plugin) (SD_CS_Write)
.\CortexM3\ARM_GCC_541\Release\SCSI2SD.a(SD_SCK.o)
                              .\CortexM3\ARM_GCC_541\Release\sd.o (symbol from plugin) (SD_SCK_SetDriveMode)
.\CortexM3\ARM_GCC_541\Release\SCSI2SD.a(SD_MOSI.o)
                              .\CortexM3\ARM_GCC_541\Release\sd.o (symbol from plugin) (SD_MOSI_SetDriveMode)
.\CortexM3\ARM_GCC_541\Release\SCSI2SD.a(SCSI_RST_ISR.o)
                              .\CortexM3\ARM_GCC_541\Release\scsiPhy.o (symbol from plugin) (SCSI_RST_ISR_StartEx)
.\CortexM3\ARM_GCC_541\Release\SCSI2SD.a(LED1.o)
                              .\CortexM3\ARM_GCC_541\Release\led.o (symbol from plugin) (LED1_Write)
.\CortexM3\ARM_GCC_541\Release\SCSI2SD.a(SDCard.o)
                              .\CortexM3\ARM_GCC_541\Release\sd.o (symbol from plugin) (SDCard_Stop)
.\CortexM3\ARM_GCC_541\Release\SCSI2SD.a(SD_MISO.o)
                              .\CortexM3\ARM_GCC_541\Release\sd.o (symbol from plugin) (SD_MISO_SetDriveMode)
.\CortexM3\ARM_GCC_541\Release\SCSI2SD.a(USBFS.o)
                              .\CortexM3\ARM_GCC_541\Release\config.o (symbol from plugin) (USBFS_Start)
.\CortexM3\ARM_GCC_541\Release\SCSI2SD.a(USBFS_drv.o)
                              .\CortexM3\ARM_GCC_541\Release\SCSI2SD.a(USBFS.o) (USBFS_lastPacketSize)
.\CortexM3\ARM_GCC_541\Release\SCSI2SD.a(USBFS_episr.o)
                              .\CortexM3\ARM_GCC_541\Release\SCSI2SD.a(USBFS.o) (USBFS_EP_1_ISR)
.\CortexM3\ARM_GCC_541\Release\SCSI2SD.a(USBFS_hid.o)
                              .\CortexM3\ARM_GCC_541\Release\SCSI2SD.a(USBFS.o) (USBFS_hidProtocol)
.\CortexM3\ARM_GCC_541\Release\SCSI2SD.a(USBFS_pm.o)
                              .\CortexM3\ARM_GCC_541\Release\SCSI2SD.a(USBFS.o) (USBFS_DP_ISR)
.\CortexM3\ARM_GCC_541\Release\SCSI2SD.a(USBFS_std.o)
                              .\CortexM3\ARM_GCC_541\Release\SCSI2SD.a(USBFS_pm.o) (USBFS_ConfigReg)
.\CortexM3\ARM_GCC_541\Release\SCSI2SD.a(USBFS_vnd.o)
                              .\CortexM3\ARM_GCC_541\Release\SCSI2SD.a(USBFS_drv.o) (USBFS_HandleVendorRqst)
.\CortexM3\ARM_GCC_541\Release\SCSI2SD.a(Bootloadable_1.o)
                              .\CortexM3\ARM_GCC_541\Release\config.o (symbol from plugin) (Bootloadable_1_Load)
.\CortexM3\ARM_GCC_541\Release\SCSI2SD.a(SCSI_Out_Bits.o)
                              .\CortexM3\ARM_GCC_541\Release\scsi.o (symbol from plugin) (SCSI_Out_Bits_Write)
.\CortexM3\ARM_GCC_541\Release\SCSI2SD.a(SCSI_Out_Ctl.o)
                              .\CortexM3\ARM_GCC_541\Release\scsi.o (symbol from plugin) (SCSI_Out_Ctl_Write)
.\CortexM3\ARM_GCC_541\Release\SCSI2SD.a(Debug_Timer.o)
                              .\CortexM3\ARM_GCC_541\Release\config.o (symbol from plugin) (Debug_Timer_Start)
.\CortexM3\ARM_GCC_541\Release\SCSI2SD.a(Debug_Timer_Interrupt.o)
                              .\CortexM3\ARM_GCC_541\Release\config.o (symbol from plugin) (Debug_Timer_Interrupt_StartEx)
.\CortexM3\ARM_GCC_541\Release\SCSI2SD.a(SCSI_TX_DMA_dma.o)
                              .\CortexM3\ARM_GCC_541\Release\scsiPhy.o (symbol from plugin) (SCSI_TX_DMA_DmaInitialize)
.\CortexM3\ARM_GCC_541\Release\SCSI2SD.a(SCSI_TX_DMA_COMPLETE.o)
                              .\CortexM3\ARM_GCC_541\Release\scsiPhy.o (symbol from plugin) (SCSI_TX_DMA_COMPLETE_StartEx)
.\CortexM3\ARM_GCC_541\Release\SCSI2SD.a(SD_RX_DMA_dma.o)
                              .\CortexM3\ARM_GCC_541\Release\sd.o (symbol from plugin) (SD_RX_DMA_DmaInitialize)
.\CortexM3\ARM_GCC_541\Release\SCSI2SD.a(SD_TX_DMA_dma.o)
                              .\CortexM3\ARM_GCC_541\Release\sd.o (symbol from plugin) (SD_TX_DMA_DmaInitialize)
.\CortexM3\ARM_GCC_541\Release\SCSI2SD.a(SD_RX_DMA_COMPLETE.o)
                              .\CortexM3\ARM_GCC_541\Release\sd.o (symbol from plugin) (SD_RX_DMA_COMPLETE_StartEx)
.\CortexM3\ARM_GCC_541\Release\SCSI2SD.a(SD_TX_DMA_COMPLETE.o)
                              .\CortexM3\ARM_GCC_541\Release\sd.o (symbol from plugin) (SD_TX_DMA_COMPLETE_StartEx)
.\CortexM3\ARM_GCC_541\Release\SCSI2SD.a(SCSI_RX_DMA_dma.o)
                              .\CortexM3\ARM_GCC_541\Release\scsiPhy.o (symbol from plugin) (SCSI_RX_DMA_DmaInitialize)
.\CortexM3\ARM_GCC_541\Release\SCSI2SD.a(SCSI_RX_DMA_COMPLETE.o)
                              .\CortexM3\ARM_GCC_541\Release\scsiPhy.o (symbol from plugin) (SCSI_RX_DMA_COMPLETE_StartEx)
[...]
Memory Configuration

Name             Origin             Length             Attributes
rom              0x00000000         0x00020000         xr
ram              0x1fffc000         0x00008000         xrw
*default*        0x00000000         0xffffffff

Linker script and memory map

LOAD c:/program files (x86)/cypress/psoc creator/4.2/psoc creator/import/gnu/arm/5.4.1/bin/../lib/gcc/arm-none-eabi/5.4.1/armv7-m/crti.o
LOAD c:/program files (x86)/cypress/psoc creator/4.2/psoc creator/import/gnu/arm/5.4.1/bin/../lib/gcc/arm-none-eabi/5.4.1/armv7-m/crtbegin.o
LOAD c:/program files (x86)/cypress/psoc creator/4.2/psoc creator/import/gnu/arm/5.4.1/bin/../lib/gcc/arm-none-eabi/5.4.1/../../../../arm-none-eabi/lib/armv7-m/crt0.o
START GROUP
LOAD .\CortexM3\ARM_GCC_541\Release\main.o
LOAD C:\Users\r\AppData\Local\Temp\ccBe6xbf.ltrans0.ltrans.o
LOAD C:\Users\r\AppData\Local\Temp\ccBe6xbf.ltrans1.ltrans.o
LOAD C:\Users\r\AppData\Local\Temp\ccBe6xbf.ltrans2.ltrans.o
LOAD C:\Users\r\AppData\Local\Temp\ccBe6xbf.ltrans3.ltrans.o
LOAD C:\Users\r\AppData\Local\Temp\ccBe6xbf.ltrans4.ltrans.o
LOAD .\CortexM3\ARM_GCC_541\Release\diagnostic.o
LOAD .\CortexM3\ARM_GCC_541\Release\disk.o
LOAD .\CortexM3\ARM_GCC_541\Release\geometry.o
LOAD .\CortexM3\ARM_GCC_541\Release\inquiry.o
LOAD .\CortexM3\ARM_GCC_541\Release\mode.o
LOAD .\CortexM3\ARM_GCC_541\Release\scsi.o
LOAD .\CortexM3\ARM_GCC_541\Release\scsiPhy.o
LOAD .\CortexM3\ARM_GCC_541\Release\bits.o
LOAD .\CortexM3\ARM_GCC_541\Release\sd.o
LOAD .\CortexM3\ARM_GCC_541\Release\config.o
LOAD .\CortexM3\ARM_GCC_541\Release\led.o
LOAD .\CortexM3\ARM_GCC_541\Release\time.o
LOAD .\CortexM3\ARM_GCC_541\Release\hidpacket.o
LOAD .\CortexM3\ARM_GCC_541\Release\cdrom.o
LOAD .\CortexM3\ARM_GCC_541\Release\trace.o
LOAD .\CortexM3\ARM_GCC_541\Release\mo.o
LOAD .\CortexM3\ARM_GCC_541\Release\tape.o
LOAD .\CortexM3\ARM_GCC_541\Release\cyfitter_cfg.o
LOAD .\CortexM3\ARM_GCC_541\Release\cybootloader.o
LOAD .\CortexM3\ARM_GCC_541\Release\cymetadata.o
LOAD .\CortexM3\ARM_GCC_541\Release\Cm3Start.o
LOAD .\CortexM3\ARM_GCC_541\Release\SCSI2SD.a
LOAD C:\Program Files (x86)\Cypress\PSoC Creator\4.2\PSoC Creator\psoc\content\cycomponentlibrary\CyComponentLibrary.cylib\CortexM3\ARM_GCC_541\Release\CyComponentLibrary.a
END GROUP
START GROUP
LOAD c:/program files (x86)/cypress/psoc creator/4.2/psoc creator/import/gnu/arm/5.4.1/bin/../lib/gcc/arm-none-eabi/5.4.1/armv7-m\libgcc.a
LOAD c:/program files (x86)/cypress/psoc creator/4.2/psoc creator/import/gnu/arm/5.4.1/bin/../lib/gcc/arm-none-eabi/5.4.1/../../../../arm-none-eabi/lib/armv7-m\libg_nano.a
LOAD c:/program files (x86)/cypress/psoc creator/4.2/psoc creator/import/gnu/arm/5.4.1/bin/../lib/gcc/arm-none-eabi/5.4.1/../../../../arm-none-eabi/lib/armv7-m\libc_nano.a
END GROUP
START GROUP
LOAD c:/program files (x86)/cypress/psoc creator/4.2/psoc creator/import/gnu/arm/5.4.1/bin/../lib/gcc/arm-none-eabi/5.4.1/armv7-m\libgcc.a
LOAD c:/program files (x86)/cypress/psoc creator/4.2/psoc creator/import/gnu/arm/5.4.1/bin/../lib/gcc/arm-none-eabi/5.4.1/../../../../arm-none-eabi/lib/armv7-m\libc_nano.a
END GROUP
LOAD c:/program files (x86)/cypress/psoc creator/4.2/psoc creator/import/gnu/arm/5.4.1/bin/../lib/gcc/arm-none-eabi/5.4.1/armv7-m/crtend.o
LOAD c:/program files (x86)/cypress/psoc creator/4.2/psoc creator/import/gnu/arm/5.4.1/bin/../lib/gcc/arm-none-eabi/5.4.1/armv7-m/crtn.o
START GROUP
LOAD c:/program files (x86)/cypress/psoc creator/4.2/psoc creator/import/gnu/arm/5.4.1/bin/../lib/gcc/arm-none-eabi/5.4.1/armv7-m\libgcc.a
LOAD c:/program files (x86)/cypress/psoc creator/4.2/psoc creator/import/gnu/arm/5.4.1/bin/../lib/gcc/arm-none-eabi/5.4.1/../../../../arm-none-eabi/lib/armv7-m\libc.a
LOAD c:/program files (x86)/cypress/psoc creator/4.2/psoc creator/import/gnu/arm/5.4.1/bin/../lib/gcc/arm-none-eabi/5.4.1/../../../../arm-none-eabi/lib/armv7-m\libnosys.a
END GROUP
                0x00000000                CY_APPL_ORIGIN = 0x0
                0x00000100                CY_FLASH_ROW_SIZE = 0x100
                0x00000020                CY_ECC_ROW_SIZE = 0x20
                0x00000000                CY_EE_IN_BTLDR = 0x0
                0x00000001                CY_APPL_LOADABLE = 0x1
                0x00000800                CY_EE_SIZE = 0x800
                0x00000001                CY_APPL_NUM = 0x1
                0x00000001                CY_APPL_MAX = 0x1
                0x00000040                CY_METADATA_SIZE = 0x40
                0x00000001                CY_APPL_LOADABLE = 0x1
                0x00000000                CY_CHECKSUM_EXCLUDE_SIZE = ALIGN (0x0, CY_FLASH_ROW_SIZE)
                [!provide]                PROVIDE (__cy_heap_start, _end)
                0x00000001                PROVIDE (__cy_region_num, ((__cy_regions_end - __cy_regions) / 0x10))
                0x20004000                PROVIDE (__cy_stack, (ORIGIN (ram) + LENGTH (ram)))
                [!provide]                PROVIDE (__cy_heap_end, (__cy_stack - 0x1000))

.cybootloader   0x00000000     0x2400
 *(.cybootloader)
 .cybootloader  0x00000000     0x2400 .\CortexM3\ARM_GCC_541\Release\cybootloader.o
                0x00000000                cy_bootloader
                0x00002400                appl1_start = CY_APPL_ORIGIN?CY_APPL_ORIGIN:ALIGN (CY_FLASH_ROW_SIZE)
                0x00011100                appl2_start = (appl1_start + ALIGN ((((LENGTH (rom) - appl1_start) - (0x2 * CY_FLASH_ROW_SIZE)) / 0x2), CY_FLASH_ROW_SIZE))
                0x00002400                appl_start = (CY_APPL_NUM == 0x1)?appl1_start:appl2_start
                0x00000480                ecc_offset = ((appl_start / CY_FLASH_ROW_SIZE) * CY_ECC_ROW_SIZE)
                0x00000000                ee_offset = (CY_APPL_LOADABLE && ! (CY_EE_IN_BTLDR))?((CY_EE_SIZE / CY_APPL_MAX) * (CY_APPL_NUM - 0x1)):0x0
                0x00000800                ee_size = (CY_APPL_LOADABLE && ! (CY_EE_IN_BTLDR))?(CY_EE_SIZE / CY_APPL_MAX):CY_EE_SIZE
                [!provide]                PROVIDE (CY_ECC_OFFSET, ecc_offset)

.text           0x00002400     0x6546
 CREATE_OBJECT_SYMBOLS
                0x00002400                PROVIDE (__cy_interrupt_vector, RomVectors)
 *(.romvectors)
 .romvectors    0x00002400       0x10 .\CortexM3\ARM_GCC_541\Release\Cm3Start.o
                0x00002400                RomVectors
                0x00000001                ASSERT ((. != __cy_interrupt_vector), No interrupt vector)
                0x00000001                ASSERT (CY_APPL_ORIGIN?(SIZEOF (.cybootloader) <= CY_APPL_ORIGIN):0x1, Wrong image location)
                0x00002410                PROVIDE (__cy_reset, Reset)
 *(.text.Reset)
 .text.Reset    0x00002410        0x6 .\CortexM3\ARM_GCC_541\Release\Cm3Start.o
                0x00002410                Reset
                0x00000001                ASSERT ((. != __cy_reset), No reset code)
 *(.dma_init)
                0x00000001                ASSERT ((((appl_start + .) <= 0x10000) || 0x1), DMA Init must be within the first 64k of flash)
 *(.text .text.* .gnu.linkonce.t.*)
 *fill*         0x00002416        0x2 
 .text          0x00002418       0x5c c:/program files (x86)/cypress/psoc creator/4.2/psoc creator/import/gnu/arm/5.4.1/bin/../lib/gcc/arm-none-eabi/5.4.1/armv7-m/crtbegin.o
 .text.startup.main
                0x00002474     0x1958 C:\Users\r\AppData\Local\Temp\ccBe6xbf.ltrans0.ltrans.o
                0x00002474                main
 .text.sdRxISR  0x00003dcc        0xc C:\Users\r\AppData\Local\Temp\ccBe6xbf.ltrans1.ltrans.o
 .text.sdTxISR  0x00003dd8        0xc C:\Users\r\AppData\Local\Temp\ccBe6xbf.ltrans1.ltrans.o
 .text.scsiSelectionISR
                0x00003de4       0x10 C:\Users\r\AppData\Local\Temp\ccBe6xbf.ltrans1.ltrans.o
                0x00003de4                scsiSelectionISR
 .text.scsiResetISR
                0x00003df4       0x18 C:\Users\r\AppData\Local\Temp\ccBe6xbf.ltrans1.ltrans.o
                0x00003df4                scsiResetISR
 .text.doTxSingleDMA
                0x00003e0c       0x58 C:\Users\r\AppData\Local\Temp\ccBe6xbf.ltrans1.ltrans.o
 .text.doRxSingleDMA
                0x00003e64       0x8c C:\Users\r\AppData\Local\Temp\ccBe6xbf.ltrans1.ltrans.o
 .text.sdSpiByte
                0x00003ef0       0x28 C:\Users\r\AppData\Local\Temp\ccBe6xbf.ltrans1.ltrans.o
 .text.sdDoCommand
                0x00003f18      0x1bc C:\Users\r\AppData\Local\Temp\ccBe6xbf.ltrans1.ltrans.o
 .text.sdCRCCommandAndResponse
                0x000040d4        0x8 C:\Users\r\AppData\Local\Temp\ccBe6xbf.ltrans1.ltrans.o
 .text.sdWaitWriteBusy
                0x000040dc        0xe C:\Users\r\AppData\Local\Temp\ccBe6xbf.ltrans1.ltrans.o
 .text.sdClearStatus.lto_priv.6
                0x000040ea       0x18 C:\Users\r\AppData\Local\Temp\ccBe6xbf.ltrans1.ltrans.o
                0x000040ea                sdClearStatus.lto_priv.6
 *fill*         0x00004102        0x2 
 .text.sdInit   0x00004104      0x2f8 C:\Users\r\AppData\Local\Temp\ccBe6xbf.ltrans1.ltrans.o
                0x00004104                sdInit
 .text.sdWriteSectorDMAPoll
                0x000043fc       0xa8 C:\Users\r\AppData\Local\Temp\ccBe6xbf.ltrans1.ltrans.o
                0x000043fc                sdWriteSectorDMAPoll
 .text.sdCommandAndResponse.lto_priv.16
                0x000044a4        0x8 C:\Users\r\AppData\Local\Temp\ccBe6xbf.ltrans1.ltrans.o
                0x000044a4                sdCommandAndResponse.lto_priv.16
 .text.sdCompleteRead
                0x000044ac       0x78 C:\Users\r\AppData\Local\Temp\ccBe6xbf.ltrans1.ltrans.o
 .text.dmaReadSector.lto_priv.37
                0x00004524      0x130 C:\Users\r\AppData\Local\Temp\ccBe6xbf.ltrans1.ltrans.o
                0x00004524                dmaReadSector.lto_priv.37
 .text.sdPreCmdState.lto_priv.14
                0x00004654       0xa0 C:\Users\r\AppData\Local\Temp\ccBe6xbf.ltrans1.ltrans.o
                0x00004654                sdPreCmdState.lto_priv.14
 .text.scsiEnterPhase
                0x000046f4       0x58 C:\Users\r\AppData\Local\Temp\ccBe6xbf.ltrans1.ltrans.o
                0x000046f4                scsiEnterPhase
 .text.scsiWriteDMAPoll
                0x0000474c       0x68 C:\Users\r\AppData\Local\Temp\ccBe6xbf.ltrans1.ltrans.o
                0x0000474c                scsiWriteDMAPoll
 .text.scsiWriteDMA
                0x000047b4       0x2c C:\Users\r\AppData\Local\Temp\ccBe6xbf.ltrans1.ltrans.o
                0x000047b4                scsiWriteDMA
 .text.scsiWritePIO.lto_priv.13
                0x000047e0       0x5c C:\Users\r\AppData\Local\Temp\ccBe6xbf.ltrans1.ltrans.o
                0x000047e0                scsiWritePIO.lto_priv.13
 .text.scsiWriteByte
                0x0000483c       0x50 C:\Users\r\AppData\Local\Temp\ccBe6xbf.ltrans1.ltrans.o
                0x0000483c                scsiWriteByte
 .text.scsiReadDMAPoll
                0x0000488c       0x68 C:\Users\r\AppData\Local\Temp\ccBe6xbf.ltrans1.ltrans.o
                0x0000488c                scsiReadDMAPoll
 .text.scsiReadDMA
                0x000048f4       0x2c C:\Users\r\AppData\Local\Temp\ccBe6xbf.ltrans1.ltrans.o
                0x000048f4                scsiReadDMA
 .text.scsiRead
                0x00004920       0xa0 C:\Users\r\AppData\Local\Temp\ccBe6xbf.ltrans1.ltrans.o
                0x00004920                scsiRead
 .text.scsiReadByte
                0x000049c0       0x70 C:\Users\r\AppData\Local\Temp\ccBe6xbf.ltrans1.ltrans.o
                0x000049c0                scsiReadByte
 .text.scsiReadDBxPins
                0x00004a30       0xb4 C:\Users\r\AppData\Local\Temp\ccBe6xbf.ltrans1.ltrans.o
                0x00004a30                scsiReadDBxPins
 .text.scsiTxCompleteISR
                0x00004ae4       0x18 C:\Users\r\AppData\Local\Temp\ccBe6xbf.ltrans2.ltrans.o
                0x00004ae4                scsiTxCompleteISR
 .text.scsiRxCompleteISR
                0x00004afc       0x18 C:\Users\r\AppData\Local\Temp\ccBe6xbf.ltrans2.ltrans.o
                0x00004afc                scsiRxCompleteISR
 .text.messageReject
                0x00004b14       0x12 C:\Users\r\AppData\Local\Temp\ccBe6xbf.ltrans2.ltrans.o
 *fill*         0x00004b26        0x2 
 .text.doModeSelect.lto_priv.22
                0x00004b28       0xe8 C:\Users\r\AppData\Local\Temp\ccBe6xbf.ltrans2.ltrans.o
                0x00004b28                doModeSelect.lto_priv.22
 .text.pageIn   0x00004c10       0x34 C:\Users\r\AppData\Local\Temp\ccBe6xbf.ltrans2.ltrans.o
 .text.scsiReconnect
                0x00004c44      0x184 C:\Users\r\AppData\Local\Temp\ccBe6xbf.ltrans2.ltrans.o
                0x00004c44                scsiReconnect
 .text.enter_SelectionPhase.lto_priv.40
                0x00004dc8       0x5c C:\Users\r\AppData\Local\Temp\ccBe6xbf.ltrans2.ltrans.o
                0x00004dc8                enter_SelectionPhase.lto_priv.40
 .text.process_Status
                0x00004e24       0x70 C:\Users\r\AppData\Local\Temp\ccBe6xbf.ltrans2.ltrans.o
                0x00004e24                process_Status
 .text.enter_Status.lto_priv.41
                0x00004e94       0x2c C:\Users\r\AppData\Local\Temp\ccBe6xbf.ltrans2.ltrans.o
                0x00004e94                enter_Status.lto_priv.41
 .text.enter_BusFree.lto_priv.36
                0x00004ec0       0x60 C:\Users\r\AppData\Local\Temp\ccBe6xbf.ltrans2.ltrans.o
                0x00004ec0                enter_BusFree.lto_priv.36
 .text.process_MessageIn
                0x00004f20       0x60 C:\Users\r\AppData\Local\Temp\ccBe6xbf.ltrans2.ltrans.o
                0x00004f20                process_MessageIn
 .text.doModeSense.lto_priv.42
                0x00004f80      0x3e4 C:\Users\r\AppData\Local\Temp\ccBe6xbf.ltrans2.ltrans.o
                0x00004f80                doModeSense.lto_priv.42
 .text.scsiDiskReset
                0x00005364       0x44 C:\Users\r\AppData\Local\Temp\ccBe6xbf.ltrans2.ltrans.o
                0x00005364                scsiDiskReset
 .text.process_MessageOut.lto_priv.39
                0x000053a8      0x18c C:\Users\r\AppData\Local\Temp\ccBe6xbf.ltrans2.ltrans.o
                0x000053a8                process_MessageOut.lto_priv.39
 .text.doTestUnitReady.lto_priv.46
                0x00005534       0x6c C:\Users\r\AppData\Local\Temp\ccBe6xbf.ltrans2.ltrans.o
                0x00005534                doTestUnitReady.lto_priv.46
 .text.unlikely.doSeek.lto_priv.43
                0x000055a0       0x38 C:\Users\r\AppData\Local\Temp\ccBe6xbf.ltrans2.ltrans.o
                0x000055a0                doSeek.lto_priv.43
 .text.doRead.lto_priv.45
                0x000055d8      0x124 C:\Users\r\AppData\Local\Temp\ccBe6xbf.ltrans2.ltrans.o
                0x000055d8                doRead.lto_priv.45
 .text.doWrite.lto_priv.44
                0x000056fc      0x170 C:\Users\r\AppData\Local\Temp\ccBe6xbf.ltrans2.ltrans.o
                0x000056fc                doWrite.lto_priv.44
 .text.TickISR  0x0000586c       0x10 C:\Users\r\AppData\Local\Temp\ccBe6xbf.ltrans3.ltrans.o
                0x0000586c                TickISR
 .text.debugTimerISR
                0x0000587c      0x174 C:\Users\r\AppData\Local\Temp\ccBe6xbf.ltrans3.ltrans.o
                0x0000587c                debugTimerISR
 .text.doReadFullTOC.part.1.lto_priv.47
                0x000059f0       0x64 C:\Users\r\AppData\Local\Temp\ccBe6xbf.ltrans3.ltrans.o
                0x000059f0                doReadFullTOC.part.1.lto_priv.47
 .text.elapsedTime_ms
                0x00005a54       0x18 C:\Users\r\AppData\Local\Temp\ccBe6xbf.ltrans3.ltrans.o
                0x00005a54                elapsedTime_ms
 .text.ledOff   0x00005a6c       0x12 C:\Users\r\AppData\Local\Temp\ccBe6xbf.ltrans3.ltrans.o
                0x00005a6c                ledOff
 *fill*         0x00005a7e        0x2 
 .text.ledOn    0x00005a80       0x20 C:\Users\r\AppData\Local\Temp\ccBe6xbf.ltrans3.ltrans.o
                0x00005a80                ledOn
 .text.configSave
                0x00005aa0       0x70 C:\Users\r\AppData\Local\Temp\ccBe6xbf.ltrans3.ltrans.o
                0x00005aa0                configSave
 .text.configPoll
                0x00005b10      0x2b0 C:\Users\r\AppData\Local\Temp\ccBe6xbf.ltrans3.ltrans.o
                0x00005b10                configPoll
 .text.sdReadMultiSectorPrep.part.2.lto_priv.15
                0x00005dc0       0x2c C:\Users\r\AppData\Local\Temp\ccBe6xbf.ltrans3.ltrans.o
                0x00005dc0                sdReadSingleSectorDMA.part.3.lto_priv.38
                0x00005dc0                sdReadMultiSectorPrep.part.2.lto_priv.15
 .text.sdCheckPresent
                0x00005dec       0xbc C:\Users\r\AppData\Local\Temp\ccBe6xbf.ltrans3.ltrans.o
                0x00005dec                sdCheckPresent
 .text.doWriteBuffer.lto_priv.23
                0x00005ea8       0x18 C:\Users\r\AppData\Local\Temp\ccBe6xbf.ltrans4.ltrans.o
                0x00005ea8                doWriteBuffer.lto_priv.23
 .text.doFormatUnitPatternHeader
                0x00005ec0       0x40 C:\Users\r\AppData\Local\Temp\ccBe6xbf.ltrans4.ltrans.o
 .text.doFormatUnitHeader.lto_priv.24
                0x00005f00       0x68 C:\Users\r\AppData\Local\Temp\ccBe6xbf.ltrans4.ltrans.o
                0x00005f00                doFormatUnitHeader.lto_priv.24
 .text.getScsiCapacity
                0x00005f68       0x20 .\CortexM3\ARM_GCC_541\Release\geometry.o
                0x00005f68                getScsiCapacity
 .text.SCSISector2SD
                0x00005f88        0xc .\CortexM3\ARM_GCC_541\Release\geometry.o
                0x00005f88                SCSISector2SD
 .text.LBA2CHS  0x00005f94       0x2c .\CortexM3\ARM_GCC_541\Release\geometry.o
                0x00005f94                LBA2CHS
 .text.scsiByteAddress
                0x00005fc0       0xd8 .\CortexM3\ARM_GCC_541\Release\geometry.o
                0x00005fc0                scsiByteAddress
 .text.scsiSaveByteAddress
                0x00006098       0xca .\CortexM3\ARM_GCC_541\Release\geometry.o
                0x00006098                scsiSaveByteAddress
 *fill*         0x00006162        0x2 
 .text.rxReset  0x00006164       0x1c .\CortexM3\ARM_GCC_541\Release\hidpacket.o
 .text.hidPacket_recv
                0x00006180       0xa8 .\CortexM3\ARM_GCC_541\Release\hidpacket.o
                0x00006180                hidPacket_recv
 .text.hidPacket_getPacket
                0x00006228       0x28 .\CortexM3\ARM_GCC_541\Release\hidpacket.o
                0x00006228                hidPacket_getPacket
 .text.hidPacket_send
                0x00006250       0x64 .\CortexM3\ARM_GCC_541\Release\hidpacket.o
                0x00006250                hidPacket_send
 .text.hidPacket_getHIDBytes
                0x000062b4       0x90 .\CortexM3\ARM_GCC_541\Release\hidpacket.o
                0x000062b4                hidPacket_getHIDBytes
 .text.traceInit
                0x00006344       0x68 .\CortexM3\ARM_GCC_541\Release\trace.o
                0x00006344                traceInit
 .text.cyfitter_cfg
                0x000063ac      0x29c .\CortexM3\ARM_GCC_541\Release\cyfitter_cfg.o
                0x000063ac                cyfitter_cfg
 .text.IntDefaultHandler
                0x00006648       0x10 .\CortexM3\ARM_GCC_541\Release\Cm3Start.o
                0x00006648                IntDefaultHandler
 .text.Start_c  0x00006658       0x50 .\CortexM3\ARM_GCC_541\Release\Cm3Start.o
                0x00006658                Start_c
 .text.startup.initialize_psoc
                0x000066a8       0x70 .\CortexM3\ARM_GCC_541\Release\Cm3Start.o
                0x000066a8                initialize_psoc
 .text.SD_Data_Clk_SetDividerRegister
                0x00006718       0xc8 .\CortexM3\ARM_GCC_541\Release\SCSI2SD.a(SD_Data_Clk.o)
                0x00006718                SD_Data_Clk_SetDividerRegister
 .text.SD_Data_Clk_GetDividerRegister
                0x000067e0        0xc .\CortexM3\ARM_GCC_541\Release\SCSI2SD.a(SD_Data_Clk.o)
                0x000067e0                SD_Data_Clk_GetDividerRegister
 .text.SCSI_CTL_PHASE_Write
                0x000067ec        0xc .\CortexM3\ARM_GCC_541\Release\SCSI2SD.a(SCSI_CTL_PHASE.o)
                0x000067ec                SCSI_CTL_PHASE_Write
 .text.SCSI_CTL_PHASE_Read
                0x000067f8        0xc .\CortexM3\ARM_GCC_541\Release\SCSI2SD.a(SCSI_CTL_PHASE.o)
                0x000067f8                SCSI_CTL_PHASE_Read
 .text.SD_CS_Write
                0x00006804       0x18 .\CortexM3\ARM_GCC_541\Release\SCSI2SD.a(SD_CS.o)
                0x00006804                SD_CS_Write
 .text.SD_CS_SetDriveMode
                0x0000681c       0x18 .\CortexM3\ARM_GCC_541\Release\SCSI2SD.a(SD_CS.o)
                0x0000681c                SD_CS_SetDriveMode
 .text.SD_CS_Read
                0x00006834       0x10 .\CortexM3\ARM_GCC_541\Release\SCSI2SD.a(SD_CS.o)
                0x00006834                SD_CS_Read
 .text.SD_SCK_SetDriveMode
                0x00006844       0x18 .\CortexM3\ARM_GCC_541\Release\SCSI2SD.a(SD_SCK.o)
                0x00006844                SD_SCK_SetDriveMode
 .text.SD_MOSI_SetDriveMode
                0x0000685c       0x18 .\CortexM3\ARM_GCC_541\Release\SCSI2SD.a(SD_MOSI.o)
                0x0000685c                SD_MOSI_SetDriveMode
 .text.SCSI_RST_ISR_StartEx
                0x00006874       0x28 .\CortexM3\ARM_GCC_541\Release\SCSI2SD.a(SCSI_RST_ISR.o)
                0x00006874                SCSI_RST_ISR_StartEx
 .text.SCSI_RST_ISR_Enable
                0x0000689c        0xc .\CortexM3\ARM_GCC_541\Release\SCSI2SD.a(SCSI_RST_ISR.o)
                0x0000689c                SCSI_RST_ISR_Enable
 .text.SCSI_RST_ISR_Disable
                0x000068a8        0xc .\CortexM3\ARM_GCC_541\Release\SCSI2SD.a(SCSI_RST_ISR.o)
                0x000068a8                SCSI_RST_ISR_Disable
 .text.LED1_Write
                0x000068b4       0x18 .\CortexM3\ARM_GCC_541\Release\SCSI2SD.a(LED1.o)
                0x000068b4                LED1_Write
 .text.SDCard_Enable
                0x000068cc       0x38 .\CortexM3\ARM_GCC_541\Release\SCSI2SD.a(SDCard.o)
                0x000068cc                SDCard_Enable
 .text.SDCard_Stop
                0x00006904       0x28 .\CortexM3\ARM_GCC_541\Release\SCSI2SD.a(SDCard.o)
                0x00006904                SDCard_Stop
 .text.SDCard_ReadTxStatus
                0x0000692c        0xc .\CortexM3\ARM_GCC_541\Release\SCSI2SD.a(SDCard.o)
                0x0000692c                SDCard_ReadTxStatus
 .text.SDCard_ReadRxStatus
                0x00006938        0xc .\CortexM3\ARM_GCC_541\Release\SCSI2SD.a(SDCard.o)
                0x00006938                SDCard_ReadRxStatus
 .text.SDCard_WriteTxData
                0x00006944       0x18 .\CortexM3\ARM_GCC_541\Release\SCSI2SD.a(SDCard.o)
                0x00006944                SDCard_WriteTxData
 .text.SDCard_ReadRxData
                0x0000695c        0xc .\CortexM3\ARM_GCC_541\Release\SCSI2SD.a(SDCard.o)
                0x0000695c                SDCard_ReadRxData
 .text.SDCard_ClearFIFO
                0x00006968       0x3c .\CortexM3\ARM_GCC_541\Release\SCSI2SD.a(SDCard.o)
                0x00006968                SDCard_ClearFIFO
 .text.SDCard_Init
                0x000069a4       0x34 .\CortexM3\ARM_GCC_541\Release\SCSI2SD.a(SDCard.o)
                0x000069a4                SDCard_Init
 .text.SDCard_Start
                0x000069d8       0x1c .\CortexM3\ARM_GCC_541\Release\SCSI2SD.a(SDCard.o)
                0x000069d8                SDCard_Start
 .text.SD_MISO_SetDriveMode
                0x000069f4       0x18 .\CortexM3\ARM_GCC_541\Release\SCSI2SD.a(SD_MISO.o)
                0x000069f4                SD_MISO_SetDriveMode
 .text.USBFS_Init
                0x00006a0c      0x150 .\CortexM3\ARM_GCC_541\Release\SCSI2SD.a(USBFS.o)
                0x00006a0c                USBFS_Init
 .text.USBFS_InitComponent
                0x00006b5c       0xb8 .\CortexM3\ARM_GCC_541\Release\SCSI2SD.a(USBFS.o)
                0x00006b5c                USBFS_InitComponent
 .text.USBFS_Start
                0x00006c14       0x24 .\CortexM3\ARM_GCC_541\Release\SCSI2SD.a(USBFS.o)
                0x00006c14                USBFS_Start
 .text.USBFS_ReInitComponent
                0x00006c38       0x58 .\CortexM3\ARM_GCC_541\Release\SCSI2SD.a(USBFS.o)
                0x00006c38                USBFS_ReInitComponent
 .text.USBFS_GetConfiguration
                0x00006c90        0xc .\CortexM3\ARM_GCC_541\Release\SCSI2SD.a(USBFS.o)
                0x00006c90                USBFS_GetConfiguration
 .text.USBFS_IsConfigurationChanged
                0x00006c9c       0x18 .\CortexM3\ARM_GCC_541\Release\SCSI2SD.a(USBFS.o)
                0x00006c9c                USBFS_IsConfigurationChanged
 .text.USBFS_GetEPState
                0x00006cb4       0x10 .\CortexM3\ARM_GCC_541\Release\SCSI2SD.a(USBFS.o)
                0x00006cb4                USBFS_GetEPState
 .text.USBFS_GetEPCount
                0x00006cc4       0x28 .\CortexM3\ARM_GCC_541\Release\SCSI2SD.a(USBFS.o)
                0x00006cc4                USBFS_GetEPCount
 .text.USBFS_LoadInEP
                0x00006cec       0x7c .\CortexM3\ARM_GCC_541\Release\SCSI2SD.a(USBFS.o)
                0x00006cec                USBFS_LoadInEP
 .text.USBFS_EnableOutEP
                0x00006d68       0x28 .\CortexM3\ARM_GCC_541\Release\SCSI2SD.a(USBFS.o)
                0x00006d68                USBFS_EnableOutEP
 .text.USBFS_ReadOutEP
                0x00006d90       0x4c .\CortexM3\ARM_GCC_541\Release\SCSI2SD.a(USBFS.o)
                0x00006d90                USBFS_ReadOutEP
 .text.USBFS_GetEPAckState
                0x00006ddc       0x1c .\CortexM3\ARM_GCC_541\Release\SCSI2SD.a(USBFS.o)
                0x00006ddc                USBFS_GetEPAckState
 .text.USBFS_LoadEP0
                0x00006df8       0x8c .\CortexM3\ARM_GCC_541\Release\SCSI2SD.a(USBFS_drv.o)
                0x00006df8                USBFS_LoadEP0
 .text.USBFS_InitZeroLengthControlTransfer
                0x00006e84       0x34 .\CortexM3\ARM_GCC_541\Release\SCSI2SD.a(USBFS_drv.o)
                0x00006e84                USBFS_InitZeroLengthControlTransfer
 .text.USBFS_ControlWriteDataStage
                0x00006eb8       0x78 .\CortexM3\ARM_GCC_541\Release\SCSI2SD.a(USBFS_drv.o)
                0x00006eb8                USBFS_ControlWriteDataStage
 .text.USBFS_InitNoDataControlTransfer
                0x00006f30       0x2c .\CortexM3\ARM_GCC_541\Release\SCSI2SD.a(USBFS_drv.o)
                0x00006f30                USBFS_InitNoDataControlTransfer
 .text.USBFS_UpdateStatusBlock
                0x00006f5c       0x20 .\CortexM3\ARM_GCC_541\Release\SCSI2SD.a(USBFS_drv.o)
                0x00006f5c                USBFS_UpdateStatusBlock
 .text.USBFS_HandleSetup
                0x00006f7c       0x58 .\CortexM3\ARM_GCC_541\Release\SCSI2SD.a(USBFS_drv.o)
                0x00006f7c                USBFS_HandleSetup
 .text.USBFS_ControlReadStatusStage
                0x00006fd4       0x34 .\CortexM3\ARM_GCC_541\Release\SCSI2SD.a(USBFS_drv.o)
                0x00006fd4                USBFS_ControlReadStatusStage
 .text.USBFS_HandleOUT
                0x00007008       0x3c .\CortexM3\ARM_GCC_541\Release\SCSI2SD.a(USBFS_drv.o)
                0x00007008                USBFS_HandleOUT
 .text.USBFS_ControlWriteStatusStage
                0x00007044       0x20 .\CortexM3\ARM_GCC_541\Release\SCSI2SD.a(USBFS_drv.o)
                0x00007044                USBFS_ControlWriteStatusStage
 .text.USBFS_NoDataControlStatusStage
                0x00007064       0x3c .\CortexM3\ARM_GCC_541\Release\SCSI2SD.a(USBFS_drv.o)
                0x00007064                USBFS_NoDataControlStatusStage
 .text.USBFS_HandleIN
                0x000070a0       0x24 .\CortexM3\ARM_GCC_541\Release\SCSI2SD.a(USBFS_drv.o)
                0x000070a0                USBFS_HandleIN
 .text.USBFS_EP_0_ISR
                0x000070c4       0x8c .\CortexM3\ARM_GCC_541\Release\SCSI2SD.a(USBFS_drv.o)
                0x000070c4                USBFS_EP_0_ISR
 .text.USBFS_InitializeStatusBlock
                0x00007150       0x20 .\CortexM3\ARM_GCC_541\Release\SCSI2SD.a(USBFS_drv.o)
                0x00007150                USBFS_InitializeStatusBlock
 .text.USBFS_InitControlRead
                0x00007170       0x4c .\CortexM3\ARM_GCC_541\Release\SCSI2SD.a(USBFS_drv.o)
                0x00007170                USBFS_InitControlRead
 .text.USBFS_InitControlWrite
                0x000071bc       0x48 .\CortexM3\ARM_GCC_541\Release\SCSI2SD.a(USBFS_drv.o)
                0x000071bc                USBFS_InitControlWrite
 .text.USBFS_EP_1_ISR
                0x00007204       0x2c .\CortexM3\ARM_GCC_541\Release\SCSI2SD.a(USBFS_episr.o)
                0x00007204                USBFS_EP_1_ISR
 .text.USBFS_EP_2_ISR
                0x00007230       0x30 .\CortexM3\ARM_GCC_541\Release\SCSI2SD.a(USBFS_episr.o)
                0x00007230                USBFS_EP_2_ISR
 .text.USBFS_EP_3_ISR
                0x00007260       0x38 .\CortexM3\ARM_GCC_541\Release\SCSI2SD.a(USBFS_episr.o)
                0x00007260                USBFS_EP_3_ISR
 .text.USBFS_EP_4_ISR
                0x00007298       0x38 .\CortexM3\ARM_GCC_541\Release\SCSI2SD.a(USBFS_episr.o)
                0x00007298                USBFS_EP_4_ISR
 .text.USBFS_SOF_ISR
                0x000072d0        0x2 .\CortexM3\ARM_GCC_541\Release\SCSI2SD.a(USBFS_episr.o)
                0x000072d0                USBFS_SOF_ISR
 .text.USBFS_BUS_RESET_ISR
                0x000072d2        0x4 .\CortexM3\ARM_GCC_541\Release\SCSI2SD.a(USBFS_episr.o)
                0x000072d2                USBFS_BUS_RESET_ISR
 *fill*         0x000072d6        0x2 
 .text.USBFS_FindHidClassDecriptor
                0x000072d8       0x40 .\CortexM3\ARM_GCC_541\Release\SCSI2SD.a(USBFS_hid.o)
                0x000072d8                USBFS_FindHidClassDecriptor
 .text.USBFS_FindReportDescriptor
                0x00007318       0x48 .\CortexM3\ARM_GCC_541\Release\SCSI2SD.a(USBFS_hid.o)
                0x00007318                USBFS_FindReportDescriptor
 .text.USBFS_FindReport
                0x00007360       0x78 .\CortexM3\ARM_GCC_541\Release\SCSI2SD.a(USBFS_hid.o)
                0x00007360                USBFS_FindReport
 .text.USBFS_DispatchHIDClassRqst
                0x000073d8      0x100 .\CortexM3\ARM_GCC_541\Release\SCSI2SD.a(USBFS_hid.o)
                0x000073d8                USBFS_DispatchHIDClassRqst
 .text.USBFS_DP_ISR
                0x000074d8        0x4 .\CortexM3\ARM_GCC_541\Release\SCSI2SD.a(USBFS_pm.o)
                0x000074d8                USBFS_DP_ISR
 .text.USBFS_ConfigReg
                0x000074dc       0x80 .\CortexM3\ARM_GCC_541\Release\SCSI2SD.a(USBFS_std.o)
                0x000074dc                USBFS_ConfigReg
 .text.USBFS_GetConfigTablePtr
                0x0000755c       0x24 .\CortexM3\ARM_GCC_541\Release\SCSI2SD.a(USBFS_std.o)
                0x0000755c                USBFS_GetConfigTablePtr
 .text.USBFS_ConfigAltChanged
                0x00007580      0x128 .\CortexM3\ARM_GCC_541\Release\SCSI2SD.a(USBFS_std.o)
                0x00007580                USBFS_ConfigAltChanged
 .text.USBFS_GetInterfaceClassTablePtr
                0x000076a8       0x20 .\CortexM3\ARM_GCC_541\Release\SCSI2SD.a(USBFS_std.o)
                0x000076a8                USBFS_GetInterfaceClassTablePtr
 .text.USBFS_Config
                0x000076c8      0x158 .\CortexM3\ARM_GCC_541\Release\SCSI2SD.a(USBFS_std.o)
                0x000076c8                USBFS_Config
 .text.USBFS_SetEndpointHalt
                0x00007820       0x54 .\CortexM3\ARM_GCC_541\Release\SCSI2SD.a(USBFS_std.o)
                0x00007820                USBFS_SetEndpointHalt
 .text.USBFS_ClearEndpointHalt
                0x00007874       0x74 .\CortexM3\ARM_GCC_541\Release\SCSI2SD.a(USBFS_std.o)
                0x00007874                USBFS_ClearEndpointHalt
 .text.USBFS_ValidateAlternateSetting
                0x000078e8       0x48 .\CortexM3\ARM_GCC_541\Release\SCSI2SD.a(USBFS_std.o)
                0x000078e8                USBFS_ValidateAlternateSetting
 .text.USBFS_HandleStandardRqst
                0x00007930      0x264 .\CortexM3\ARM_GCC_541\Release\SCSI2SD.a(USBFS_std.o)
                0x00007930                USBFS_HandleStandardRqst
 .text.USBFS_HandleVendorRqst
                0x00007b94       0x14 .\CortexM3\ARM_GCC_541\Release\SCSI2SD.a(USBFS_vnd.o)
                0x00007b94                USBFS_HandleVendorRqst
 .text.Bootloadable_1_Load
                0x00007ba8       0x10 .\CortexM3\ARM_GCC_541\Release\SCSI2SD.a(Bootloadable_1.o)
                0x00007ba8                Bootloadable_1_Load
 .text.SCSI_Out_Bits_Write
                0x00007bb8        0xc .\CortexM3\ARM_GCC_541\Release\SCSI2SD.a(SCSI_Out_Bits.o)
                0x00007bb8                SCSI_Out_Bits_Write
 .text.SCSI_Out_Ctl_Write
                0x00007bc4        0xc .\CortexM3\ARM_GCC_541\Release\SCSI2SD.a(SCSI_Out_Ctl.o)
                0x00007bc4                SCSI_Out_Ctl_Write
 .text.Debug_Timer_Init
                0x00007bd0       0x64 .\CortexM3\ARM_GCC_541\Release\SCSI2SD.a(Debug_Timer.o)
                0x00007bd0                Debug_Timer_Init
 .text.Debug_Timer_Enable
                0x00007c34       0x24 .\CortexM3\ARM_GCC_541\Release\SCSI2SD.a(Debug_Timer.o)
                0x00007c34                Debug_Timer_Enable
 .text.Debug_Timer_Start
                0x00007c58       0x1c .\CortexM3\ARM_GCC_541\Release\SCSI2SD.a(Debug_Timer.o)
                0x00007c58                Debug_Timer_Start
 .text.Debug_Timer_ReadStatusRegister
                0x00007c74        0xc .\CortexM3\ARM_GCC_541\Release\SCSI2SD.a(Debug_Timer.o)
                0x00007c74                Debug_Timer_ReadStatusRegister
 .text.Debug_Timer_Interrupt_StartEx
                0x00007c80       0x24 .\CortexM3\ARM_GCC_541\Release\SCSI2SD.a(Debug_Timer_Interrupt.o)
                0x00007c80                Debug_Timer_Interrupt_StartEx
 .text.Debug_Timer_Interrupt_ClearPending
                0x00007ca4        0xc .\CortexM3\ARM_GCC_541\Release\SCSI2SD.a(Debug_Timer_Interrupt.o)
                0x00007ca4                Debug_Timer_Interrupt_ClearPending
 .text.SCSI_TX_DMA_DmaInitialize
                0x00007cb0       0x38 .\CortexM3\ARM_GCC_541\Release\SCSI2SD.a(SCSI_TX_DMA_dma.o)
                0x00007cb0                SCSI_TX_DMA_DmaInitialize
 .text.SCSI_TX_DMA_COMPLETE_StartEx
                0x00007ce8       0x24 .\CortexM3\ARM_GCC_541\Release\SCSI2SD.a(SCSI_TX_DMA_COMPLETE.o)
                0x00007ce8                SCSI_TX_DMA_COMPLETE_StartEx
 .text.SD_RX_DMA_DmaInitialize
                0x00007d0c       0x38 .\CortexM3\ARM_GCC_541\Release\SCSI2SD.a(SD_RX_DMA_dma.o)
                0x00007d0c                SD_RX_DMA_DmaInitialize
 .text.SD_TX_DMA_DmaInitialize
                0x00007d44       0x38 .\CortexM3\ARM_GCC_541\Release\SCSI2SD.a(SD_TX_DMA_dma.o)
                0x00007d44                SD_TX_DMA_DmaInitialize
 .text.SD_RX_DMA_COMPLETE_StartEx
                0x00007d7c       0x28 .\CortexM3\ARM_GCC_541\Release\SCSI2SD.a(SD_RX_DMA_COMPLETE.o)
                0x00007d7c                SD_RX_DMA_COMPLETE_StartEx
 .text.SD_TX_DMA_COMPLETE_StartEx
                0x00007da4       0x24 .\CortexM3\ARM_GCC_541\Release\SCSI2SD.a(SD_TX_DMA_COMPLETE.o)
                0x00007da4                SD_TX_DMA_COMPLETE_StartEx
 .text.SCSI_RX_DMA_DmaInitialize
                0x00007dc8       0x38 .\CortexM3\ARM_GCC_541\Release\SCSI2SD.a(SCSI_RX_DMA_dma.o)
                0x00007dc8                SCSI_RX_DMA_DmaInitialize
 .text.SCSI_RX_DMA_COMPLETE_StartEx
                0x00007e00       0x24 .\CortexM3\ARM_GCC_541\Release\SCSI2SD.a(SCSI_RX_DMA_COMPLETE.o)
                0x00007e00                SCSI_RX_DMA_COMPLETE_StartEx
 .text.SCSI_Parity_Error_Read
                0x00007e24        0xc .\CortexM3\ARM_GCC_541\Release\SCSI2SD.a(SCSI_Parity_Error.o)
                0x00007e24                SCSI_Parity_Error_Read
 .text.SCSI_Filtered_Read
                0x00007e30        0xc .\CortexM3\ARM_GCC_541\Release\SCSI2SD.a(SCSI_Filtered.o)
                0x00007e30                SCSI_Filtered_Read
 .text.EXTLED_Write
                0x00007e3c       0x18 .\CortexM3\ARM_GCC_541\Release\SCSI2SD.a(EXTLED.o)
                0x00007e3c                EXTLED_Write
 .text.EXTLED_SetDriveMode
                0x00007e54       0x18 .\CortexM3\ARM_GCC_541\Release\SCSI2SD.a(EXTLED.o)
                0x00007e54                EXTLED_SetDriveMode
 .text.EXTLED_Read
                0x00007e6c       0x10 .\CortexM3\ARM_GCC_541\Release\SCSI2SD.a(EXTLED.o)
                0x00007e6c                EXTLED_Read
 .text.SCSI_SEL_ISR_StartEx
                0x00007e7c       0x24 .\CortexM3\ARM_GCC_541\Release\SCSI2SD.a(SCSI_SEL_ISR.o)
                0x00007e7c                SCSI_SEL_ISR_StartEx
 .text.SCSI_Glitch_Ctl_Write
                0x00007ea0        0xc .\CortexM3\ARM_GCC_541\Release\SCSI2SD.a(SCSI_Glitch_Ctl.o)
                0x00007ea0                SCSI_Glitch_Ctl_Write
 .text.USBFS_Dp_ClearInterrupt
                0x00007eac       0x10 .\CortexM3\ARM_GCC_541\Release\SCSI2SD.a(USBFS_Dp.o)
                0x00007eac                USBFS_Dp_ClearInterrupt
 .text.CyDmacConfigure
                0x00007ebc       0x2c .\CortexM3\ARM_GCC_541\Release\SCSI2SD.a(CyDmac.o)
                0x00007ebc                CyDmacConfigure
 .text.CyDmaChEnable
                0x00007ee8       0x2c .\CortexM3\ARM_GCC_541\Release\SCSI2SD.a(CyDmac.o)
                0x00007ee8                CyDmaChEnable
 .text.CyDmaChDisable
                0x00007f14       0x24 .\CortexM3\ARM_GCC_541\Release\SCSI2SD.a(CyDmac.o)
                0x00007f14                CyDmaChDisable
 .text.CyDmaClearPendingDrq
                0x00007f38       0x28 .\CortexM3\ARM_GCC_541\Release\SCSI2SD.a(CyDmac.o)
                0x00007f38                CyDmaClearPendingDrq
 .text.CyDmaChPriority
                0x00007f60       0x24 .\CortexM3\ARM_GCC_541\Release\SCSI2SD.a(CyDmac.o)
                0x00007f60                CyDmaChPriority
 .text.CyDmaChSetExtendedAddress
                0x00007f84       0x2e .\CortexM3\ARM_GCC_541\Release\SCSI2SD.a(CyDmac.o)
                0x00007f84                CyDmaChSetExtendedAddress
 *fill*         0x00007fb2        0x2 
 .text.CyDmaChSetInitialTd
                0x00007fb4       0x18 .\CortexM3\ARM_GCC_541\Release\SCSI2SD.a(CyDmac.o)
                0x00007fb4                CyDmaChSetInitialTd
 .text.CyDmaChSetRequest
                0x00007fcc       0x20 .\CortexM3\ARM_GCC_541\Release\SCSI2SD.a(CyDmac.o)
                0x00007fcc                CyDmaChSetRequest
 .text.CyDmaChGetRequest
                0x00007fec       0x18 .\CortexM3\ARM_GCC_541\Release\SCSI2SD.a(CyDmac.o)
                0x00007fec                CyDmaChGetRequest
 .text.CyDmaChSetConfiguration
                0x00008004       0x40 .\CortexM3\ARM_GCC_541\Release\SCSI2SD.a(CyDmac.o)
                0x00008004                CyDmaChSetConfiguration
 .text.CyDmaTdAllocate
                0x00008044       0x34 .\CortexM3\ARM_GCC_541\Release\SCSI2SD.a(CyDmac.o)
                0x00008044                CyDmaTdAllocate
 .text.CyDmaTdSetConfiguration
                0x00008078       0x24 .\CortexM3\ARM_GCC_541\Release\SCSI2SD.a(CyDmac.o)
                0x00008078                CyDmaTdSetConfiguration
 .text.CyDmaTdSetAddress
                0x0000809c       0x1a .\CortexM3\ARM_GCC_541\Release\SCSI2SD.a(CyDmac.o)
                0x0000809c                CyDmaTdSetAddress
 *fill*         0x000080b6        0x2 
 .text.CyFlashGetSpcAlgorithm
                0x000080b8       0x48 .\CortexM3\ARM_GCC_541\Release\SCSI2SD.a(CyFlash.o)
                0x000080b8                CyFlashGetSpcAlgorithm
 .text.CySetTemp
                0x00008100       0x5c .\CortexM3\ARM_GCC_541\Release\SCSI2SD.a(CyFlash.o)
                0x00008100                CySetTemp
 .text.CyWriteRowFull
                0x0000815c       0xcc .\CortexM3\ARM_GCC_541\Release\SCSI2SD.a(CyFlash.o)
                0x0000815c                CyWriteRowFull
 .text.CyWriteRowData
                0x00008228        0xe .\CortexM3\ARM_GCC_541\Release\SCSI2SD.a(CyFlash.o)
                0x00008228                CyWriteRowData
 *fill*         0x00008236        0x2 
 .text.CySoftwareReset
                0x00008238       0x10 .\CortexM3\ARM_GCC_541\Release\SCSI2SD.a(CyLib.o)
                0x00008238                CySoftwareReset
 .text.CyDelay  0x00008248       0x2c .\CortexM3\ARM_GCC_541\Release\SCSI2SD.a(CyLib.o)
                0x00008248                CyDelay
 .text.CyDelayUs
                0x00008274       0x10 .\CortexM3\ARM_GCC_541\Release\SCSI2SD.a(CyLib.o)
                0x00008274                CyDelayUs
 .text.CyIntSetSysVector
                0x00008284       0x18 .\CortexM3\ARM_GCC_541\Release\SCSI2SD.a(CyLib.o)
                0x00008284                CyIntSetSysVector
 .text.CyIntSetVector
                0x0000829c       0x1c .\CortexM3\ARM_GCC_541\Release\SCSI2SD.a(CyLib.o)
                0x0000829c                CyIntSetVector
 .text.CyIntSetPriority
                0x000082b8       0x14 .\CortexM3\ARM_GCC_541\Release\SCSI2SD.a(CyLib.o)
                0x000082b8                CyIntSetPriority
 .text.CySpcStart
                0x000082cc       0x24 .\CortexM3\ARM_GCC_541\Release\SCSI2SD.a(CySpc.o)
                0x000082cc                CySpcStart
 .text.CySpcReadData
                0x000082f0       0x3c .\CortexM3\ARM_GCC_541\Release\SCSI2SD.a(CySpc.o)
                0x000082f0                CySpcReadData
 .text.CySpcLoadRowFull
                0x0000832c       0x90 .\CortexM3\ARM_GCC_541\Release\SCSI2SD.a(CySpc.o)
                0x0000832c                CySpcLoadRowFull
 .text.CySpcWriteRow
                0x000083bc       0x40 .\CortexM3\ARM_GCC_541\Release\SCSI2SD.a(CySpc.o)
                0x000083bc                CySpcWriteRow
 .text.CySpcGetTemp
                0x000083fc       0x34 .\CortexM3\ARM_GCC_541\Release\SCSI2SD.a(CySpc.o)
                0x000083fc                CySpcGetTemp
 .text.CySpcLock
                0x00008430       0x40 .\CortexM3\ARM_GCC_541\Release\SCSI2SD.a(CySpc.o)
                0x00008430                CySpcLock
 .text.CySpcUnlock
                0x00008470       0x34 .\CortexM3\ARM_GCC_541\Release\SCSI2SD.a(CySpc.o)
                0x00008470                CySpcUnlock
 .text.CySpcGetAlgorithm
                0x000084a4       0x28 .\CortexM3\ARM_GCC_541\Release\SCSI2SD.a(CySpc.o)
                0x000084a4                CySpcGetAlgorithm
 *fill*         0x000084cc        0x4 
 .text          0x000084d0       0x20 .\CortexM3\ARM_GCC_541\Release\SCSI2SD.a(CyBootAsmGnu.o)
                0x000084d0                CyDelayCycles
                0x000084e0                CyEnterCriticalSection
                0x000084e8                CyExitCriticalSection
 .text.USBFS_DispatchClassRqst
                0x000084f0       0x4c .\CortexM3\ARM_GCC_541\Release\SCSI2SD.a(USBFS_cls.o)
                0x000084f0                USBFS_DispatchClassRqst
 .text          0x0000853c       0x30 c:/program files (x86)/cypress/psoc creator/4.2/psoc creator/import/gnu/arm/5.4.1/bin/../lib/gcc/arm-none-eabi/5.4.1/armv7-m\libgcc.a(_aeabi_uldivmod.o)
                0x0000853c                __aeabi_uldivmod
 .text          0x0000856c      0x2ec c:/program files (x86)/cypress/psoc creator/4.2/psoc creator/import/gnu/arm/5.4.1/bin/../lib/gcc/arm-none-eabi/5.4.1/armv7-m\libgcc.a(_udivmoddi4.o)
                0x0000856c                __udivmoddi4
 .text          0x00008858        0x4 c:/program files (x86)/cypress/psoc creator/4.2/psoc creator/import/gnu/arm/5.4.1/bin/../lib/gcc/arm-none-eabi/5.4.1/armv7-m\libgcc.a(_dvmd_tls.o)
                0x00008858                __aeabi_idiv0
                0x00008858                __aeabi_ldiv0
 .text.__errno  0x0000885c        0xc c:/program files (x86)/cypress/psoc creator/4.2/psoc creator/import/gnu/arm/5.4.1/bin/../lib/gcc/arm-none-eabi/5.4.1/../../../../arm-none-eabi/lib/armv7-m\libg_nano.a(lib_a-errno.o)
                0x0000885c                __errno
 .text.__libc_init_array
                0x00008868       0x4c c:/program files (x86)/cypress/psoc creator/4.2/psoc creator/import/gnu/arm/5.4.1/bin/../lib/gcc/arm-none-eabi/5.4.1/../../../../arm-none-eabi/lib/armv7-m\libg_nano.a(lib_a-init.o)
                0x00008868                __libc_init_array
 .text.memcpy   0x000088b4       0x16 c:/program files (x86)/cypress/psoc creator/4.2/psoc creator/import/gnu/arm/5.4.1/bin/../lib/gcc/arm-none-eabi/5.4.1/../../../../arm-none-eabi/lib/armv7-m\libg_nano.a(lib_a-memcpy-stub.o)
                0x000088b4                memcpy
 .text.memmove  0x000088ca       0x36 c:/program files (x86)/cypress/psoc creator/4.2/psoc creator/import/gnu/arm/5.4.1/bin/../lib/gcc/arm-none-eabi/5.4.1/../../../../arm-none-eabi/lib/armv7-m\libg_nano.a(lib_a-memmove.o)
                0x000088ca                memmove
 .text.memset   0x00008900       0x10 c:/program files (x86)/cypress/psoc creator/4.2/psoc creator/import/gnu/arm/5.4.1/bin/../lib/gcc/arm-none-eabi/5.4.1/../../../../arm-none-eabi/lib/armv7-m\libg_nano.a(lib_a-memset.o)
                0x00008900                memset
 .text          0x00008910       0x18 c:/program files (x86)/cypress/psoc creator/4.2/psoc creator/import/gnu/arm/5.4.1/bin/../lib/gcc/arm-none-eabi/5.4.1/armv7-m\libgcc.a(_ashldi3.o)
                0x00008910                __aeabi_llsl
                0x00008910                __ashldi3
 .text.memcmp   0x00008928       0x1e c:/program files (x86)/cypress/psoc creator/4.2/psoc creator/import/gnu/arm/5.4.1/bin/../lib/gcc/arm-none-eabi/5.4.1/../../../../arm-none-eabi/lib/armv7-m\libg_nano.a(lib_a-memcmp.o)
                0x00008928                memcmp
 *(.plt)
 *(.gnu.warning)
 *(.glue_7t)
 .glue_7t       0x00008946        0x0 linker stubs
 *(.glue_7)
 .glue_7        0x00008946        0x0 linker stubs
 *(.vfp11_veneer)
 .vfp11_veneer  0x00008946        0x0 linker stubs
 *(.bootloader)
 *(.ARM.extab* .gnu.linkonce.armextab.*)
 *(.gcc_except_table)

.v4_bx          0x00008948        0x0
 .v4_bx         0x00008948        0x0 linker stubs

.iplt           0x00008948        0x0
 .iplt          0x00008948        0x0 c:/program files (x86)/cypress/psoc creator/4.2/psoc creator/import/gnu/arm/5.4.1/bin/../lib/gcc/arm-none-eabi/5.4.1/armv7-m/crtbegin.o

.eh_frame_hdr
 *(.eh_frame_hdr)

.eh_frame       0x00008948        0x4
 *(.eh_frame)
 .eh_frame      0x00008948        0x0 c:/program files (x86)/cypress/psoc creator/4.2/psoc creator/import/gnu/arm/5.4.1/bin/../lib/gcc/arm-none-eabi/5.4.1/armv7-m/crtbegin.o
 .eh_frame      0x00008948        0x4 c:/program files (x86)/cypress/psoc creator/4.2/psoc creator/import/gnu/arm/5.4.1/bin/../lib/gcc/arm-none-eabi/5.4.1/armv7-m/crtend.o
                [!provide]                PROVIDE (__exidx_start, .)

.ARM.exidx      0x0000894c        0x8
 *(.ARM.exidx* .gnu.linkonce.armexidx.*)
 .ARM.exidx     0x0000894c        0x8 c:/program files (x86)/cypress/psoc creator/4.2/psoc creator/import/gnu/arm/5.4.1/bin/../lib/gcc/arm-none-eabi/5.4.1/armv7-m\libgcc.a(_udivmoddi4.o)
                0x00008954                __exidx_end = .

.rodata         0x00008954     0x1524
 *(.rodata .rodata.* .gnu.linkonce.r.*)
 .rodata        0x00008954      0x16b C:\Users\r\AppData\Local\Temp\ccBe6xbf.ltrans0.ltrans.o
 .rodata.str1.1
                0x00008abf        0x5 C:\Users\r\AppData\Local\Temp\ccBe6xbf.ltrans0.ltrans.o
 .rodata        0x00008ac4       0xbe C:\Users\r\AppData\Local\Temp\ccBe6xbf.ltrans2.ltrans.o
 *fill*         0x00008b82        0x2 
 .rodata        0x00008b84      0x168 C:\Users\r\AppData\Local\Temp\ccBe6xbf.ltrans3.ltrans.o
                0x00008bca                Lookup_OddParity
 .rodata        0x00008cec      0xf73 .\CortexM3\ARM_GCC_541\Release\cyfitter_cfg.o
 *fill*         0x00009c5f        0x1 
 .rodata        0x00009c60      0x1e0 .\CortexM3\ARM_GCC_541\Release\SCSI2SD.a(USBFS_descr.o)
                0x00009c60                USBFS_TABLE
                0x00009c68                USBFS_DEVICE0_TABLE
                0x00009c80                USBFS_DEVICE0_CONFIGURATION0_TABLE
                0x00009ca8                USBFS_DEVICE0_CONFIGURATION0_INTERFACE_CLASS
                0x00009caa                USBFS_DEVICE0_CONFIGURATION0_EP_SETTINGS_TABLE
                0x00009ccc                USBFS_DEVICE0_CONFIGURATION0_INTERFACE1_TABLE
                0x00009cd4                USBFS_DEVICE0_CONFIGURATION0_INTERFACE0_TABLE
                0x00009cdc                USBFS_DEVICE0_CONFIGURATION0_INTERFACE1_ALTERNATE0_HID_TABLE
                0x00009d04                USBFS_DEVICE0_CONFIGURATION0_INTERFACE1_ALTERNATE0_HID_OUT_RPT_TABLE
                0x00009d10                USBFS_DEVICE0_CONFIGURATION0_INTERFACE1_ALTERNATE0_HID_IN_RPT_TABLE
                0x00009d1c                USBFS_DEVICE0_CONFIGURATION0_INTERFACE0_ALTERNATE0_HID_TABLE
                0x00009d44                USBFS_DEVICE0_CONFIGURATION0_INTERFACE0_ALTERNATE0_HID_OUT_RPT_TABLE
                0x00009d50                USBFS_DEVICE0_CONFIGURATION0_INTERFACE0_ALTERNATE0_HID_IN_RPT_TABLE
                0x00009d5c                USBFS_HIDREPORT_DESCRIPTOR2
                0x00009d85                USBFS_HIDREPORT_DESCRIPTOR1
                0x00009dae                USBFS_SN_STRING_DESCRIPTOR
                0x00009db8                USBFS_STRING_DESCRIPTORS
                0x00009de5                USBFS_DEVICE0_CONFIGURATION0_DESCR
                0x00009e2e                USBFS_DEVICE0_DESCR
 .rodata.str1.1
                0x00009e40        0x2 c:/program files (x86)/cypress/psoc creator/4.2/psoc creator/import/gnu/arm/5.4.1/bin/../lib/gcc/arm-none-eabi/5.4.1/../../../../arm-none-eabi/lib/armv7-m\libg_nano.a(lib_a-impure.o)
                0x00009e44                . = ALIGN (0x4)
 *fill*         0x00009e42        0x2 
 *(.init)
 .init          0x00009e44        0x4 c:/program files (x86)/cypress/psoc creator/4.2/psoc creator/import/gnu/arm/5.4.1/bin/../lib/gcc/arm-none-eabi/5.4.1/armv7-m/crti.o
                0x00009e44                _init
 .init          0x00009e48        0x8 c:/program files (x86)/cypress/psoc creator/4.2/psoc creator/import/gnu/arm/5.4.1/bin/../lib/gcc/arm-none-eabi/5.4.1/armv7-m/crtn.o
                0x00009e50                . = ALIGN (0x4)
                0x00009e50                __preinit_array_start = .
 *(.preinit_array)
                0x00009e50                __preinit_array_end = .
                0x00009e50                . = ALIGN (0x4)
                0x00009e50                __init_array_start = .
 *(SORT(.init_array.*))
 *(.init_array)
 .init_array    0x00009e50        0x4 c:/program files (x86)/cypress/psoc creator/4.2/psoc creator/import/gnu/arm/5.4.1/bin/../lib/gcc/arm-none-eabi/5.4.1/armv7-m/crtbegin.o
 .init_array    0x00009e54        0x4 .\CortexM3\ARM_GCC_541\Release\Cm3Start.o
                0x00009e58                __init_array_end = .
                0x00009e58                . = ALIGN (0x4)
 *(.fini)
 .fini          0x00009e58        0x4 c:/program files (x86)/cypress/psoc creator/4.2/psoc creator/import/gnu/arm/5.4.1/bin/../lib/gcc/arm-none-eabi/5.4.1/armv7-m/crti.o
                0x00009e58                _fini
 .fini          0x00009e5c        0x8 c:/program files (x86)/cypress/psoc creator/4.2/psoc creator/import/gnu/arm/5.4.1/bin/../lib/gcc/arm-none-eabi/5.4.1/armv7-m/crtn.o
                0x00009e64                . = ALIGN (0x4)
                0x00009e64                __fini_array_start = .
 *(.fini_array)
 .fini_array    0x00009e64        0x4 c:/program files (x86)/cypress/psoc creator/4.2/psoc creator/import/gnu/arm/5.4.1/bin/../lib/gcc/arm-none-eabi/5.4.1/armv7-m/crtbegin.o
 *(SORT(.fini_array.*))
                0x00009e68                __fini_array_end = .
                0x00009e68                . = ALIGN (0x4)
 *crtbegin.o(.ctors)
 *(EXCLUDE_FILE(*crtend.o) .ctors)
 *(SORT(.ctors.*))
 *crtend.o(.ctors)
                0x00009e68                . = ALIGN (0x4)
 *crtbegin.o(.dtors)
 *(EXCLUDE_FILE(*crtend.o) .dtors)
 *(SORT(.dtors.*))
 *crtend.o(.dtors)
                0x00009e68                . = ALIGN (0x4)
                0x00009e68                __cy_regions = .
                0x00009e68        0x4 LONG 0x9e78 __cy_region_init_ram
                0x00009e6c        0x4 LONG 0x1fffc0c8 __cy_region_start_data
                0x00009e70        0x4 LONG 0xb0 __cy_region_init_size_ram
                0x00009e74        0x4 LONG 0x4678 __cy_region_zero_size_ram
                0x00009e78                __cy_regions_end = .
                0x00009e78                . = ALIGN (0x8)
                0x00009e78                _etext = .

.ramvectors     0x1fffc000       0xc0
                0x1fffc000                __cy_region_start_ram = .
 *(.ramvectors)
 .ramvectors    0x1fffc000       0xc0 .\CortexM3\ARM_GCC_541\Release\Cm3Start.o
                0x1fffc000                CyRamVectors

.noinit         0x1fffc0c0        0x1
 *(.noinit)
 .noinit        0x1fffc0c0        0x1 .\CortexM3\ARM_GCC_541\Release\SCSI2SD.a(CyLib.o)
                0x1fffc0c0                CyResetStatus

.data           0x1fffc0c8       0xb0 load address 0x00009e78
                0x1fffc0c8                __cy_region_start_data = .
 *(.jcr)
 .jcr           0x1fffc0c8        0x0 c:/program files (x86)/cypress/psoc creator/4.2/psoc creator/import/gnu/arm/5.4.1/bin/../lib/gcc/arm-none-eabi/5.4.1/armv7-m/crtbegin.o
 .jcr           0x1fffc0c8        0x4 c:/program files (x86)/cypress/psoc creator/4.2/psoc creator/import/gnu/arm/5.4.1/bin/../lib/gcc/arm-none-eabi/5.4.1/armv7-m/crtend.o
 *(.got.plt)
 *(.got)
 *(.shdata)
 *(.data .data.* .gnu.linkonce.d.*)
 .data          0x1fffc0cc        0xa C:\Users\r\AppData\Local\Temp\ccBe6xbf.ltrans0.ltrans.o
 *fill*         0x1fffc0d6        0x2 
 .data          0x1fffc0d8        0xe C:\Users\r\AppData\Local\Temp\ccBe6xbf.ltrans1.ltrans.o
                0x1fffc0d8                scsiDmaTxTd.lto_priv.34
                0x1fffc0d9                scsiDmaTxChan.lto_priv.29
                0x1fffc0da                scsiDmaRxTd.lto_priv.33
                0x1fffc0dc                scsiDmaRxChan.lto_priv.30
                0x1fffc0df                sdDMARxChan.lto_priv.21
                0x1fffc0e0                sdDMATxChan.lto_priv.20
                0x1fffc0e4                dummyBuffer.lto_priv.11
 *fill*         0x1fffc0e6        0x2 
 .data          0x1fffc0e8        0xc C:\Users\r\AppData\Local\Temp\ccBe6xbf.ltrans3.ltrans.o
                0x1fffc0e8                sdIOState.lto_priv.9
 .data          0x1fffc0f4        0x1 .\CortexM3\ARM_GCC_541\Release\SCSI2SD.a(SCSI_TX_DMA_dma.o)
                0x1fffc0f4                SCSI_TX_DMA_DmaHandle
 .data          0x1fffc0f5        0x1 .\CortexM3\ARM_GCC_541\Release\SCSI2SD.a(SD_RX_DMA_dma.o)
                0x1fffc0f5                SD_RX_DMA_DmaHandle
 .data          0x1fffc0f6        0x1 .\CortexM3\ARM_GCC_541\Release\SCSI2SD.a(SD_TX_DMA_dma.o)
                0x1fffc0f6                SD_TX_DMA_DmaHandle
 .data          0x1fffc0f7        0x1 .\CortexM3\ARM_GCC_541\Release\SCSI2SD.a(SCSI_RX_DMA_dma.o)
                0x1fffc0f7                SCSI_RX_DMA_DmaHandle
 .data          0x1fffc0f8        0x8 .\CortexM3\ARM_GCC_541\Release\SCSI2SD.a(CyDmac.o)
 .data          0x1fffc100       0x10 .\CortexM3\ARM_GCC_541\Release\SCSI2SD.a(CyLib.o)
                0x1fffc100                cydelay_32k_ms
                0x1fffc104                cydelay_freq_khz
                0x1fffc108                cydelay_freq_mhz
                0x1fffc10c                cydelay_freq_hz
 .data.impure_data
                0x1fffc110       0x60 c:/program files (x86)/cypress/psoc creator/4.2/psoc creator/import/gnu/arm/5.4.1/bin/../lib/gcc/arm-none-eabi/5.4.1/../../../../arm-none-eabi/lib/armv7-m\libg_nano.a(lib_a-impure.o)
 .data._impure_ptr
                0x1fffc170        0x4 c:/program files (x86)/cypress/psoc creator/4.2/psoc creator/import/gnu/arm/5.4.1/bin/../lib/gcc/arm-none-eabi/5.4.1/../../../../arm-none-eabi/lib/armv7-m\libg_nano.a(lib_a-impure.o)
                0x1fffc170                _impure_ptr
                0x1fffc178                . = ALIGN (0x8)
 *fill*         0x1fffc174        0x4 
 *(.ram)
                0x1fffc178                _edata = .

.igot.plt       0x1fffc178        0x0 load address 0x00009f28
 .igot.plt      0x1fffc178        0x0 c:/program files (x86)/cypress/psoc creator/4.2/psoc creator/import/gnu/arm/5.4.1/bin/../lib/gcc/arm-none-eabi/5.4.1/armv7-m/crtbegin.o

.bss            0x1fffc178     0x4678 load address 0x00009f28
                0x1fffc178                PROVIDE (__bss_start__, .)
 *(.shbss)
 *(.bss .bss.* .gnu.linkonce.b.*)
 .bss           0x1fffc178       0x1c c:/program files (x86)/cypress/psoc creator/4.2/psoc creator/import/gnu/arm/5.4.1/bin/../lib/gcc/arm-none-eabi/5.4.1/armv7-m/crtbegin.o
 .bss           0x1fffc194       0x40 C:\Users\r\AppData\Local\Temp\ccBe6xbf.ltrans1.ltrans.o
                0x1fffc194                sdRxDMAComplete
                0x1fffc195                sdTxDMAComplete
                0x1fffc198                dmaInProgress.lto_priv.25
                0x1fffc19c                scsiTxDMAComplete
                0x1fffc19d                scsiRxDMAComplete
                0x1fffc1a8                discardBuffer.lto_priv.18
                0x1fffc1ac                writeResponseBuffer.lto_priv.19
                0x1fffc1b4                transfer
                0x1fffc1c8                dmaSentCount.lto_priv.27
                0x1fffc1cc                dmaTotalCount.lto_priv.28
                0x1fffc1d0                dmaBuffer.lto_priv.26
 .bss           0x1fffc1d4        0x8 C:\Users\r\AppData\Local\Temp\ccBe6xbf.ltrans2.ltrans.o
                0x1fffc1d8                sdCmdTime.lto_priv.17
 .bss           0x1fffc1dc       0x5c C:\Users\r\AppData\Local\Temp\ccBe6xbf.ltrans3.ltrans.o
                0x1fffc1dc                counter.lto_priv.8
                0x1fffc1e0                usbReady.lto_priv.12
                0x1fffc224                usbDebugEpState.lto_priv.31
                0x1fffc228                blockDev
                0x1fffc22c                enable_EXTLED.lto_priv.35
                0x1fffc230                usbInEpState.lto_priv.32
                0x1fffc234                sdCmdState.lto_priv.7
 .bss           0x1fffc238      0x21a .\CortexM3\ARM_GCC_541\Release\hidpacket.o
 .bss           0x1fffc452        0x1 .\CortexM3\ARM_GCC_541\Release\SCSI2SD.a(SDCard.o)
                0x1fffc452                SDCard_initVar
 .bss           0x1fffc453        0x1 .\CortexM3\ARM_GCC_541\Release\SCSI2SD.a(USBFS.o)
                0x1fffc453                USBFS_initVar
 .bss           0x1fffc454        0x2 .\CortexM3\ARM_GCC_541\Release\SCSI2SD.a(USBFS_std.o)
 .bss           0x1fffc456        0x1 .\CortexM3\ARM_GCC_541\Release\SCSI2SD.a(Debug_Timer.o)
                0x1fffc456                Debug_Timer_initVar
 *fill*         0x1fffc457        0x1 
 .bss           0x1fffc458        0x8 .\CortexM3\ARM_GCC_541\Release\SCSI2SD.a(CySpc.o)
                0x1fffc458                SpcLockState
 *(COMMON)
 COMMON         0x1fffc460     0x41d8 C:\Users\r\AppData\Local\Temp\ccBe6xbf.ltrans3.ltrans.o
                0x1fffc460                scsiDev
                0x2000060c                sdDev
 COMMON         0x20000638        0x1 .\CortexM3\ARM_GCC_541\Release\trace.o
                0x20000638                LastTrace
 *fill*         0x20000639        0x3 
 COMMON         0x2000063c       0x92 .\CortexM3\ARM_GCC_541\Release\SCSI2SD.a(USBFS_drv.o)
                0x2000063c                USBFS_deviceAddress
                0x2000063d                USBFS_ep0Mode
                0x2000063e                USBFS_interfaceSetting
                0x20000640                USBFS_currentTD
                0x2000064c                USBFS_device
                0x2000064d                USBFS_interfaceNumber
                0x2000064e                USBFS_ep0Toggle
                0x2000064f                USBFS_deviceStatus
                0x20000650                USBFS_configurationChanged
                0x20000651                USBFS_configuration
                0x20000652                USBFS_transferState
                0x20000653                USBFS_interfaceStatus
                0x20000658                USBFS_interfaceClass
                0x2000065c                USBFS_EP
                0x200006c8                USBFS_lastPacketSize
                0x200006c9                USBFS_ep0Count
                0x200006ca                USBFS_interfaceSettingLast
                0x200006cc                USBFS_transferByteCount
 COMMON         0x200006ce        0x6 .\CortexM3\ARM_GCC_541\Release\SCSI2SD.a(USBFS_hid.o)
                0x200006ce                USBFS_hidIdleRate
                0x200006d0                USBFS_hidIdleTimer
                0x200006d2                USBFS_hidProtocol
 COMMON         0x200006d4        0x2 .\CortexM3\ARM_GCC_541\Release\SCSI2SD.a(CyFlash.o)
                0x200006d4                dieTemperature
 COMMON         0x200006d6      0x115 .\CortexM3\ARM_GCC_541\Release\SCSI2SD.a(USBFS_descr.o)
                0x200006d6                USBFS_DEVICE0_CONFIGURATION0_INTERFACE0_ALTERNATE0_HID_IN_RPT_SCB
                0x200006da                USBFS_DEVICE0_CONFIGURATION0_INTERFACE1_ALTERNATE0_HID_IN_RPT_SCB
                0x200006de                USBFS_DEVICE0_CONFIGURATION0_INTERFACE1_ALTERNATE0_HID_IN_BUF
                0x2000071f                USBFS_DEVICE0_CONFIGURATION0_INTERFACE0_ALTERNATE0_HID_IN_BUF
                0x20000760                USBFS_DEVICE0_CONFIGURATION0_INTERFACE0_ALTERNATE0_HID_OUT_BUF
                0x200007a2                USBFS_DEVICE0_CONFIGURATION0_INTERFACE0_ALTERNATE0_HID_OUT_RPT_SCB
                0x200007a6                USBFS_DEVICE0_CONFIGURATION0_INTERFACE1_ALTERNATE0_HID_OUT_RPT_SCB
                0x200007aa                USBFS_DEVICE0_CONFIGURATION0_INTERFACE1_ALTERNATE0_HID_OUT_BUF
                0x200007f0                . = ALIGN (0x8)
 *fill*         0x200007eb        0x5 
 *(.ram.b)
                0x200007f0                _end = .
                0x200007f0                __end = .
                0x200007f0                PROVIDE (end, .)
                0x200007f0                PROVIDE (__bss_end__, .)
                0x00009e78                __cy_region_init_ram = LOADADDR (.data)
                0x000000b0                __cy_region_init_size_ram = (_edata - ADDR (.data))
                0x00004678                __cy_region_zero_size_ram = (_end - _edata)

.heap           0x200007f0      0x400 load address 0x00009f28
                0x200007f0                . = _end
                0x20000bf0                . = (. + 0x400)
 *fill*         0x200007f0      0x400 
                0x20000bf0                __cy_heap_limit = .

.stack          0x20003000     0x1000
                0x20003000                __cy_stack_limit = .
                0x20004000                . = (. + 0x1000)
 *fill*         0x20003000     0x1000 
                0x00000001                ASSERT ((__cy_stack_limit >= __cy_heap_limit), region RAM overflowed with stack)

.cy_checksum_exclude
                0x0001ff00        0x0
 *(.cy_checksum_exclude)
                0x00000000                cy_checksum_exclude_size = (CY_APPL_LOADABLE == 0x1)?SIZEOF (.cy_checksum_exclude):0x0
                0x00000001                ASSERT ((cy_checksum_exclude_size <= CY_CHECKSUM_EXCLUDE_SIZE), CY_BOOT: Section .cy_checksum_exclude size exceedes specified limit.)

.cyloadermeta   0xf0000000       0x40
 *(.cyloadermeta)
 .cyloadermeta  0xf0000000       0x40 .\CortexM3\ARM_GCC_541\Release\cybootloader.o
                0xf0000000                cy_meta_loader

.cyloadablemeta
                0x0001ffc0       0x40
 *(.cyloadablemeta)
 .cyloadablemeta
                0x0001ffc0       0x40 .\CortexM3\ARM_GCC_541\Release\cymetadata.o
                0x0001ffc0                cy_meta_loadable

.cyconfigecc    0x80000480        0x1
 *(.cyconfigecc)
 .cyconfigecc   0x80000480        0x1 .\CortexM3\ARM_GCC_541\Release\cymetadata.o
                0x80000480                cy_meta_configecc

.cycustnvl      0x90000000        0x4
 *(.cycustnvl)
 .cycustnvl     0x90000000        0x4 .\CortexM3\ARM_GCC_541\Release\cybootloader.o
                0x90000000                cy_meta_custnvl

.cywolatch      0x90100000        0x4
 *(.cywolatch)
 .cywolatch     0x90100000        0x4 .\CortexM3\ARM_GCC_541\Release\cybootloader.o
                0x90100000                cy_meta_wonvl

.cyeeprom       0x90200000        0x0
 *(.cyeeprom)
                0x00000001                ASSERT ((. <= ((0x90200000 + ee_offset) + ee_size)), .cyeeprom data will not fit in EEPROM)

.cyflashprotect
                0x90400000       0x80
 *(.cyflashprotect)
 .cyflashprotect
                0x90400000       0x80 .\CortexM3\ARM_GCC_541\Release\cybootloader.o
                0x90400000                cy_meta_flashprotect

.cymeta         0x90500000        0xc
 *(.cymeta)
 .cymeta        0x90500000        0xc .\CortexM3\ARM_GCC_541\Release\cybootloader.o
                0x90500000                cy_metadata

.rel.dyn        0x00020000        0x0 load address 0x9050000c
 .rel.iplt      0x00020000        0x0 c:/program files (x86)/cypress/psoc creator/4.2/psoc creator/import/gnu/arm/5.4.1/bin/../lib/gcc/arm-none-eabi/5.4.1/armv7-m/crtbegin.o

.stab
 *(.stab)

.stabstr
 *(.stabstr)

.debug
 *(.debug)

.line
 *(.line)

.debug_srcinfo
 *(.debug_srcinfo)

.debug_sfnames
 *(.debug_sfnames)

.debug_aranges  0x00000000     0x1450
 *(.debug_aranges)
 .debug_aranges
                0x00000000       0x20 C:\Users\r\AppData\Local\Temp\ccBe6xbf.ltrans0.ltrans.o
 .debug_aranges
                0x00000020       0xf0 C:\Users\r\AppData\Local\Temp\ccBe6xbf.ltrans1.ltrans.o
 .debug_aranges
                0x00000110       0xa8 C:\Users\r\AppData\Local\Temp\ccBe6xbf.ltrans2.ltrans.o
 .debug_aranges
                0x000001b8       0x68 C:\Users\r\AppData\Local\Temp\ccBe6xbf.ltrans3.ltrans.o
 .debug_aranges
                0x00000220       0x30 C:\Users\r\AppData\Local\Temp\ccBe6xbf.ltrans4.ltrans.o
 .debug_aranges
                0x00000250       0x48 .\CortexM3\ARM_GCC_541\Release\geometry.o
 .debug_aranges
                0x00000298       0x40 .\CortexM3\ARM_GCC_541\Release\hidpacket.o
 .debug_aranges
                0x000002d8       0x20 .\CortexM3\ARM_GCC_541\Release\trace.o
 .debug_aranges
                0x000002f8       0x28 .\CortexM3\ARM_GCC_541\Release\cyfitter_cfg.o
 .debug_aranges
                0x00000320       0x18 .\CortexM3\ARM_GCC_541\Release\cybootloader.o
 .debug_aranges
                0x00000338       0x18 .\CortexM3\ARM_GCC_541\Release\cymetadata.o
 .debug_aranges
                0x00000350       0x48 .\CortexM3\ARM_GCC_541\Release\Cm3Start.o
 .debug_aranges
                0x00000398       0x70 .\CortexM3\ARM_GCC_541\Release\SCSI2SD.a(SD_Data_Clk.o)
 .debug_aranges
                0x00000408       0x28 .\CortexM3\ARM_GCC_541\Release\SCSI2SD.a(SCSI_CTL_PHASE.o)
 .debug_aranges
                0x00000430       0x38 .\CortexM3\ARM_GCC_541\Release\SCSI2SD.a(SD_CS.o)
 .debug_aranges
                0x00000468       0x38 .\CortexM3\ARM_GCC_541\Release\SCSI2SD.a(SD_SCK.o)
 .debug_aranges
                0x000004a0       0x38 .\CortexM3\ARM_GCC_541\Release\SCSI2SD.a(SD_MOSI.o)
 .debug_aranges
                0x000004d8       0x80 .\CortexM3\ARM_GCC_541\Release\SCSI2SD.a(SCSI_RST_ISR.o)
 .debug_aranges
                0x00000558       0x38 .\CortexM3\ARM_GCC_541\Release\SCSI2SD.a(LED1.o)
 .debug_aranges
                0x00000590       0xb0 .\CortexM3\ARM_GCC_541\Release\SCSI2SD.a(SDCard.o)
 .debug_aranges
                0x00000640       0x38 .\CortexM3\ARM_GCC_541\Release\SCSI2SD.a(SD_MISO.o)
 .debug_aranges
                0x00000678       0xc8 .\CortexM3\ARM_GCC_541\Release\SCSI2SD.a(USBFS.o)
 .debug_aranges
                0x00000740       0x98 .\CortexM3\ARM_GCC_541\Release\SCSI2SD.a(USBFS_drv.o)
 .debug_aranges
                0x000007d8       0x48 .\CortexM3\ARM_GCC_541\Release\SCSI2SD.a(USBFS_episr.o)
 .debug_aranges
                0x00000820       0x48 .\CortexM3\ARM_GCC_541\Release\SCSI2SD.a(USBFS_hid.o)
 .debug_aranges
                0x00000868       0x40 .\CortexM3\ARM_GCC_541\Release\SCSI2SD.a(USBFS_pm.o)
 .debug_aranges
                0x000008a8       0x78 .\CortexM3\ARM_GCC_541\Release\SCSI2SD.a(USBFS_std.o)
 .debug_aranges
                0x00000920       0x20 .\CortexM3\ARM_GCC_541\Release\SCSI2SD.a(USBFS_vnd.o)
 .debug_aranges
                0x00000940       0x28 .\CortexM3\ARM_GCC_541\Release\SCSI2SD.a(Bootloadable_1.o)
 .debug_aranges
                0x00000968       0x28 .\CortexM3\ARM_GCC_541\Release\SCSI2SD.a(SCSI_Out_Bits.o)
 .debug_aranges
                0x00000990       0x28 .\CortexM3\ARM_GCC_541\Release\SCSI2SD.a(SCSI_Out_Ctl.o)
 .debug_aranges
                0x000009b8       0x88 .\CortexM3\ARM_GCC_541\Release\SCSI2SD.a(Debug_Timer.o)
 .debug_aranges
                0x00000a40       0x80 .\CortexM3\ARM_GCC_541\Release\SCSI2SD.a(Debug_Timer_Interrupt.o)
 .debug_aranges
                0x00000ac0       0x28 .\CortexM3\ARM_GCC_541\Release\SCSI2SD.a(SCSI_TX_DMA_dma.o)
 .debug_aranges
                0x00000ae8       0x80 .\CortexM3\ARM_GCC_541\Release\SCSI2SD.a(SCSI_TX_DMA_COMPLETE.o)
 .debug_aranges
                0x00000b68       0x28 .\CortexM3\ARM_GCC_541\Release\SCSI2SD.a(SD_RX_DMA_dma.o)
 .debug_aranges
                0x00000b90       0x28 .\CortexM3\ARM_GCC_541\Release\SCSI2SD.a(SD_TX_DMA_dma.o)
 .debug_aranges
                0x00000bb8       0x80 .\CortexM3\ARM_GCC_541\Release\SCSI2SD.a(SD_RX_DMA_COMPLETE.o)
 .debug_aranges
                0x00000c38       0x80 .\CortexM3\ARM_GCC_541\Release\SCSI2SD.a(SD_TX_DMA_COMPLETE.o)
 .debug_aranges
                0x00000cb8       0x28 .\CortexM3\ARM_GCC_541\Release\SCSI2SD.a(SCSI_RX_DMA_dma.o)
 .debug_aranges
                0x00000ce0       0x80 .\CortexM3\ARM_GCC_541\Release\SCSI2SD.a(SCSI_RX_DMA_COMPLETE.o)
 .debug_aranges
                0x00000d60       0x40 .\CortexM3\ARM_GCC_541\Release\SCSI2SD.a(SCSI_Parity_Error.o)
 .debug_aranges
                0x00000da0       0x40 .\CortexM3\ARM_GCC_541\Release\SCSI2SD.a(SCSI_Filtered.o)
 .debug_aranges
                0x00000de0       0x38 .\CortexM3\ARM_GCC_541\Release\SCSI2SD.a(EXTLED.o)
 .debug_aranges
                0x00000e18       0x80 .\CortexM3\ARM_GCC_541\Release\SCSI2SD.a(SCSI_SEL_ISR.o)
 .debug_aranges
                0x00000e98       0x28 .\CortexM3\ARM_GCC_541\Release\SCSI2SD.a(SCSI_Glitch_Ctl.o)
 .debug_aranges
                0x00000ec0       0x48 .\CortexM3\ARM_GCC_541\Release\SCSI2SD.a(USBFS_Dp.o)
 .debug_aranges
                0x00000f08       0xd8 .\CortexM3\ARM_GCC_541\Release\SCSI2SD.a(CyDmac.o)
 .debug_aranges
                0x00000fe0       0x88 .\CortexM3\ARM_GCC_541\Release\SCSI2SD.a(CyFlash.o)
 .debug_aranges
                0x00001068      0x298 .\CortexM3\ARM_GCC_541\Release\SCSI2SD.a(CyLib.o)
 .debug_aranges
                0x00001300       0x78 .\CortexM3\ARM_GCC_541\Release\SCSI2SD.a(cyPm.o)
 .debug_aranges
                0x00001378       0x80 .\CortexM3\ARM_GCC_541\Release\SCSI2SD.a(CySpc.o)
 .debug_aranges
                0x000013f8       0x20 .\CortexM3\ARM_GCC_541\Release\SCSI2SD.a(CyBootAsmGnu.o)
 .debug_aranges
                0x00001418       0x20 .\CortexM3\ARM_GCC_541\Release\SCSI2SD.a(USBFS_cls.o)
 .debug_aranges
                0x00001438       0x18 .\CortexM3\ARM_GCC_541\Release\SCSI2SD.a(USBFS_descr.o)

.debug_pubnames
 *(.debug_pubnames)

.debug_info     0x00000000    0x11e46
 *(.debug_info .gnu.linkonce.wi.*)
 .debug_info    0x00000000     0x245d C:\Users\r\AppData\Local\Temp\ccBe6xbf.ltrans0.ltrans.o
 .debug_info    0x0000245d     0x1825 C:\Users\r\AppData\Local\Temp\ccBe6xbf.ltrans1.ltrans.o
 .debug_info    0x00003c82     0x13d6 C:\Users\r\AppData\Local\Temp\ccBe6xbf.ltrans2.ltrans.o
 .debug_info    0x00005058     0x1162 C:\Users\r\AppData\Local\Temp\ccBe6xbf.ltrans3.ltrans.o
 .debug_info    0x000061ba      0x220 C:\Users\r\AppData\Local\Temp\ccBe6xbf.ltrans4.ltrans.o
 .debug_info    0x000063da      0xa2b .\CortexM3\ARM_GCC_541\Release\geometry.o
 .debug_info    0x00006e05      0x36b .\CortexM3\ARM_GCC_541\Release\hidpacket.o
 .debug_info    0x00007170      0x445 .\CortexM3\ARM_GCC_541\Release\trace.o
 .debug_info    0x000075b5      0x9a7 .\CortexM3\ARM_GCC_541\Release\cyfitter_cfg.o
 .debug_info    0x00007f5c      0x16a .\CortexM3\ARM_GCC_541\Release\cybootloader.o
 .debug_info    0x000080c6       0xd2 .\CortexM3\ARM_GCC_541\Release\cymetadata.o
 .debug_info    0x00008198      0x3cb .\CortexM3\ARM_GCC_541\Release\Cm3Start.o
 .debug_info    0x00008563      0x29d .\CortexM3\ARM_GCC_541\Release\SCSI2SD.a(SD_Data_Clk.o)
 .debug_info    0x00008800       0xd6 .\CortexM3\ARM_GCC_541\Release\SCSI2SD.a(SCSI_CTL_PHASE.o)
 .debug_info    0x000088d6      0x121 .\CortexM3\ARM_GCC_541\Release\SCSI2SD.a(SD_CS.o)
 .debug_info    0x000089f7      0x121 .\CortexM3\ARM_GCC_541\Release\SCSI2SD.a(SD_SCK.o)
 .debug_info    0x00008b18      0x121 .\CortexM3\ARM_GCC_541\Release\SCSI2SD.a(SD_MOSI.o)
 .debug_info    0x00008c39      0x385 .\CortexM3\ARM_GCC_541\Release\SCSI2SD.a(SCSI_RST_ISR.o)
 .debug_info    0x00008fbe      0x121 .\CortexM3\ARM_GCC_541\Release\SCSI2SD.a(LED1.o)
 .debug_info    0x000090df      0x4b5 .\CortexM3\ARM_GCC_541\Release\SCSI2SD.a(SDCard.o)
 .debug_info    0x00009594      0x121 .\CortexM3\ARM_GCC_541\Release\SCSI2SD.a(SD_MISO.o)
 .debug_info    0x000096b5      0xa1e .\CortexM3\ARM_GCC_541\Release\SCSI2SD.a(USBFS.o)
 .debug_info    0x0000a0d3      0x699 .\CortexM3\ARM_GCC_541\Release\SCSI2SD.a(USBFS_drv.o)
 .debug_info    0x0000a76c      0x266 .\CortexM3\ARM_GCC_541\Release\SCSI2SD.a(USBFS_episr.o)
 .debug_info    0x0000a9d2      0x40e .\CortexM3\ARM_GCC_541\Release\SCSI2SD.a(USBFS_hid.o)
 .debug_info    0x0000ade0      0x2dd .\CortexM3\ARM_GCC_541\Release\SCSI2SD.a(USBFS_pm.o)
 .debug_info    0x0000b0bd      0xa83 .\CortexM3\ARM_GCC_541\Release\SCSI2SD.a(USBFS_std.o)
 .debug_info    0x0000bb40       0xed .\CortexM3\ARM_GCC_541\Release\SCSI2SD.a(USBFS_vnd.o)
 .debug_info    0x0000bc2d      0x1bf .\CortexM3\ARM_GCC_541\Release\SCSI2SD.a(Bootloadable_1.o)
 .debug_info    0x0000bdec       0xd6 .\CortexM3\ARM_GCC_541\Release\SCSI2SD.a(SCSI_Out_Bits.o)
 .debug_info    0x0000bec2       0xd6 .\CortexM3\ARM_GCC_541\Release\SCSI2SD.a(SCSI_Out_Ctl.o)
 .debug_info    0x0000bf98      0x2f5 .\CortexM3\ARM_GCC_541\Release\SCSI2SD.a(Debug_Timer.o)
 .debug_info    0x0000c28d      0x385 .\CortexM3\ARM_GCC_541\Release\SCSI2SD.a(Debug_Timer_Interrupt.o)
 .debug_info    0x0000c612      0x1a6 .\CortexM3\ARM_GCC_541\Release\SCSI2SD.a(SCSI_TX_DMA_dma.o)
 .debug_info    0x0000c7b8      0x385 .\CortexM3\ARM_GCC_541\Release\SCSI2SD.a(SCSI_TX_DMA_COMPLETE.o)
 .debug_info    0x0000cb3d      0x1a9 .\CortexM3\ARM_GCC_541\Release\SCSI2SD.a(SD_RX_DMA_dma.o)
 .debug_info    0x0000cce6      0x1a6 .\CortexM3\ARM_GCC_541\Release\SCSI2SD.a(SD_TX_DMA_dma.o)
 .debug_info    0x0000ce8c      0x385 .\CortexM3\ARM_GCC_541\Release\SCSI2SD.a(SD_RX_DMA_COMPLETE.o)
 .debug_info    0x0000d211      0x385 .\CortexM3\ARM_GCC_541\Release\SCSI2SD.a(SD_TX_DMA_COMPLETE.o)
 .debug_info    0x0000d596      0x1a6 .\CortexM3\ARM_GCC_541\Release\SCSI2SD.a(SCSI_RX_DMA_dma.o)
 .debug_info    0x0000d73c      0x385 .\CortexM3\ARM_GCC_541\Release\SCSI2SD.a(SCSI_RX_DMA_COMPLETE.o)
 .debug_info    0x0000dac1      0x17f .\CortexM3\ARM_GCC_541\Release\SCSI2SD.a(SCSI_Parity_Error.o)
 .debug_info    0x0000dc40      0x17f .\CortexM3\ARM_GCC_541\Release\SCSI2SD.a(SCSI_Filtered.o)
 .debug_info    0x0000ddbf      0x121 .\CortexM3\ARM_GCC_541\Release\SCSI2SD.a(EXTLED.o)
 .debug_info    0x0000dee0      0x385 .\CortexM3\ARM_GCC_541\Release\SCSI2SD.a(SCSI_SEL_ISR.o)
 .debug_info    0x0000e265       0xd6 .\CortexM3\ARM_GCC_541\Release\SCSI2SD.a(SCSI_Glitch_Ctl.o)
 .debug_info    0x0000e33b      0x174 .\CortexM3\ARM_GCC_541\Release\SCSI2SD.a(USBFS_Dp.o)
 .debug_info    0x0000e4af      0x941 .\CortexM3\ARM_GCC_541\Release\SCSI2SD.a(CyDmac.o)
 .debug_info    0x0000edf0      0x72e .\CortexM3\ARM_GCC_541\Release\SCSI2SD.a(CyFlash.o)
 .debug_info    0x0000f51e     0x1343 .\CortexM3\ARM_GCC_541\Release\SCSI2SD.a(CyLib.o)
 .debug_info    0x00010861      0x97e .\CortexM3\ARM_GCC_541\Release\SCSI2SD.a(cyPm.o)
 .debug_info    0x000111df      0x54e .\CortexM3\ARM_GCC_541\Release\SCSI2SD.a(CySpc.o)
 .debug_info    0x0001172d       0x8a .\CortexM3\ARM_GCC_541\Release\SCSI2SD.a(CyBootAsmGnu.o)
 .debug_info    0x000117b7      0x1de .\CortexM3\ARM_GCC_541\Release\SCSI2SD.a(USBFS_cls.o)
 .debug_info    0x00011995      0x4b1 .\CortexM3\ARM_GCC_541\Release\SCSI2SD.a(USBFS_descr.o)

.debug_abbrev   0x00000000     0x5516
 *(.debug_abbrev)
 .debug_abbrev  0x00000000      0x3b5 C:\Users\r\AppData\Local\Temp\ccBe6xbf.ltrans0.ltrans.o
 .debug_abbrev  0x000003b5      0x5d2 C:\Users\r\AppData\Local\Temp\ccBe6xbf.ltrans1.ltrans.o
 .debug_abbrev  0x00000987      0x50c C:\Users\r\AppData\Local\Temp\ccBe6xbf.ltrans2.ltrans.o
 .debug_abbrev  0x00000e93      0x3fd C:\Users\r\AppData\Local\Temp\ccBe6xbf.ltrans3.ltrans.o
 .debug_abbrev  0x00001290      0x152 C:\Users\r\AppData\Local\Temp\ccBe6xbf.ltrans4.ltrans.o
 .debug_abbrev  0x000013e2      0x273 .\CortexM3\ARM_GCC_541\Release\geometry.o
 .debug_abbrev  0x00001655      0x19a .\CortexM3\ARM_GCC_541\Release\hidpacket.o
 .debug_abbrev  0x000017ef      0x122 .\CortexM3\ARM_GCC_541\Release\trace.o
 .debug_abbrev  0x00001911      0x255 .\CortexM3\ARM_GCC_541\Release\cyfitter_cfg.o
 .debug_abbrev  0x00001b66       0x77 .\CortexM3\ARM_GCC_541\Release\cybootloader.o
 .debug_abbrev  0x00001bdd       0x5d .\CortexM3\ARM_GCC_541\Release\cymetadata.o
 .debug_abbrev  0x00001c3a      0x1f4 .\CortexM3\ARM_GCC_541\Release\Cm3Start.o
 .debug_abbrev  0x00001e2e      0x144 .\CortexM3\ARM_GCC_541\Release\SCSI2SD.a(SD_Data_Clk.o)
 .debug_abbrev  0x00001f72       0x81 .\CortexM3\ARM_GCC_541\Release\SCSI2SD.a(SCSI_CTL_PHASE.o)
 .debug_abbrev  0x00001ff3       0x90 .\CortexM3\ARM_GCC_541\Release\SCSI2SD.a(SD_CS.o)
 .debug_abbrev  0x00002083       0x90 .\CortexM3\ARM_GCC_541\Release\SCSI2SD.a(SD_SCK.o)
 .debug_abbrev  0x00002113       0x90 .\CortexM3\ARM_GCC_541\Release\SCSI2SD.a(SD_MOSI.o)
 .debug_abbrev  0x000021a3      0x212 .\CortexM3\ARM_GCC_541\Release\SCSI2SD.a(SCSI_RST_ISR.o)
 .debug_abbrev  0x000023b5       0x90 .\CortexM3\ARM_GCC_541\Release\SCSI2SD.a(LED1.o)
 .debug_abbrev  0x00002445      0x1e4 .\CortexM3\ARM_GCC_541\Release\SCSI2SD.a(SDCard.o)
 .debug_abbrev  0x00002629       0x90 .\CortexM3\ARM_GCC_541\Release\SCSI2SD.a(SD_MISO.o)
 .debug_abbrev  0x000026b9      0x286 .\CortexM3\ARM_GCC_541\Release\SCSI2SD.a(USBFS.o)
 .debug_abbrev  0x0000293f      0x1fd .\CortexM3\ARM_GCC_541\Release\SCSI2SD.a(USBFS_drv.o)
 .debug_abbrev  0x00002b3c      0x11e .\CortexM3\ARM_GCC_541\Release\SCSI2SD.a(USBFS_episr.o)
 .debug_abbrev  0x00002c5a      0x17b .\CortexM3\ARM_GCC_541\Release\SCSI2SD.a(USBFS_hid.o)
 .debug_abbrev  0x00002dd5      0x10b .\CortexM3\ARM_GCC_541\Release\SCSI2SD.a(USBFS_pm.o)
 .debug_abbrev  0x00002ee0      0x29a .\CortexM3\ARM_GCC_541\Release\SCSI2SD.a(USBFS_std.o)
 .debug_abbrev  0x0000317a       0x9b .\CortexM3\ARM_GCC_541\Release\SCSI2SD.a(USBFS_vnd.o)
 .debug_abbrev  0x00003215       0xe9 .\CortexM3\ARM_GCC_541\Release\SCSI2SD.a(Bootloadable_1.o)
 .debug_abbrev  0x000032fe       0x81 .\CortexM3\ARM_GCC_541\Release\SCSI2SD.a(SCSI_Out_Bits.o)
 .debug_abbrev  0x0000337f       0x81 .\CortexM3\ARM_GCC_541\Release\SCSI2SD.a(SCSI_Out_Ctl.o)
 .debug_abbrev  0x00003400      0x181 .\CortexM3\ARM_GCC_541\Release\SCSI2SD.a(Debug_Timer.o)
 .debug_abbrev  0x00003581      0x212 .\CortexM3\ARM_GCC_541\Release\SCSI2SD.a(Debug_Timer_Interrupt.o)
 .debug_abbrev  0x00003793       0xd0 .\CortexM3\ARM_GCC_541\Release\SCSI2SD.a(SCSI_TX_DMA_dma.o)
 .debug_abbrev  0x00003863      0x212 .\CortexM3\ARM_GCC_541\Release\SCSI2SD.a(SCSI_TX_DMA_COMPLETE.o)
 .debug_abbrev  0x00003a75       0xd0 .\CortexM3\ARM_GCC_541\Release\SCSI2SD.a(SD_RX_DMA_dma.o)
 .debug_abbrev  0x00003b45       0xd0 .\CortexM3\ARM_GCC_541\Release\SCSI2SD.a(SD_TX_DMA_dma.o)
 .debug_abbrev  0x00003c15      0x212 .\CortexM3\ARM_GCC_541\Release\SCSI2SD.a(SD_RX_DMA_COMPLETE.o)
 .debug_abbrev  0x00003e27      0x212 .\CortexM3\ARM_GCC_541\Release\SCSI2SD.a(SD_TX_DMA_COMPLETE.o)
 .debug_abbrev  0x00004039       0xd0 .\CortexM3\ARM_GCC_541\Release\SCSI2SD.a(SCSI_RX_DMA_dma.o)
 .debug_abbrev  0x00004109      0x212 .\CortexM3\ARM_GCC_541\Release\SCSI2SD.a(SCSI_RX_DMA_COMPLETE.o)
 .debug_abbrev  0x0000431b       0xba .\CortexM3\ARM_GCC_541\Release\SCSI2SD.a(SCSI_Parity_Error.o)
 .debug_abbrev  0x000043d5       0xba .\CortexM3\ARM_GCC_541\Release\SCSI2SD.a(SCSI_Filtered.o)
 .debug_abbrev  0x0000448f       0x90 .\CortexM3\ARM_GCC_541\Release\SCSI2SD.a(EXTLED.o)
 .debug_abbrev  0x0000451f      0x212 .\CortexM3\ARM_GCC_541\Release\SCSI2SD.a(SCSI_SEL_ISR.o)
 .debug_abbrev  0x00004731       0x81 .\CortexM3\ARM_GCC_541\Release\SCSI2SD.a(SCSI_Glitch_Ctl.o)
 .debug_abbrev  0x000047b2       0x9f .\CortexM3\ARM_GCC_541\Release\SCSI2SD.a(USBFS_Dp.o)
 .debug_abbrev  0x00004851      0x1d6 .\CortexM3\ARM_GCC_541\Release\SCSI2SD.a(CyDmac.o)
 .debug_abbrev  0x00004a27      0x235 .\CortexM3\ARM_GCC_541\Release\SCSI2SD.a(CyFlash.o)
 .debug_abbrev  0x00004c5c      0x390 .\CortexM3\ARM_GCC_541\Release\SCSI2SD.a(CyLib.o)
 .debug_abbrev  0x00004fec      0x1d5 .\CortexM3\ARM_GCC_541\Release\SCSI2SD.a(cyPm.o)
 .debug_abbrev  0x000051c1      0x1a2 .\CortexM3\ARM_GCC_541\Release\SCSI2SD.a(CySpc.o)
 .debug_abbrev  0x00005363       0x14 .\CortexM3\ARM_GCC_541\Release\SCSI2SD.a(CyBootAsmGnu.o)
 .debug_abbrev  0x00005377       0xe4 .\CortexM3\ARM_GCC_541\Release\SCSI2SD.a(USBFS_cls.o)
 .debug_abbrev  0x0000545b       0xbb .\CortexM3\ARM_GCC_541\Release\SCSI2SD.a(USBFS_descr.o)

.debug_line     0x00000000     0x6151
 *(.debug_line)
 .debug_line    0x00000000      0x9ca C:\Users\r\AppData\Local\Temp\ccBe6xbf.ltrans0.ltrans.o
 .debug_line    0x000009ca      0x5e6 C:\Users\r\AppData\Local\Temp\ccBe6xbf.ltrans1.ltrans.o
 .debug_line    0x00000fb0      0x60f C:\Users\r\AppData\Local\Temp\ccBe6xbf.ltrans2.ltrans.o
 .debug_line    0x000015bf      0x454 C:\Users\r\AppData\Local\Temp\ccBe6xbf.ltrans3.ltrans.o
 .debug_line    0x00001a13       0xa5 C:\Users\r\AppData\Local\Temp\ccBe6xbf.ltrans4.ltrans.o
 .debug_line    0x00001ab8      0x259 .\CortexM3\ARM_GCC_541\Release\geometry.o
 .debug_line    0x00001d11      0x2f2 .\CortexM3\ARM_GCC_541\Release\hidpacket.o
 .debug_line    0x00002003      0x18a .\CortexM3\ARM_GCC_541\Release\trace.o
 .debug_line    0x0000218d      0x1b5 .\CortexM3\ARM_GCC_541\Release\cyfitter_cfg.o
 .debug_line    0x00002342       0x53 .\CortexM3\ARM_GCC_541\Release\cybootloader.o
 .debug_line    0x00002395      0x141 .\CortexM3\ARM_GCC_541\Release\cymetadata.o
 .debug_line    0x000024d6      0x22a .\CortexM3\ARM_GCC_541\Release\Cm3Start.o
 .debug_line    0x00002700      0x1af .\CortexM3\ARM_GCC_541\Release\SCSI2SD.a(SD_Data_Clk.o)
 .debug_line    0x000028af       0x76 .\CortexM3\ARM_GCC_541\Release\SCSI2SD.a(SCSI_CTL_PHASE.o)
 .debug_line    0x00002925       0x94 .\CortexM3\ARM_GCC_541\Release\SCSI2SD.a(SD_CS.o)
 .debug_line    0x000029b9       0x95 .\CortexM3\ARM_GCC_541\Release\SCSI2SD.a(SD_SCK.o)
 .debug_line    0x00002a4e       0x96 .\CortexM3\ARM_GCC_541\Release\SCSI2SD.a(SD_MOSI.o)
 .debug_line    0x00002ae4      0x15c .\CortexM3\ARM_GCC_541\Release\SCSI2SD.a(SCSI_RST_ISR.o)
 .debug_line    0x00002c40       0x93 .\CortexM3\ARM_GCC_541\Release\SCSI2SD.a(LED1.o)
 .debug_line    0x00002cd3      0x206 .\CortexM3\ARM_GCC_541\Release\SCSI2SD.a(SDCard.o)
 .debug_line    0x00002ed9       0x96 .\CortexM3\ARM_GCC_541\Release\SCSI2SD.a(SD_MISO.o)
 .debug_line    0x00002f6f      0x2fd .\CortexM3\ARM_GCC_541\Release\SCSI2SD.a(USBFS.o)
 .debug_line    0x0000326c      0x22c .\CortexM3\ARM_GCC_541\Release\SCSI2SD.a(USBFS_drv.o)
 .debug_line    0x00003498       0xfa .\CortexM3\ARM_GCC_541\Release\SCSI2SD.a(USBFS_episr.o)
 .debug_line    0x00003592      0x178 .\CortexM3\ARM_GCC_541\Release\SCSI2SD.a(USBFS_hid.o)
 .debug_line    0x0000370a      0x137 .\CortexM3\ARM_GCC_541\Release\SCSI2SD.a(USBFS_pm.o)
 .debug_line    0x00003841      0x372 .\CortexM3\ARM_GCC_541\Release\SCSI2SD.a(USBFS_std.o)
 .debug_line    0x00003bb3       0x75 .\CortexM3\ARM_GCC_541\Release\SCSI2SD.a(USBFS_vnd.o)
 .debug_line    0x00003c28       0xb8 .\CortexM3\ARM_GCC_541\Release\SCSI2SD.a(Bootloadable_1.o)
 .debug_line    0x00003ce0       0x75 .\CortexM3\ARM_GCC_541\Release\SCSI2SD.a(SCSI_Out_Bits.o)
 .debug_line    0x00003d55       0x74 .\CortexM3\ARM_GCC_541\Release\SCSI2SD.a(SCSI_Out_Ctl.o)
 .debug_line    0x00003dc9      0x162 .\CortexM3\ARM_GCC_541\Release\SCSI2SD.a(Debug_Timer.o)
 .debug_line    0x00003f2b      0x165 .\CortexM3\ARM_GCC_541\Release\SCSI2SD.a(Debug_Timer_Interrupt.o)
 .debug_line    0x00004090       0x8b .\CortexM3\ARM_GCC_541\Release\SCSI2SD.a(SCSI_TX_DMA_dma.o)
 .debug_line    0x0000411b      0x164 .\CortexM3\ARM_GCC_541\Release\SCSI2SD.a(SCSI_TX_DMA_COMPLETE.o)
 .debug_line    0x0000427f       0x89 .\CortexM3\ARM_GCC_541\Release\SCSI2SD.a(SD_RX_DMA_dma.o)
 .debug_line    0x00004308       0x89 .\CortexM3\ARM_GCC_541\Release\SCSI2SD.a(SD_TX_DMA_dma.o)
 .debug_line    0x00004391      0x162 .\CortexM3\ARM_GCC_541\Release\SCSI2SD.a(SD_RX_DMA_COMPLETE.o)
 .debug_line    0x000044f3      0x162 .\CortexM3\ARM_GCC_541\Release\SCSI2SD.a(SD_TX_DMA_COMPLETE.o)
 .debug_line    0x00004655       0x8b .\CortexM3\ARM_GCC_541\Release\SCSI2SD.a(SCSI_RX_DMA_dma.o)
 .debug_line    0x000046e0      0x164 .\CortexM3\ARM_GCC_541\Release\SCSI2SD.a(SCSI_RX_DMA_COMPLETE.o)
 .debug_line    0x00004844       0xc0 .\CortexM3\ARM_GCC_541\Release\SCSI2SD.a(SCSI_Parity_Error.o)
 .debug_line    0x00004904       0xbc .\CortexM3\ARM_GCC_541\Release\SCSI2SD.a(SCSI_Filtered.o)
 .debug_line    0x000049c0       0x95 .\CortexM3\ARM_GCC_541\Release\SCSI2SD.a(EXTLED.o)
 .debug_line    0x00004a55      0x15c .\CortexM3\ARM_GCC_541\Release\SCSI2SD.a(SCSI_SEL_ISR.o)
 .debug_line    0x00004bb1       0x77 .\CortexM3\ARM_GCC_541\Release\SCSI2SD.a(SCSI_Glitch_Ctl.o)
 .debug_line    0x00004c28       0xbb .\CortexM3\ARM_GCC_541\Release\SCSI2SD.a(USBFS_Dp.o)
 .debug_line    0x00004ce3      0x2e6 .\CortexM3\ARM_GCC_541\Release\SCSI2SD.a(CyDmac.o)
 .debug_line    0x00004fc9      0x215 .\CortexM3\ARM_GCC_541\Release\SCSI2SD.a(CyFlash.o)
 .debug_line    0x000051de      0x7fc .\CortexM3\ARM_GCC_541\Release\SCSI2SD.a(CyLib.o)
 .debug_line    0x000059da      0x3be .\CortexM3\ARM_GCC_541\Release\SCSI2SD.a(cyPm.o)
 .debug_line    0x00005d98      0x26a .\CortexM3\ARM_GCC_541\Release\SCSI2SD.a(CySpc.o)
 .debug_line    0x00006002       0x66 .\CortexM3\ARM_GCC_541\Release\SCSI2SD.a(CyBootAsmGnu.o)
 .debug_line    0x00006068       0x8c .\CortexM3\ARM_GCC_541\Release\SCSI2SD.a(USBFS_cls.o)
 .debug_line    0x000060f4       0x5d .\CortexM3\ARM_GCC_541\Release\SCSI2SD.a(USBFS_descr.o)

.debug_frame    0x00000000     0x300c
 *(.debug_frame)
 .debug_frame   0x00000000       0x2c C:\Users\r\AppData\Local\Temp\ccBe6xbf.ltrans0.ltrans.o
 .debug_frame   0x0000002c      0x308 C:\Users\r\AppData\Local\Temp\ccBe6xbf.ltrans1.ltrans.o
 .debug_frame   0x00000334      0x228 C:\Users\r\AppData\Local\Temp\ccBe6xbf.ltrans2.ltrans.o
 .debug_frame   0x0000055c      0x13c C:\Users\r\AppData\Local\Temp\ccBe6xbf.ltrans3.ltrans.o
 .debug_frame   0x00000698       0x58 C:\Users\r\AppData\Local\Temp\ccBe6xbf.ltrans4.ltrans.o
 .debug_frame   0x000006f0       0xd0 .\CortexM3\ARM_GCC_541\Release\geometry.o
 .debug_frame   0x000007c0       0xc0 .\CortexM3\ARM_GCC_541\Release\hidpacket.o
 .debug_frame   0x00000880       0x20 .\CortexM3\ARM_GCC_541\Release\trace.o
 .debug_frame   0x000008a0       0x48 .\CortexM3\ARM_GCC_541\Release\cyfitter_cfg.o
 .debug_frame   0x000008e8       0xbc .\CortexM3\ARM_GCC_541\Release\Cm3Start.o
 .debug_frame   0x000009a4       0xe0 .\CortexM3\ARM_GCC_541\Release\SCSI2SD.a(SD_Data_Clk.o)
 .debug_frame   0x00000a84       0x30 .\CortexM3\ARM_GCC_541\Release\SCSI2SD.a(SCSI_CTL_PHASE.o)
 .debug_frame   0x00000ab4       0x50 .\CortexM3\ARM_GCC_541\Release\SCSI2SD.a(SD_CS.o)
 .debug_frame   0x00000b04       0x50 .\CortexM3\ARM_GCC_541\Release\SCSI2SD.a(SD_SCK.o)
 .debug_frame   0x00000b54       0x50 .\CortexM3\ARM_GCC_541\Release\SCSI2SD.a(SD_MOSI.o)
 .debug_frame   0x00000ba4       0xe0 .\CortexM3\ARM_GCC_541\Release\SCSI2SD.a(SCSI_RST_ISR.o)
 .debug_frame   0x00000c84       0x50 .\CortexM3\ARM_GCC_541\Release\SCSI2SD.a(LED1.o)
 .debug_frame   0x00000cd4      0x1f8 .\CortexM3\ARM_GCC_541\Release\SCSI2SD.a(SDCard.o)
 .debug_frame   0x00000ecc       0x50 .\CortexM3\ARM_GCC_541\Release\SCSI2SD.a(SD_MISO.o)
 .debug_frame   0x00000f1c      0x1f0 .\CortexM3\ARM_GCC_541\Release\SCSI2SD.a(USBFS.o)
 .debug_frame   0x0000110c      0x1a0 .\CortexM3\ARM_GCC_541\Release\SCSI2SD.a(USBFS_drv.o)
 .debug_frame   0x000012ac       0x70 .\CortexM3\ARM_GCC_541\Release\SCSI2SD.a(USBFS_episr.o)
 .debug_frame   0x0000131c       0xd4 .\CortexM3\ARM_GCC_541\Release\SCSI2SD.a(USBFS_hid.o)
 .debug_frame   0x000013f0       0xa8 .\CortexM3\ARM_GCC_541\Release\SCSI2SD.a(USBFS_pm.o)
 .debug_frame   0x00001498      0x1ec .\CortexM3\ARM_GCC_541\Release\SCSI2SD.a(USBFS_std.o)
 .debug_frame   0x00001684       0x20 .\CortexM3\ARM_GCC_541\Release\SCSI2SD.a(USBFS_vnd.o)
 .debug_frame   0x000016a4       0x4c .\CortexM3\ARM_GCC_541\Release\SCSI2SD.a(Bootloadable_1.o)
 .debug_frame   0x000016f0       0x30 .\CortexM3\ARM_GCC_541\Release\SCSI2SD.a(SCSI_Out_Bits.o)
 .debug_frame   0x00001720       0x30 .\CortexM3\ARM_GCC_541\Release\SCSI2SD.a(SCSI_Out_Ctl.o)
 .debug_frame   0x00001750      0x100 .\CortexM3\ARM_GCC_541\Release\SCSI2SD.a(Debug_Timer.o)
 .debug_frame   0x00001850       0xe0 .\CortexM3\ARM_GCC_541\Release\SCSI2SD.a(Debug_Timer_Interrupt.o)
 .debug_frame   0x00001930       0x44 .\CortexM3\ARM_GCC_541\Release\SCSI2SD.a(SCSI_TX_DMA_dma.o)
 .debug_frame   0x00001974       0xe0 .\CortexM3\ARM_GCC_541\Release\SCSI2SD.a(SCSI_TX_DMA_COMPLETE.o)
 .debug_frame   0x00001a54       0x48 .\CortexM3\ARM_GCC_541\Release\SCSI2SD.a(SD_RX_DMA_dma.o)
 .debug_frame   0x00001a9c       0x44 .\CortexM3\ARM_GCC_541\Release\SCSI2SD.a(SD_TX_DMA_dma.o)
 .debug_frame   0x00001ae0       0xe0 .\CortexM3\ARM_GCC_541\Release\SCSI2SD.a(SD_RX_DMA_COMPLETE.o)
 .debug_frame   0x00001bc0       0xe0 .\CortexM3\ARM_GCC_541\Release\SCSI2SD.a(SD_TX_DMA_COMPLETE.o)
 .debug_frame   0x00001ca0       0x44 .\CortexM3\ARM_GCC_541\Release\SCSI2SD.a(SCSI_RX_DMA_dma.o)
 .debug_frame   0x00001ce4       0xe0 .\CortexM3\ARM_GCC_541\Release\SCSI2SD.a(SCSI_RX_DMA_COMPLETE.o)
 .debug_frame   0x00001dc4       0x80 .\CortexM3\ARM_GCC_541\Release\SCSI2SD.a(SCSI_Parity_Error.o)
 .debug_frame   0x00001e44       0x80 .\CortexM3\ARM_GCC_541\Release\SCSI2SD.a(SCSI_Filtered.o)
 .debug_frame   0x00001ec4       0x50 .\CortexM3\ARM_GCC_541\Release\SCSI2SD.a(EXTLED.o)
 .debug_frame   0x00001f14       0xe0 .\CortexM3\ARM_GCC_541\Release\SCSI2SD.a(SCSI_SEL_ISR.o)
 .debug_frame   0x00001ff4       0x30 .\CortexM3\ARM_GCC_541\Release\SCSI2SD.a(SCSI_Glitch_Ctl.o)
 .debug_frame   0x00002024       0x70 .\CortexM3\ARM_GCC_541\Release\SCSI2SD.a(USBFS_Dp.o)
 .debug_frame   0x00002094      0x200 .\CortexM3\ARM_GCC_541\Release\SCSI2SD.a(CyDmac.o)
 .debug_frame   0x00002294      0x194 .\CortexM3\ARM_GCC_541\Release\SCSI2SD.a(CyFlash.o)
 .debug_frame   0x00002428      0x6f8 .\CortexM3\ARM_GCC_541\Release\SCSI2SD.a(CyLib.o)
 .debug_frame   0x00002b20      0x1c8 .\CortexM3\ARM_GCC_541\Release\SCSI2SD.a(cyPm.o)
 .debug_frame   0x00002ce8      0x194 .\CortexM3\ARM_GCC_541\Release\SCSI2SD.a(CySpc.o)
 .debug_frame   0x00002e7c       0x20 .\CortexM3\ARM_GCC_541\Release\SCSI2SD.a(USBFS_cls.o)
 .debug_frame   0x00002e9c       0x2c c:/program files (x86)/cypress/psoc creator/4.2/psoc creator/import/gnu/arm/5.4.1/bin/../lib/gcc/arm-none-eabi/5.4.1/armv7-m\libgcc.a(_aeabi_uldivmod.o)
 .debug_frame   0x00002ec8       0x38 c:/program files (x86)/cypress/psoc creator/4.2/psoc creator/import/gnu/arm/5.4.1/bin/../lib/gcc/arm-none-eabi/5.4.1/armv7-m\libgcc.a(_udivmoddi4.o)
 .debug_frame   0x00002f00       0x20 c:/program files (x86)/cypress/psoc creator/4.2/psoc creator/import/gnu/arm/5.4.1/bin/../lib/gcc/arm-none-eabi/5.4.1/../../../../arm-none-eabi/lib/armv7-m\libg_nano.a(lib_a-errno.o)
 .debug_frame   0x00002f20       0x28 c:/program files (x86)/cypress/psoc creator/4.2/psoc creator/import/gnu/arm/5.4.1/bin/../lib/gcc/arm-none-eabi/5.4.1/../../../../arm-none-eabi/lib/armv7-m\libg_nano.a(lib_a-exit.o)
 .debug_frame   0x00002f48       0x2c c:/program files (x86)/cypress/psoc creator/4.2/psoc creator/import/gnu/arm/5.4.1/bin/../lib/gcc/arm-none-eabi/5.4.1/../../../../arm-none-eabi/lib/armv7-m\libg_nano.a(lib_a-init.o)
 .debug_frame   0x00002f74       0x28 c:/program files (x86)/cypress/psoc creator/4.2/psoc creator/import/gnu/arm/5.4.1/bin/../lib/gcc/arm-none-eabi/5.4.1/../../../../arm-none-eabi/lib/armv7-m\libg_nano.a(lib_a-memcpy-stub.o)